07-11 20:28:21.880  1307  6268 V WindowManager:   pfl=1e020040
07-11 20:28:21.880  1307  6268 V WindowManager:   vsysui=1700
07-11 20:28:21.880  1307  6268 V WindowManager:   bhv=SHOW_TRANSIENT_BARS_BY_SWIPE
07-11 20:28:21.880  1307  6268 V WindowManager:   fitSides= naviIconColor=0}
07-11 20:28:21.881  3044  3044 I ViewRootImpl@7d76fce[LauncherActivity]: Relayout returned: old=(0,0,1080,2400) new=(0,0,1080,2400) req=(1080,2400)8 dur=3 res=0x2 s={false 0x0} ch=false seqId=0
07-11 20:28:21.881  3044  3044 W PageOverlayMover: isMoving : false
07-11 20:28:21.881  3044  3044 I SPayUpdater: updateSpayHandler launcher activity is paused true
07-11 20:28:21.881  3044  3044 I RecentsView: Skip loading task enabled : false  changeId : -1
07-11 20:28:21.881  3044  3044 I RecentsOrientedState: current RecentsOrientedState: [this=RecentsOrientedState@252119947 mOrientationHandler=PortraitPagedViewHandler@67531880 mDisplayRotation=0 mTouchRotation=0 mRecentsActivityRotation=0 mRecentsRotation=0 isRecentsActivityRotationAllowed=false mSystemRotation=false mStateId=37248 mFlags=291]
07-11 20:28:21.881  3044  3044 I SPayUpdater: updateSpayHandler launcher activity is paused true
07-11 20:28:21.882  1307  1366 E WindowManager: win=Window{33af6b7 u0 com.sec.android.app.launcher/com.sec.android.app.launcher.activities.LauncherActivity} destroySurfaces: appStopped=true cleanupOnResume=false win.mWindowRemovalAllowed=false win.mRemoveOnExit=false win.mViewVisibility=8 caller=com.android.server.wm.ActivityRecord.destroySurfaces:6539 com.android.server.wm.ActivityRecord.destroySurfaces:6520 com.android.server.wm.ActivityRecord.notifyAppStopped:6584 com.android.server.wm.ActivityRecord.activityStopped:7172 com.android.server.wm.ActivityClientController.activityStopped:269 android.app.IActivityClientController$Stub.onTransact:613 com.android.server.wm.ActivityClientController.onTransact:147 
07-11 20:28:21.882  1307  1366 I WindowManager: Destroying surface Surface(name=com.sec.android.app.launcher/com.sec.android.app.launcher.activities.LauncherActivity$_3044)/@0xac4b0b8 called by com.android.server.wm.WindowStateAnimator.destroySurface:942 com.android.server.wm.WindowStateAnimator.destroySurfaceLocked:536 com.android.server.wm.WindowState.destroySurfaceUnchecked:4309 com.android.server.wm.WindowState.destroySurface:4283 com.android.server.wm.ActivityRecord.destroySurfaces:6539 com.android.server.wm.ActivityRecord.destroySurfaces:6520 com.android.server.wm.ActivityRecord.notifyAppStopped:6584 com.android.server.wm.ActivityRecord.activityStopped:7172 
07-11 20:28:21.882  1307  1366 D ActivityTaskManager: mStartingWindow and mStartingData is null for token=ActivityRecord{a2d9e42 u0 com.sec.android.app.launcher/.activities.LauncherActivity} t7}
07-11 20:28:21.884 13310 13333 I SAMSUNGWALLET[US]: [ProcessStatusChange] fg Change, pid : 3044 , isNotify : true , isForeground : false , fg list : [1822]
07-11 20:28:21.884 13310 13333 I SAMSUNGWALLET: [Hint_ProcessStatusChange] fg Change, pid : 3044 , isNotify : true , isForeground : false , fg list : []
07-11 20:28:21.884  1307  1634 D Native_CFMS: CFMS Delete Task Tid(3044)
07-11 20:28:21.884 13310 23531 I SAMSUNGWALLET[US]: [ProcessStatusChange] fg Change, pid : 3044 , isNotify : false , isForeground : false , fg list : [1822]
07-11 20:28:21.884 13310 23531 I SAMSUNGWALLET: [Hint_ProcessStatusChange] fg Change, pid : 3044 , isNotify : true , isForeground : false , fg list : []
07-11 20:28:21.885 13310 13333 I SAMSUNGWALLET[US]: [ProcessStatusChange] fg Change, pid : 3044 , isNotify : false , isForeground : false , fg list : [1822]
07-11 20:28:21.885  1307  3703 D FreecessController: com.google.android.documentsui(state: Initial -> Freezeable, Reason: uidIdle)
07-11 20:28:21.885 13310 13333 I SAMSUNGWALLET: [Hint_ProcessStatusChange] fg Change, pid : 3044 , isNotify : true , isForeground : false , fg list : []
07-11 20:28:21.885  1307  3703 D FreecessController: com.samsung.android.goodlock(state: Initial -> Freezeable, Reason: uidIdle)
07-11 20:28:21.885  1307  3703 D FreecessController: com.brave.browser(state: Initial -> Freezeable, Reason: uidIdle)
07-11 20:28:21.885  3044  3082 I LauncherProvider: External provider call by package : com.samsung.android.spay  for method : get_rotation_state
07-11 20:28:21.885  3044  3082 I ExternalMethodFactory: get_rotation_state
07-11 20:28:21.886 13310 15501 I SAMSUNGWALLET: [Hint_PayHintService] mIsLauncherPortraitOnlyMode: true, mIsUserLock: false
07-11 20:28:21.886 13310 15384 I SAMSUNGWALLET[US]: [ProcessMonitor] App went to background.
07-11 20:28:21.886  1140  1140 I Layer   : id=4067 removedFromDrawingState com.sec.android.app.launcher/com.sec.android.app.launcher.activities.LauncherActivity$_3044#4067 (131)
07-11 20:28:21.886  1140  1140 I SurfaceFlinger: id=4067 Removed com.sec.android.app.launcher/com.sec.android.app.launcher.activities.LauncherActivity$_3044#4067 (131)
07-11 20:28:21.887  1140  1140 I Layer   : id=4067 Destroyed com.sec.android.app.launcher/com.sec.android.app.launcher.activities.LauncherActivity$_3044#4067
07-11 20:28:21.887  3044  3277 I LauncherProvider: External provider call by package : com.samsung.android.spay  for method : get_rotation_state
07-11 20:28:21.887  3044  3277 I ExternalMethodFactory: get_rotation_state
07-11 20:28:21.887 13310 15501 I SAMSUNGWALLET: [Hint_PayHintService] mIsLauncherPortraitOnlyMode: true, mIsUserLock: false
07-11 20:28:21.888 13310 13310 I SAMSUNGWALLET: [Hint_PayHintService] Hint Status - already invisible, skip hide : [4000000] - Disable on home
07-11 20:28:21.889  3044  3277 I LauncherProvider: External provider call by package : com.samsung.android.spay  for method : get_rotation_state
07-11 20:28:21.889  3044  3277 I ExternalMethodFactory: get_rotation_state
07-11 20:28:21.889 13310 13310 I SAMSUNGWALLET: [Hint_PayHintService] Hint Status - already invisible, skip hide : [4000000] - Disable on home
07-11 20:28:21.889 13310 15501 I SAMSUNGWALLET: [Hint_PayHintService] mIsLauncherPortraitOnlyMode: true, mIsUserLock: false
07-11 20:28:21.890  1307  1634 D Native_CFMS: CFMS Delete Task Tid(6375)
07-11 20:28:21.890  1307  1634 D Native_CFMS: CFMS Delete Task Tid(6376)
07-11 20:28:21.890  1307  1634 D Native_CFMS: CFMS Delete Task Tid(6077)
07-11 20:28:21.890  1307  1634 D Native_CFMS: CFMS Delete Task Tid(1822)
07-11 20:28:21.891  1307  1634 D Native_CFMS: CFMS Delete Task Tid(4686)
07-11 20:28:21.891 13310 13310 I SAMSUNGWALLET: [Hint_PayHintService] Hint Status - already invisible, skip hide : [4000000] - Disable on home
07-11 20:28:21.891  1307  1634 D Native_CFMS: CFMS Delete Task Tid(4702)
07-11 20:28:21.891  1307  1634 D Native_CFMS: CFMS Delete Task Tid(4703)
07-11 20:28:21.891  1307  1634 D Native_CFMS: CFMS Add Task Tid(1822)
07-11 20:28:21.891  1307  1634 D Native_CFMS: CFMS Add Task Tid(4686)
07-11 20:28:21.891  1307  1634 D Native_CFMS: CFMS Add Task Tid(4703)
07-11 20:28:21.891  1307  1634 D Native_CFMS: CFMS Add Task Tid(4702)
07-11 20:28:21.908  2520  2520 V NavigationBar: onRotationProposal proposedRotation=-1, isValid=false, mNavBarWindowState=WINDOW_STATE_SHOWING, rotateSuggestionsDisabled=false, isRotateButtonVisible=false
07-11 20:28:21.925  1822  1822 W View    : requestLayout() improperly called by androidx.appcompat.widget.ActionMenuView{8768090 V.E...... ......ID 816,0-1080,168} during layout: running second layout pass
07-11 20:28:21.931  1822  1822 W RecyclerView: No adapter attached; skipping layout
07-11 20:28:21.932  6365  6365 I cbfe    : onPause
07-11 20:28:22.014  1307  2788 D MdnieScenarioControlService:  packageName : com.whatsapp    className : com.whatsapp.home.ui.HomeActivity
07-11 20:28:22.016  1822  4737 V MediaMetadataRetriever: constructor
07-11 20:28:22.017  1295 25373 V MetadataRetrieverClient: MetadataRetrieverClient constructor pid(1822)
07-11 20:28:22.017  1295 25373 V MediaPlayerService: Create new media retriever from pid 1822
07-11 20:28:22.021  1822  4737 V MediaMetadataRetriever: setDataSource(261, 0, 576460752303423487)
07-11 20:28:22.022  1295 25373 V MetadataRetrieverClient: setDataSource fd=8, offset=0, length=576460752303423487
07-11 20:28:22.022  1295 25373 V MetadataRetrieverClient: st_dev  = 214
07-11 20:28:22.022  1295 25373 V MetadataRetrieverClient: st_mode = 33200
07-11 20:28:22.022  1295 25373 V MetadataRetrieverClient: st_uid  = 10329
07-11 20:28:22.022  1295 25373 V MetadataRetrieverClient: st_gid  = 9997
07-11 20:28:22.022  1295 25373 V MetadataRetrieverClient: st_size = 1132907
07-11 20:28:22.022  1295 25373 V MetadataRetrieverClient: calculated length = 1132907
07-11 20:28:22.022  1295 25373 V MetadataRetrieverClient: player type = 4
07-11 20:28:22.022  1230  1230 I DrmManagerService(Native): value of perm = 2 return true from DRM FW
07-11 20:28:22.022  1230  1230 E SEC_DRM_PLUGIN_Omafl: OmaPlugin::onOpenDecryptSession(fd)::Drm2IsDrmFileByExtFd::file is NOT DRM by extension
07-11 20:28:22.025  1295 25373 D StagefrightMetadataRetriever: FileSource remote
07-11 20:28:22.029  1289 30816 I MediaExtractorFactory: Created an extractor 'SECMPEG4Extractor' with confidence 0.41
07-11 20:28:22.030  1289 30816 I SampleTable: There are reordered frames present.
07-11 20:28:22.030  1295 25373 V MetadataRetrieverClient: setDataSource(fd) return(0)
07-11 20:28:22.030  1822  4737 V MediaMetadataRetriever: setDataSource(fd) return(0)
07-11 20:28:22.031  1822  4737 V MediaMetadataRetriever: getFrameAtTime: time(0 us) option(2) colorFormat(4) metaOnly(0)
07-11 20:28:22.031  1295 25373 V MetadataRetrieverClient: getFrameAtTime: time(0 us) option(2) colorFormat(4), metaOnly(0)
07-11 20:28:22.032  1295 25373 I libsfextcp: get_max_size_from_mediacodeclist(video/avc)
07-11 20:28:22.032  1295 25373 I libsfextcp: name(OMX.qcom.video.decoder.avc) width(8192) height(4320) isSoftware(0)
07-11 20:28:22.032  1289   972 D MediaBufferGroup: creating MemoryDealer
07-11 20:28:22.035  1289 30816 I STHMBCD : create for 104
07-11 20:28:22.035  1289 30816 I STHMBCD : decode (1080x1920:200)
07-11 20:28:22.055  1307  1369 W ActivityTaskManager: Request to remove task ignored for non-existent task 45
07-11 20:28:22.064  1307  1369 D PackageManager: setEnabledSetting : userId = 0 packageName = com.whatsapp cmp = com.whatsapp.metaai.ui.widget.MetaAiAppWidgetProvider newState = 1 callingPackage = 10329/com.whatsapp
07-11 20:28:22.064  1307  1369 D ApplicationPolicy: getApplicationStateEnabled : pkg = com.whatsapp userId : 0
07-11 20:28:22.064  1307  1369 D ApplicationPolicy: getApplicationComponentState : pkg = com.whatsapp userId : 0
07-11 20:28:22.065  1307  1369 D PackageManager: setEnabledSetting : userId = 0 packageName = com.whatsapp cmp = com.whatsapp.consumer.widget.StatusOnlyWidgetProvider newState = 2 callingPackage = 10329/com.whatsapp
07-11 20:28:22.065  1307  1369 D PackageManager: setEnabledSetting : userId = 0 packageName = com.whatsapp cmp = com.whatsapp.pttwidget.PttWidgetProvider newState = 2 callingPackage = 10329/com.whatsapp
07-11 20:28:22.065  1822  1852 W VideoCapabilities: Unsupported mime image/vnd.android.heic
07-11 20:28:22.067  1822  1852 W AudioCapabilities: Unsupported mime audio/x-ape
07-11 20:28:22.067  1822  1852 W AudioCapabilities: Unsupported mime audio/evrc
07-11 20:28:22.067  1822  1852 W AudioCapabilities: Unsupported mime audio/evrc
07-11 20:28:22.067  1822  1852 W AudioCapabilities: Unsupported mime audio/x-ima
07-11 20:28:22.067  1822  1852 W AudioCapabilities: Unsupported mime audio/mpeg-L1
07-11 20:28:22.067  1822  1852 W AudioCapabilities: Unsupported mime audio/mpeg-L2
07-11 20:28:22.067  1822  1852 W VideoCapabilities: Unsupported mime video/mp43
07-11 20:28:22.068  1822  1852 W AudioCapabilities: Unsupported mime audio/qcelp
07-11 20:28:22.068  1822  1852 W AudioCapabilities: Unsupported mime audio/qcelp
07-11 20:28:22.068  1822  1852 W VideoCapabilities: Unsupported mime video/wvc1
07-11 20:28:22.068  1822  1852 W VideoCapabilities: Unsupported mime video/x-ms-wmv
07-11 20:28:22.068  1822  1852 W AudioCapabilities: Unsupported mime audio/x-ms-wma
07-11 20:28:22.068  1822  1852 W VideoCapabilities: Unsupported mime video/x-ms-wmv7
07-11 20:28:22.068  1822  1852 W VideoCapabilities: Unsupported mime video/x-ms-wmv8
07-11 20:28:22.068  1289 30816 I sthmbc_util: keep additional info. in VUI.(1:1)
07-11 20:28:22.075  1289 30816 I STHMBCD : delete for 104
07-11 20:28:22.079  1295 25373 I SecFrameDecoder: success to get video frame. timeUs = 41708
07-11 20:28:22.082  1822  4737 V MediaMetadataRetriever: destructor
07-11 20:28:22.082  1822  4737 V MediaMetadataRetriever: disconnect
07-11 20:28:22.082  1295  1661 V MetadataRetrieverClient: disconnect from pid 1822
07-11 20:28:22.083  1295  1661 V MetadataRetrieverClient: MetadataRetrieverClient destructor
07-11 20:28:22.083  1295  1661 V MetadataRetrieverClient: disconnect from pid 1822
07-11 20:28:22.107  1822  4707 D EmbeddingBackend: No supported embedding extension found
07-11 20:28:22.117  1012  4672 I HYPER-HAL: [ResourceManager.cpp]removeResource(): [CPULittleMinFreq] RemoveResource Request ID : 4634490
07-11 20:28:22.121  1012  4672 I HYPER-HAL: [ResourceManager.cpp]removeResource(): [CPUMinFreq] RemoveResource Request ID : 4634490
07-11 20:28:22.121  1012  4672 I HYPER-HAL: [RequestManager.cpp]releaseLocked(): Released ID : 4634490
07-11 20:28:22.145  1012  4724 I HYPER-HAL: [ResourceManager.cpp]removeResource(): [CPUMinFreq] RemoveResource Request ID : 881148
07-11 20:28:22.145  1012  4724 I HYPER-HAL: [RequestManager.cpp]releaseLocked(): Released ID : 881148
07-11 20:28:22.153  3044  3044 I SplitViewManager: alpha value: [1.0, 0.0, 1.0, 1.0, 1.0, 1.0, 1.0, 1.0]
07-11 20:28:22.188  1009  1689 D SensorsFlicker: Als_common::readEvents, enabled : 1, data : -1.000000, 0.000000, 0.000000, 0.000000, 0.000000, 50000.000000, 2048000.000000
07-11 20:28:22.276  1307  2501 I Pageboost: Launcher Page Up
07-11 20:28:22.281  6365  6365 I cbfe    : onStop
07-11 20:28:22.292  1307  1636 D SGM:GameManager: identifyForegroundApp. com.whatsapp, mCurrentUserId: 0, callerUserId: 0
07-11 20:28:22.292  1307  1636 D SGM:PkgDataHelper: getGamePkgData(). com.whatsapp
07-11 20:28:22.292  1307  1636 D SGM:SemGameManager: isForegroundGame(), ret=false
07-11 20:28:22.292  1307  4742 D TspStateManager: wrote command: cmd=1,60,10,20,960, type=1
07-11 20:28:22.294  1071  1071 I sysinput:Touch: writeInformation:249, OK
07-11 20:28:22.294  1307  2306 D SysinputHAL_V1_3(V1_2): runTspCmdNoRead(1): set_grip_data,1,60,10,20,960(0)
07-11 20:28:22.417  1307  2394 D WifiOffloadController: Active Network type = 1, so no Wi-Fi offload needed
07-11 20:28:22.417  1307  2394 I WifiOffloadController: isWifiOffloadNeeded : packageName = com.whatsapp result = false
07-11 20:28:22.430  1012  4676 I HYPER-HAL: [ResourceManager.cpp]removeResource(): [CPULittleMinFreq] RemoveResource Request ID : 879820
07-11 20:28:22.432  1012  4676 I HYPER-HAL: [ResourceManager.cpp]removeResource(): [CPUMinFreq] RemoveResource Request ID : 879820
07-11 20:28:22.433  1012  4676 I HYPER-HAL: [RequestManager.cpp]releaseLocked(): Released ID : 879820
07-11 20:28:22.450  1009   991 I sensors-hal: handle_sns_client_event:541, [0][15000] accel_sample [-0.886,  1.797,  9.651] 15959635899073
07-11 20:28:22.637  1009  1689 D SensorsFlicker: Als_common::readEvents, enabled : 1, data : 0.000000, 0.000000, 0.000000, 0.000000, 0.000000, 50000.000000, 2048000.000000
07-11 20:28:22.663  1307  2295 D InputReader: Btn_touch(4): value=1 when=12190.643161
07-11 20:28:22.664  1307  2295 I InputReader: Touch event's action is 0x0 (id=7, t=0) [pCnt=1, s=0.3249 ] when=12190.643161
07-11 20:28:22.665  1307  2294 I InputDispatcher: Delivering touch to (2520): action: 0x4, f=0x0, d=0, '7a38cab', t=1 
07-11 20:28:22.665  1307  2294 I InputDispatcher: Delivering touch to (1822): action: 0x0, f=0x0, d=0, 'd194dd6', t=1 *(0.75)
07-11 20:28:22.666  1307  2294 D PowerManagerService: [api] userActivityFromNative :  (event: 2 flags: 0 displayId: 0) eventTime = 12190643
07-11 20:28:22.667  3044  3044 I TouchInteractionService: onInputEvent, inputConsumer = com.android.quickstep.l2@765dc64
07-11 20:28:22.668  1307  6268 I GenerationRegistry: mBackingStore.isClosed() : false
07-11 20:28:22.669  1822  1822 I ViewRootImpl@b288891[HomeActivity]: ViewPostIme pointer 0
07-11 20:28:22.669  1307  1634 I GestureDetector: obtain mCurrentDownEvent. id: 431846466 caller: com.android.server.wm.SystemGesturesPointerEventListener.onPointerEvent:203 com.android.server.wm.PointerEventDispatcher.onInputEvent:53 android.view.InputEventReceiver.dispatchInputEvent:285 
07-11 20:28:22.669  1307  1634 I GestureDetector: obtain mCurrentDownEvent. id: 431846466 caller: com.android.server.wm.SystemPerformancePointerEventListener.onPointerEvent:89 com.android.server.wm.PointerEventDispatcher.onInputEvent:53 android.view.InputEventReceiver.dispatchInputEvent:285 
07-11 20:28:22.678  1307  1634 I GestureDetector: obtain mCurrentMotionEventRaw. action: 2 id: 140821485
07-11 20:28:22.678  1307  1634 I GestureDetector: obtain mCurrentMotionEventRaw. action: 2 id: 140821485
07-11 20:28:22.711  1307  2295 D InputReader: Btn_touch(4): value=0 when=12190.691329
07-11 20:28:22.711  1307  2295 I InputReader: Touch event's action is 0x1 (id=7, t=0) [pCnt=1, s=] when=12190.691329
07-11 20:28:22.711  1307  2294 I InputDispatcher: Delivering touch to (1822): action: 0x1, f=0x0, d=0, 'd194dd6', t=1 *(0.75)
07-11 20:28:22.711  1822  1822 I ViewRootImpl@b288891[HomeActivity]: ViewPostIme pointer 1
07-11 20:28:22.713  3044  3044 I TouchInteractionService: reset
07-11 20:28:22.713  2520  4990 V Navbar.Store: handleEvent(0) ResetBottomGestureHintVI(noArguments=true) [Module] 
07-11 20:28:22.714  2520  4990 V Navbar.Store: [Band]GESTURE_PACK_RESET_HINT_VI
07-11 20:28:22.714  2520  4990 V Navbar.Store: --apply(0) ResetHintVI
07-11 20:28:22.722  1307  1369 D ActivityTaskManager: SafeActivityOptions created, mOriginalCallingPid=1822, mOriginalCallingUid=10329, options=ActivityOptions(91234404), mPackageName=null, mAnimationType=-1, mStartX=0, mStartY=0, mWidth=0, mHeight=0, caller=com.android.server.wm.SafeActivityOptions.fromBundle:82 com.android.server.am.PendingIntentController.getIntentSender:142 com.android.server.am.ActivityManagerService.getIntentSenderWithFeatureAsApp:6600 com.android.server.am.ActivityManagerService.getIntentSenderWithFeature:6521 android.app.IActivityManager$Stub.onTransact:3317 com.android.server.am.ActivityManagerService.onTransact:3135 android.os.Binder.execTransactInternal:1321 
07-11 20:28:22.723  1307  6699 D ActivityTaskManager: startActivityAsUser: callingPid=1822, callingUid=10329, caller=com.android.server.wm.ActivityTaskManagerService.startActivityAsUser:1816 com.android.server.wm.ActivityTaskManagerService.startActivity:1767 android.app.IActivityTaskManager$Stub.onTransact:1244 com.android.server.wm.ActivityTaskManagerService.onTransact:6599 android.os.Binder.execTransactInternal:1321 android.os.Binder.execTransact:1280 <bottom of call stack> 
07-11 20:28:22.724  1307  6699 I ActivityTaskManager: START u0 {flg=0x14000000 cmp=com.whatsapp/.Conversation (has extras)} from uid 10329
07-11 20:28:22.725  1307  6699 D ActivityTaskManager: TaskLaunchParamsModifier:task=null activity=ActivityRecord{99d8782 u0 com.whatsapp/.Conversation} display-area-from-source=DefaultTaskDisplayArea@74008091 display-id=0 display-windowing-mode=1 suggested-display-area=DefaultTaskDisplayArea@74008091
07-11 20:28:22.725  1307  6699 D ActivityTaskManager: TaskLaunchParamsModifier:task=Task{2762c3c #46 type=standard A=10329:com.whatsapp U=0 visible=true visibleRequested=true mode=fullscreen translucent=false sz=1} activity=ActivityRecord{99d8782 u0 com.whatsapp/.Conversation} t-1} display-area-from-source=DefaultTaskDisplayArea@74008091 display-id=0 display-windowing-mode=1 suggested-display-area=DefaultTaskDisplayArea@74008091 inherit-from-source=fullscreen activity-options-fullscreen=Rect(0, 0 - 0, 0) non-freeform-display display-area=DefaultTaskDisplayArea@74008091 maximized-bounds
07-11 20:28:22.725  1307  6699 I SemDvfsHyPerManager: acquire hyper - AMS_ACT_START/1307@18, type = -999
07-11 20:28:22.726  1012  1045 I HYPER-HAL: [RequestManager.cpp]acquire(): Acquired ID : 878493  [1307 / 18]    HINT : AMS_ACT_START    list : 
07-11 20:28:22.726  1307  6699 D ActivityManagerPerformance: AMP_acquire() ACT_START
07-11 20:28:22.727  1140  2607 I SurfaceFlinger: id=4116 createSurf, flag=80004, ActivityRecord{99d8782 u0 com.whatsapp/.Conversation} t46}#4116
07-11 20:28:22.727  1307  1636 I ChimeraSystemEventListener: appLaunchIntent package name is: com.whatsapp
07-11 20:28:22.728  1307  6699 W WindowManager: Prepare app transition: mNextAppTransitionRequests=[TRANSIT_OPEN], mNextAppTransitionFlags=, displayId: 0 Callers=com.android.server.wm.DisplayContent.prepareAppTransition:6493 com.android.server.wm.DisplayContent.prepareAppTransition:6484 com.android.server.wm.Task.startActivityLocked:6595 com.android.server.wm.ActivityStarter.startActivityInner:2980 com.android.server.wm.ActivityStarter.startActivityUnchecked:2470 
07-11 20:28:22.729  1307  6699 V WindowManager: Checking theme of starting window: 0x7f1504ba
07-11 20:28:22.729  1307  6699 V WindowManager: Translucent=false Floating=false ShowWallpaper=false Disable=false
07-11 20:28:22.729  1307  6699 D ActivityTaskManager: scheduleTopResumedActivityChanged, onTop=false r=ActivityRecord{9ddf748 u0 com.whatsapp/.home.ui.HomeActivity} t46} caller=com.android.server.wm.ActivityTaskSupervisor.updateTopResumedActivityIfNeeded:2510 com.android.server.wm.TaskFragment.setResumedActivity:493 com.android.server.wm.TaskFragment.onActivityStateChanged:790 com.android.server.wm.ActivityRecord.setState:6406 com.android.server.wm.TaskFragment.startPausing:1880 com.android.server.wm.TaskFragment.startPausing:1817 
07-11 20:28:22.729  1822  1913 E msys    : E[N WA]_WAJMNSStreamImplOnMNSReady(259)=>[LogLevel:I] WAJMNSStream/impl/callback/onMNSReady/p=0xb4000079abe4d380
07-11 20:28:22.729  1822  1913 E msys    : E[N WA]_WAJMNSStreamImplCreateConnectionReport(194)=>[LogLevel:I] WAJMNSStream/impl/report port=5222, connectedIPVersion=4, resolvedIPAddressCount=0, dnsResolutionStartTimeMS=0, dnsResolutionEndTimeMS=0, dnsCacheHit=N/A, connectStartTimeMS=12189367, connectEndTimeMS=12190709, proxyConnectStartTimeMS=0, proxyConnectEndTimeMS=0
07-11 20:28:22.729  1822  1913 E msys    : E[N WA]_WAJMNSStreamImplUpdateStreamState(230)=>[LogLevel:I] WAJMNSStream/impl/state-changed/p=0xb4000079abe4d380 (connecting=>connected)
07-11 20:28:22.730  1012  1045 I HYPER-HAL: [ResourceManager.cpp]updateResource(): [CPUMinFreq] UpdateResource Request ID : 878493    Value : 1747200
07-11 20:28:22.731  1307  6699 I Pageboost: stop alp
07-11 20:28:22.731  1307  1636 D PersonaActivityHelper: Activity not in resumed state, do not run immediate lock
07-11 20:28:22.731  3760  3760 E pageboostd: Received HALT command code 2
07-11 20:28:22.733  1307  6699 D MARsPolicyManager: onPackageResumedFG pkgName = com.whatsapp, userId = 0
07-11 20:28:22.734  1307  6699 W WindowManager: Prepare app transition: mNextAppTransitionRequests=[TRANSIT_OPEN, TRANSIT_OPEN], mNextAppTransitionFlags=, displayId: 0 Callers=com.android.server.wm.DisplayContent.prepareAppTransition:6493 com.android.server.wm.TaskFragment.resumeTopActivity:1573 com.android.server.wm.TaskFragment.resumeTopActivity:1307 com.android.server.wm.Task.resumeTopActivityInnerLocked:6451 com.android.server.wm.Task.resumeTopActivityUncheckedLocked:6352 
07-11 20:28:22.734  1307  6699 W ActivityTaskManager: Tried to set launchTime (0) < mLastActivityLaunchTime (12189480)
07-11 20:28:22.734  1307  6699 D WindowManagerServiceExt: notifyOccludeChangeNotice: cn=ComponentInfo{com.whatsapp/com.whatsapp.Conversation} occludesParent=true inMultiWindow=false styleFloating=false caller=com.android.server.wm.WindowManagerServiceExt.updateOccludeTargetIfNeeded:1402 com.android.server.wm.DisplayContent.ensureActivitiesVisible:7532 com.android.server.wm.RootWindowContainer.ensureActivitiesVisible:2248 com.android.server.wm.RootWindowContainer.ensureVisibilityAndConfig:2126 com.android.server.wm.ActivityTaskSupervisor.realStartActivityLocked:913 
07-11 20:28:22.734  1307  6699 V WindowManager: rotationForOrientation(orient=SCREEN_ORIENTATION_UNSPECIFIED (-1), last=ROTATION_0 (0)); user=ROTATION_0 (0) USER_ROTATION_LOCKED
07-11 20:28:22.734  1307  6699 D WindowManager: rotationForOrientation, orientationSource=ActivityRecord{99d8782 u0 com.whatsapp/.Conversation} t46}
07-11 20:28:22.734  1307  6699 V WindowManager: rotationForOrientation(orient=SCREEN_ORIENTATION_UNSPECIFIED (-1), last=ROTATION_0 (0)); user=ROTATION_0 (0) USER_ROTATION_LOCKED
07-11 20:28:22.734  1307  6699 D WindowManager: rotationForOrientation, orientationSource=ActivityRecord{99d8782 u0 com.whatsapp/.Conversation} t46}
07-11 20:28:22.735  1307  6699 V WindowManager: Computed rotation=ROTATION_0 (0) for display id=0 based on lastOrientation=SCREEN_ORIENTATION_UNSPECIFIED (-1) and oldRotation=ROTATION_0 (0), caller=com.android.server.wm.DisplayRotation.updateOrientation:414 com.android.server.wm.DisplayContent.updateOrientation:1990 com.android.server.wm.DisplayContent.updateOrientation:1891 com.android.server.wm.RootWindowContainer.ensureVisibilityAndConfig:2139 com.android.server.wm.ActivityTaskSupervisor.realStartActivityLocked:913 com.android.server.wm.ActivityTaskSupervisor.startSpecificActivity:1227 
07-11 20:28:22.735  1307  6699 V WindowManager: updateDisplayAndOrientation: Change 571.5x564.444dpi to 428.625x423.33298dpi, BaseDpi=571.5x564.444, DisplayRatio=0.75x0.75
07-11 20:28:22.736  1307  6699 D TspStateManager: updateCustomValue customSetting=
07-11 20:28:22.736  1307  6699 V WindowManager: rotationForOrientation(orient=SCREEN_ORIENTATION_UNSPECIFIED (-1), last=ROTATION_0 (0)); user=ROTATION_0 (0) USER_ROTATION_LOCKED
07-11 20:28:22.736  1307  6699 D WindowManager: rotationForOrientation, orientationSource=ActivityRecord{99d8782 u0 com.whatsapp/.Conversation} t46}
07-11 20:28:22.736  1307  6699 V WindowManager: updateDisplayAndOrientation: Change 571.5x564.444dpi to 428.625x423.33298dpi, BaseDpi=571.5x564.444, DisplayRatio=0.75x0.75
07-11 20:28:22.737  1307  6699 D TspStateManager: updateCustomValue customSetting=
07-11 20:28:22.737  1307  6699 D SGM:PkgDataHelper: notifyAppCreate(), pkgName: com.whatsapp, userId: 0, sendRet: true
07-11 20:28:22.737  1307  2310 D SGM:FgCheckThread: onLooperPrepared(), msg: MSG_APP_CREATE, pkgName: com.whatsapp, userId: 0
07-11 20:28:22.738  1307  6699 D ActivityTaskManager: scheduleTopResumedActivityChanged, onTop=true r=ActivityRecord{99d8782 u0 com.whatsapp/.Conversation} t46} caller=com.android.server.wm.ActivityTaskSupervisor.scheduleTopResumedActivityStateIfNeeded:2535 com.android.server.wm.ActivityTaskSupervisor.updateTopResumedActivityIfNeeded:2527 com.android.server.wm.TaskFragment.setResumedActivity:493 com.android.server.wm.TaskFragment.onActivityStateChanged:805 com.android.server.wm.ActivityRecord.setState:6406 com.android.server.wm.Task.minimalResumeActivityLocked:6155 
07-11 20:28:22.738  1307  6699 D InputDispatcher: Focused application(0): ActivityRecord{99d8782 u0 com.whatsapp/.Conversation} t46}
07-11 20:28:22.738  1307  6699 V WindowManager: Changing focus from Window{d194dd6 u0 com.whatsapp/com.whatsapp.home.ui.HomeActivity} to null displayId=0 Callers=com.android.server.wm.RootWindowContainer.updateFocusedWindowLocked:595 com.android.server.wm.WindowManagerService.updateFocusedWindowLocked:6810 com.android.server.wm.ActivityTaskManagerService.setResumedActivityUncheckLocked:5766 com.android.server.wm.TaskFragment.onActivityStateChanged:807 
07-11 20:28:22.738  1307  6699 D StatusBarManagerService: notifyRequestedSystemKey recent=false home=false
07-11 20:28:22.739  1307  6699 W WindowManager: Execute app transition: mNextAppTransitionRequests=[TRANSIT_OPEN, TRANSIT_OPEN], mNextAppTransitionFlags=, displayId: 0 Callers=com.android.server.wm.RootWindowContainer.executeAppTransitionForAllDisplay:2580 com.android.server.wm.ActivityTaskSupervisor.reportResumedActivityLocked:2287 com.android.server.wm.ActivityRecord.completeResumeLocked:6987 com.android.server.wm.Task.minimalResumeActivityLocked:6156 com.android.server.wm.ActivityTaskSupervisor.realStartActivityLocked:1137 
07-11 20:28:22.740  1307  1636 D SGM:FgCheckThread: notePauseComponent(), received pkgName: com.whatsapp, userId: 0
07-11 20:28:22.741  1307  1307 I CocktailBarManagerServiceContainer: handleMessage: entry what = 6
07-11 20:28:22.743  1307  1636 I SemPersonaManager: SecureFolder personaId = 150
07-11 20:28:22.748   733   733 W keymaster_tee: [WRN]begin req PARAMS: A32 B32 P1 
07-11 20:28:22.749  1307  1636 D EnterpriseDeviceManagerService: isMdmAdminPresentInternal() : MDM Admin Found - com.samsung.knox.securefolder
07-11 20:28:22.750  1307  1636 D SGM:FgCheckThread: noteResumeComponent(), received pkgName: com.whatsapp, userId: 0
07-11 20:28:22.750  1307  2310 D SGM:FgCheckThread: onLooperPrepared(), msg: MSG_APP_RESUME, pkgName: com.whatsapp, userid: 0
07-11 20:28:22.750  1307  2310 D SGM:FgCheckThread: handleResume().
07-11 20:28:22.750  1140  1140 I SurfaceFlinger: [d194dd6 com.whatsapp/com.whatsapp.home.ui.HomeActivity#4110] FrameRatePriority: -1
07-11 20:28:22.750  1307  2310 D SGM:FgCheckThread:   handleResume(). same package with Prev KILL_YOURSELF. ignore
07-11 20:28:22.750  1307  1307 I CocktailBarManagerServiceContainer: handleMessage: entry what = 5
07-11 20:28:22.751  1307  3722 I MediaSessionMonitor: Media session stopped : controllerList empty
07-11 20:28:22.751   733   733 D keymaster_swd: keymaster_swd [WRN] (swd_run_cb:257) swd_begin() returns 0
07-11 20:28:22.751   730  2636 I keystore2: keystore2::security_level: In create_operation. Success to create IKeystoreOperation. 10329, None
07-11 20:28:22.753   733   733 D keymaster_swd: keymaster_swd [WRN] (swd_run_cb:257) swd_update() returns 0
07-11 20:28:22.754  1307  1636 I GameSDK@LifeCycle: noteResumeComponent(): package name  : com.whatsapp
07-11 20:28:22.755   733   733 D keymaster_swd: keymaster_swd [WRN] (swd_run_cb:257) swd_finish() returns 0
07-11 20:28:22.756  6082  6082 I ActivityUtils: HomePackage : com.sec.android.app.launcher, resumePackageName : com.whatsapp
07-11 20:28:22.757  1822  1822 I DecorView: [INFO] isPopOver=false config=true
07-11 20:28:22.757  1822  1822 I DecorView: updateCaptionType: isFloating=false isApplication=true hasWindowDecorCaption=false this=DecorView@6a64583[]
07-11 20:28:22.758  1822  1822 D DecorView: setCaptionType = 0, this = DecorView@6a64583[]
07-11 20:28:22.758  1822  1822 I DecorView: getCurrentDensityDpi: from real metrics. densityDpi=480 msg=resources_loaded
07-11 20:28:22.758  1822  1822 I DecorView: setWindowBackground: isPopOver=false color=ff0a1014 d=android.graphics.drawable.ColorDrawable@6c56739
07-11 20:28:22.763  1307  1636 I ActivityManager: updateOomAdj start time is before than pendingPid added, don't delete it
07-11 20:28:22.767  1822  1822 I AppCompatViewInflater: app:theme is now deprecated. Please move to using android:theme instead.
07-11 20:28:22.767  1307  6699 D InputDispatcher: Focus request (0): <null> but waiting because NOT_FOCUSABLE
07-11 20:28:22.767  1307  6699 D InputDispatcher: Focus left window (0): d194dd6 com.whatsapp/com.whatsapp.home.ui.HomeActivity
07-11 20:28:22.771  1822  1822 E com.whatsapp: Invalid ID 0x00000000.
07-11 20:28:22.771  1822  1822 E com.whatsapp: Invalid ID 0x00000000.
07-11 20:28:22.771  1822  1822 E com.whatsapp: Invalid ID 0x00000000.
07-11 20:28:22.771  1822  1822 E com.whatsapp: Invalid ID 0x00000000.
07-11 20:28:22.771  1822  1822 E com.whatsapp: Invalid ID 0x00000000.
07-11 20:28:22.772  1822  1822 E com.whatsapp: Invalid ID 0x00000000.
07-11 20:28:22.772  1822  1822 E com.whatsapp: Invalid ID 0x00000000.
07-11 20:28:22.773  1822  1822 E com.whatsapp: Invalid ID 0x00000000.
07-11 20:28:22.773  1822  1822 E com.whatsapp: Invalid ID 0x00000000.
07-11 20:28:22.773  1822  1822 E com.whatsapp: Invalid ID 0x00000000.
07-11 20:28:22.773  1822  1822 E com.whatsapp: Invalid ID 0x00000000.
07-11 20:28:22.773  1822  1822 E com.whatsapp: Invalid ID 0x00000000.
07-11 20:28:22.773  1822  1822 E com.whatsapp: Invalid ID 0x00000000.
07-11 20:28:22.773  1822  1822 E com.whatsapp: Invalid ID 0x00000000.
07-11 20:28:22.773  1822  1822 E com.whatsapp: Invalid ID 0x00000000.
07-11 20:28:22.773  1822  1822 E com.whatsapp: Invalid ID 0x00000000.
07-11 20:28:22.789  1822  1822 I ContentCaptureHelper: Setting logging level to OFF
07-11 20:28:22.790  5609  5609 I SSS:ContentCaptureService: onCreateContentCaptureSession() sessionId:1288487835
07-11 20:28:22.791  5609  5609 I SSS:CommonUtil: getTargetActivityComponent() activityComponent:ComponentInfo{com.whatsapp/com.whatsapp.Conversation} target:null
07-11 20:28:22.791  5609  5609 I SSS:ScreenContentManager: initialize() isPackageSupported: true is-package-not-null: true
07-11 20:28:22.793  1822  1822 I MSHandlerLifeCycle: check: return. pkg=com.whatsapp parent=null callers=com.android.internal.policy.DecorView.setVisibility:4412 android.app.ActivityThread.handleResumeActivity:5476 android.app.servertransaction.ResumeActivityItem.execute:54 android.app.servertransaction.ActivityTransactionItem.execute:45 android.app.servertransaction.TransactionExecutor.executeLifecycleState:176 
07-11 20:28:22.793  1822  1822 I MSHandlerLifeCycle: removeMultiSplitHandler: no exist. decor=DecorView@6a64583[]
07-11 20:28:22.793  1822  4686 D NativeCustomFrequencyManager: [NativeCFMS] BpCustomFrequencyManager::BpCustomFrequencyManager()
07-11 20:28:22.795  1307  1369 D InputTransport: Input channel constructed: '5655365', fd=977
07-11 20:28:22.795  1307  1369 D InputTransport: Input channel constructed: '5655365', fd=978
07-11 20:28:22.795  1307  1369 D InputTransport: Input channel constructed: '5655365', fd=983
07-11 20:28:22.795  1140  2608 I SurfaceFlinger: id=4117 createSurf, flag=80004, 5655365 com.whatsapp/com.whatsapp.Conversation#4117
07-11 20:28:22.795  1307  6699 W ActivityManager: Receiver with filter android.content.IntentFilter@e800ceb already registered for pid 1822, callerPackage is com.whatsapp
07-11 20:28:22.796  1307  1369 D RestrictionPolicy: isScreenCaptureEnabled : ret=true userId=0
07-11 20:28:22.796  1307  1369 D InputTransport: Input channel destroyed: '5655365', fd=983
07-11 20:28:22.796  1822  1822 D InsetsController: onStateChanged: InsetsState: {mDisplayFrame=Rect(0, 0 - 1080, 2400), mDisplayCutout=DisplayCutout{insets=Rect(0, 78 - 0, 0) waterfall=Insets{left=0, top=0, right=0, bottom=0} boundingRect={Bounds=[Rect(0, 0 - 0, 0), Rect(690, 0 - 750, 78), Rect(0, 0 - 0, 0), Rect(0, 0 - 0, 0)]} cutoutPathParserInfo={CutoutPathParserInfo{displayWidth=1080 displayHeight=2400 physicalDisplayWidth=1440 physicalDisplayHeight=3200 density={3.0} cutoutSpec={M 0,0 H -10 V 26 H 10 V 0 H 0 Z @dp} rotation={0} scale={1.0} physicalPixelDisplaySizeRatio={1.0}}}}, mRoundedCorners=RoundedCorners{[RoundedCorner{position=TopLeft, radius=72, center=Point(72, 72)}, RoundedCorner{position=TopRight, radius=72, center=Point(1008, 72)}, RoundedCorner{position=BottomRight, radius=72, center=Point(1008, 2328)}, RoundedCorner{position=BottomLeft, radius=72, center=Point(72, 2328)}]}  mRoundedCornerFrame=Rect(0, 0 - 1080, 2400), mPrivacyIndicatorBounds=PrivacyIndicatorBounds {static bounds=Rect(948, 0 - 1080, 78) rotation=0}, mSources= { InsetsSource: {mType=ITYPE_STATUS_BAR, mFrame=[0,0][1080,78], mVisible=true, mInsetsRoundedCornerFrame=false}, InsetsSource: {mType=ITYPE_NAVIGATION_BAR, mFrame=[0,2355][1080,2400], mVisible=true, mInsetsRoundedCornerFrame=false}, InsetsSource: {mType=ITYPE_LEFT_GESTURES, mFrame=[0,0][67,2400], mVisible=true, mInsetsRoundedCornerFrame=false}, InsetsSource: {mType=ITYPE_RIGHT_GESTURES, mFrame=[1013,0][1080,2400], mVisible=true, mInsetsRoundedCornerFrame=false}, InsetsSource: {mType=ITYPE_TOP_MANDATORY_GESTURES, mFrame=[0,0][1080,114], mVisible=true, mInsetsRoundedCornerFrame=false}, InsetsSource: {mType=ITYPE_BOTTOM_MANDATORY_GESTURES, mFrame=[0,2304][1080,2400], mVisible=true, mInsetsRoundedCornerFrame=false}, InsetsSource: {mType=ITYPE_LEFT_DISPLAY_CUTOUT, mFrame=[0,0][-100000,2400], mVisible=true, mInsetsRoundedCornerFrame=false}, InsetsSource: {mType=ITYPE_TOP_DISPLAY_CUTOUT, mFrame=[0,0][1080,78], mVisible=true, mInsetsRoundedCornerFrame=false}, InsetsSource: {mType=ITYPE_RIGHT_DISPLAY_CUTOUT, mFrame=[100000,0][1080,2400], mVisible=true, mInsetsRoundedCornerFrame=false}, InsetsSource: {mType=ITYPE_BOTTOM_DISPLAY_CUTOUT, mFrame=[0,100000][1080,2400], mVisible=true, mInsetsRoundedCornerFrame=false}, InsetsSource: {mType=ITYPE_TOP_TAPPABLE_ELEMENT, mFrame=[0,0][1080,78], mVisible=true, mInsetsRoundedCornerFrame=false}, InsetsSource: {mType=ITYPE_BOTTOM_TAPPABLE_ELEMENT, mFrame=[0,0][0,0], mVisible=true, mInsetsRoundedCornerFrame=false} } host=com.whatsapp/com.whatsapp.Conversation from=android.view.ViewRootImpl.setView:1732
07-11 20:28:22.797  1822  1822 I ViewRootImpl@ca47ad2[Conversation]: setView = com.android.internal.policy.DecorView@6a64583 TM=true
07-11 20:28:22.797  1307  1369 D CoreBackPreview: Window{5655365 u0 com.whatsapp/com.whatsapp.Conversation}: Setting back callback OnBackInvokedCallbackInfo{mCallback=android.window.IOnBackInvokedCallback$Stub$Proxy@9374a48, mPriority=0}
07-11 20:28:22.797  1822  1822 I MSHandlerLifeCycle: removeMultiSplitHandler: no exist. decor=DecorView@6a64583[Conversation]
07-11 20:28:22.797  1307  1714 D AnalyticsContainerHandler: handleMessage : { when=0 what=1 target=com.android.server.knox.KnoxAnalyticsContainer$AnalyticsHandler }
07-11 20:28:22.800  1822  1822 I ViewRootImpl@ca47ad2[Conversation]: performTraversals params={(0,0)(fillxfill) sim={state=unchanged adjust=resize forwardNavigation} ty=BASE_APPLICATION wanim=0x1030309
07-11 20:28:22.800  1822  1822 I ViewRootImpl@ca47ad2[Conversation]:   fl=81810100
07-11 20:28:22.800  1822  1822 I ViewRootImpl@ca47ad2[Conversation]:   pfl=12020040
07-11 20:28:22.800  1822  1822 I ViewRootImpl@ca47ad2[Conversation]:   bhv=DEFAULT
07-11 20:28:22.800  1822  1822 I ViewRootImpl@ca47ad2[Conversation]:   fitSides= naviIconColor=0}
07-11 20:28:22.800  1822  1822 I ViewRootImpl@ca47ad2[Conversation]: performTraversals mFirst=true windowShouldResize=true viewVisibilityChanged=false mForceNextWindowRelayout=false params={(0,0)(fillxfill) sim={state=unchanged adjust=resize forwardNavigation} ty=BASE_APPLICATION wanim=0x1030309
07-11 20:28:22.800  1822  1822 I ViewRootImpl@ca47ad2[Conversation]:   fl=81810100
07-11 20:28:22.800  1822  1822 I ViewRootImpl@ca47ad2[Conversation]:   pfl=12020040
07-11 20:28:22.800  1822  1822 I ViewRootImpl@ca47ad2[Conversation]:   bhv=DEFAULT
07-11 20:28:22.800  1822  1822 I ViewRootImpl@ca47ad2[Conversation]:   fitSides= naviIconColor=0}
07-11 20:28:22.800  1307  6699 V WindowManager: Relayout Window{5655365 u0 com.whatsapp/com.whatsapp.Conversation}: viewVisibility=0 req=1080x2400 d0
07-11 20:28:22.800  1307  6699 D RestrictionPolicy: isScreenCaptureEnabled : ret=true userId=0
07-11 20:28:22.801  1140  2608 I SurfaceFlinger: id=4118 createSurf, flag=40004, com.whatsapp/com.whatsapp.Conversation$_1822#4118
07-11 20:28:22.801  1307  6699 D WindowManager: makeSurface duration=0 name=com.whatsapp/com.whatsapp.Conversation$_1822
07-11 20:28:22.802  1307  6699 V WindowManager: Changing focus from null to Window{5655365 u0 com.whatsapp/com.whatsapp.Conversation} displayId=0 Callers=com.android.server.wm.RootWindowContainer.updateFocusedWindowLocked:595 com.android.server.wm.WindowManagerService.updateFocusedWindowLocked:6810 com.android.server.wm.WindowManagerService.relayoutWindow:2820 com.android.server.wm.Session.relayout:274 
07-11 20:28:22.802  1307  6699 I WindowManager: Cancelling animation restarting=true, leash=Surface(name=Surface(name=b23b905 StatusBar)/@0xb748f03 - animation-leash of insets_animation)/@0xb61b2dc
07-11 20:28:22.802  1307  6699 I WindowManager: Reparenting to original parent: Surface(name=WindowToken{bb05149 type=2000 android.os.BinderProxy@ac1fd13})/@0x385fe80, destroy=false, surface=Surface(name=b23b905 StatusBar)/@0xb748f03
07-11 20:28:22.803  1307  6699 I WindowManager: Reparenting to leash, surface=Surface(name=b23b905 StatusBar)/@0xb748f03, leashParent=Surface(name=WindowToken{bb05149 type=2000 android.os.BinderProxy@ac1fd13})/@0x385fe80
07-11 20:28:22.803  1140  2608 I SurfaceFlinger: id=4119 createSurf, flag=24000, Surface(name=b23b905 StatusBar)/@0xb748f03 - animation-leash of insets_animation#4119
07-11 20:28:22.803  1307  6699 D WindowManager: makeSurface duration=0 leash=Surface(name=Surface(name=b23b905 StatusBar)/@0xb748f03 - animation-leash of insets_animation)/@0xfc8de06
07-11 20:28:22.803  1307  6699 I WindowManager: Cancelling animation restarting=true, leash=Surface(name=Surface(name=7a38cab NavigationBar0)/@0xdea78fe - animation-leash of insets_animation)/@0xbbecaba
07-11 20:28:22.803  1307  6699 I WindowManager: Reparenting to original parent: Surface(name=WindowToken{a3b0a33 type=2019 android.os.BinderProxy@6b0ed6d})/@0x27185f, destroy=false, surface=Surface(name=7a38cab NavigationBar0)/@0xdea78fe
07-11 20:28:22.803  1307  6699 I WindowManager: Reparenting to leash, surface=Surface(name=7a38cab NavigationBar0)/@0xdea78fe, leashParent=Surface(name=WindowToken{a3b0a33 type=2019 android.os.BinderProxy@6b0ed6d})/@0x27185f
07-11 20:28:22.803  1140  2608 I SurfaceFlinger: id=4120 createSurf, flag=24000, Surface(name=7a38cab NavigationBar0)/@0xdea78fe - animation-leash of insets_animation#4120
07-11 20:28:22.803  1307  6699 D WindowManager: makeSurface duration=1 leash=Surface(name=Surface(name=7a38cab NavigationBar0)/@0xdea78fe - animation-leash of insets_animation)/@0xe9ac2f4
07-11 20:28:22.804  1307  6699 D StatusBarManagerService: notifyRequestedSystemKey recent=false home=false
07-11 20:28:22.804  1307  6699 V WindowManager: Relayout hash=5655365, pid=1822, syncId=-1: mAttrs={(0,0)(fillxfill) sim={state=unchanged adjust=resize forwardNavigation} ty=BASE_APPLICATION wanim=0x1030309
07-11 20:28:22.804  1307  6699 V WindowManager:   fl=81810100
07-11 20:28:22.804  1307  6699 V WindowManager:   pfl=12020040
07-11 20:28:22.804  1307  6699 V WindowManager:   bhv=DEFAULT
07-11 20:28:22.804  1307  6699 V WindowManager:   fitSides= naviIconColor=0}
07-11 20:28:22.804  1822  1822 D InsetsController: onStateChanged: InsetsState: {mDisplayFrame=Rect(0, 0 - 1080, 2400), mDisplayCutout=DisplayCutout{insets=Rect(0, 78 - 0, 0) waterfall=Insets{left=0, top=0, right=0, bottom=0} boundingRect={Bounds=[Rect(0, 0 - 0, 0), Rect(690, 0 - 750, 78), Rect(0, 0 - 0, 0), Rect(0, 0 - 0, 0)]} cutoutPathParserInfo={CutoutPathParserInfo{displayWidth=1080 displayHeight=2400 physicalDisplayWidth=1440 physicalDisplayHeight=3200 density={3.0} cutoutSpec={M 0,0 H -10 V 26 H 10 V 0 H 0 Z @dp} rotation={0} scale={1.0} physicalPixelDisplaySizeRatio={1.0}}}}, mRoundedCorners=RoundedCorners{[RoundedCorner{position=TopLeft, radius=72, center=Point(72, 72)}, RoundedCorner{position=TopRight, radius=72, center=Point(1008, 72)}, RoundedCorner{position=BottomRight, radius=72, center=Point(1008, 2328)}, RoundedCorner{position=BottomLeft, radius=72, center=Point(72, 2328)}]}  mRoundedCornerFrame=Rect(0, 0 - 1080, 2400), mPrivacyIndicatorBounds=PrivacyIndicatorBounds {static bounds=Rect(948, 0 - 1080, 78) rotation=0}, mSources= { InsetsSource: {mType=ITYPE_STATUS_BAR, mFrame=[0,0][1080,78], mVisible=true, mInsetsRoundedCornerFrame=false}, InsetsSource: {mType=ITYPE_NAVIGATION_BAR, mFrame=[0,2355][1080,2400], mVisible=true, mInsetsRoundedCornerFrame=false}, InsetsSource: {mType=ITYPE_LEFT_GESTURES, mFrame=[0,0][67,2400], mVisible=true, mInsetsRoundedCornerFrame=false}, InsetsSource: {mType=ITYPE_RIGHT_GESTURES, mFrame=[1013,0][1080,2400], mVisible=true, mInsetsRoundedCornerFrame=false}, InsetsSource: {mType=ITYPE_TOP_MANDATORY_GESTURES, mFrame=[0,0][1080,114], mVisible=true, mInsetsRoundedCornerFrame=false}, InsetsSource: {mType=ITYPE_BOTTOM_MANDATORY_GESTURES, mFrame=[0,2304][1080,2400], mVisible=true, mInsetsRoundedCornerFrame=false}, InsetsSource: {mType=ITYPE_LEFT_DISPLAY_CUTOUT, mFrame=[0,0][-100000,2400], mVisible=true, mInsetsRoundedCornerFrame=false}, InsetsSource: {mType=ITYPE_TOP_DISPLAY_CUTOUT, mFrame=[0,0][1080,78], mVisible=true, mInsetsRoundedCornerFrame=false}, InsetsSource: {mType=ITYPE_RIGHT_DISPLAY_CUTOUT, mFrame=[100000,0][1080,2400], mVisible=true, mInsetsRoundedCornerFrame=false}, InsetsSource: {mType=ITYPE_BOTTOM_DISPLAY_CUTOUT, mFrame=[0,100000][1080,2400], mVisible=true, mInsetsRoundedCornerFrame=false}, InsetsSource: {mType=ITYPE_TOP_TAPPABLE_ELEMENT, mFrame=[0,0][1080,78], mVisible=true, mInsetsRoundedCornerFrame=false}, InsetsSource: {mType=ITYPE_BOTTOM_TAPPABLE_ELEMENT, mFrame=[0,0][0,0], mVisible=true, mInsetsRoundedCornerFrame=false}, InsetsSource: {mType=ITYPE_IME, mFrame=[0,0][0,0], mVisibleFrame=[0,1374][1080,2400], mVisible=false, mInsetsRoundedCornerFrame=false} } host=com.whatsapp/com.whatsapp.Conversation from=android.view.ViewRootImpl.relayoutWindow:9802
07-11 20:28:22.805  1822  1822 I ViewRootImpl@ca47ad2[Conversation]: updateBlastSurfaceIfNeeded mBlastBufferQueue=null isSameSurfaceControl=false
07-11 20:28:22.805  1822  1822 I BLASTBufferQueue: new BLASTBufferQueue, mName= ViewRootImpl@ca47ad2[Conversation] mNativeObject= 0xb400007a2bdf4770 sc.mNativeObject= 0xb4000079bbdcaaf0 caller= android.view.ViewRootImpl.updateBlastSurfaceIfNeeded:2909 android.view.ViewRootImpl.relayoutWindow:9847 android.view.ViewRootImpl.performTraversals:3884 android.view.ViewRootImpl.doTraversal:3116 android.view.ViewRootImpl$TraversalRunnable.run:10885 android.view.Choreographer$CallbackRecord.run:1301 android.view.Choreographer$CallbackRecord.run:1309 android.view.Choreographer.doCallbacks:923 android.view.Choreographer.doFrame:852 android.view.Choreographer$FrameDisplayEventReceiver.run:1283 
07-11 20:28:22.805  1822  1822 I BLASTBufferQueue: update, w= 1080 h= 2400 mName = ViewRootImpl@ca47ad2[Conversation] mNativeObject= 0xb400007a2bdf4770 sc.mNativeObject= 0xb4000079bbdcaaf0 format= -1 caller= android.graphics.BLASTBufferQueue.<init>:84 android.view.ViewRootImpl.updateBlastSurfaceIfNeeded:2909 android.view.ViewRootImpl.relayoutWindow:9847 android.view.ViewRootImpl.performTraversals:3884 android.view.ViewRootImpl.doTraversal:3116 android.view.ViewRootImpl$TraversalRunnable.run:10885 
07-11 20:28:22.805  1822  1822 I ViewRootImpl@ca47ad2[Conversation]: Relayout returned: old=(0,0,1080,2400) new=(0,0,1080,2400) req=(1080,2400)0 dur=5 res=0x3 s={true 0xb400007abbd64090} ch=true seqId=0
07-11 20:28:22.806  1822  1822 I ViewRootImpl@ca47ad2[Conversation]: mThreadedRenderer.initialize() mSurface={isValid=true 0xb400007abbd64090} hwInitialized=true
07-11 20:28:22.806  1822  4686 D OpenGLRenderer: eglCreateWindowSurface
07-11 20:28:22.833  1140  1140 I SurfaceFlinger: [5655365 com.whatsapp/com.whatsapp.Conversation#4117] FrameRatePriority: 1
07-11 20:28:22.833  1140  1140 I Layer   : id=4112 removedFromDrawingState Surface(name=b23b905 StatusBar)/@0xb748f03 - animation-leash of insets_animation#4112 (135)
07-11 20:28:22.833  1140  1140 I Layer   : id=4113 removedFromDrawingState Surface(name=7a38cab NavigationBar0)/@0xdea78fe - animation-leash of insets_animation#4113 (135)
07-11 20:28:22.835  1307  6268 D InputDispatcher: Focus request (0): 5655365 com.whatsapp/com.whatsapp.Conversation but waiting because NOT_VISIBLE
07-11 20:28:22.840  3044  3277 I RecentModel: onTaskStackChangedBackground
07-11 20:28:22.851  1822  1822 D AbsListView:  in onLayout changed 
07-11 20:28:22.851  1822  1822 I ViewRootImpl@ca47ad2[Conversation]: reportNextDraw android.view.ViewRootImpl.performTraversals:4438 android.view.ViewRootImpl.doTraversal:3116 android.view.ViewRootImpl$TraversalRunnable.run:10885 android.view.Choreographer$CallbackRecord.run:1301 android.view.Choreographer$CallbackRecord.run:1309 
07-11 20:28:22.852  1822  1822 I ViewRootImpl@ca47ad2[Conversation]: Setup new sync id=0
07-11 20:28:22.852  1822  1822 I ViewRootImpl@ca47ad2[Conversation]: Setting syncFrameCallback
07-11 20:28:22.852  1822  1822 I ViewRootImpl@ca47ad2[Conversation]: registerCallbacksForSync syncBuffer=false
07-11 20:28:22.856  1822  4702 I ViewRootImpl@ca47ad2[Conversation]: Received frameDrawingCallback syncResult=0 frameNum=1.
07-11 20:28:22.856  1822  4702 I ViewRootImpl@ca47ad2[Conversation]: Setting up sync and frameCommitCallback
07-11 20:28:22.862  1822  4686 I BLASTBufferQueue: [ViewRootImpl@ca47ad2[Conversation]#1](f:0,a:0) onFrameAvailable the first frame is available
07-11 20:28:22.862  1822  4686 I ViewRootImpl@ca47ad2[Conversation]: Received frameCommittedCallback lastAttemptedDrawFrameNum=1 didProduceBuffer=true
07-11 20:28:22.863  1822  4686 D OpenGLRenderer: CFMS:: SetUp Pid : 1822    Tid : 4686
07-11 20:28:22.863  1822  4686 W Parcel  : Expecting binder but got null!
07-11 20:28:22.864  1822  1822 W TextView: onProvideContentCaptureStructure(): calling assumeLayout()
07-11 20:28:22.864  1822  1822 W TextView: onProvideContentCaptureStructure(): calling assumeLayout()
07-11 20:28:22.864  1822  1822 W TextView: onProvideContentCaptureStructure(): calling assumeLayout()
07-11 20:28:22.865  1822  1822 W TextView: onProvideContentCaptureStructure(): calling assumeLayout()
07-11 20:28:22.865  1822  1822 W TextView: onProvideContentCaptureStructure(): calling assumeLayout()
07-11 20:28:22.865  1822  1822 W TextView: onProvideContentCaptureStructure(): calling assumeLayout()
07-11 20:28:22.865  1822  1822 W TextView: onProvideContentCaptureStructure(): calling assumeLayout()
07-11 20:28:22.865  1822  1822 W TextView: onProvideContentCaptureStructure(): calling assumeLayout()
07-11 20:28:22.865  1822  1822 W TextView: onProvideContentCaptureStructure(): calling assumeLayout()
