07-11 20:28:23.650  3881  3881 I ViewRootImpl@c7df4d9[InstallStaging]: performTraversals params={(0,0)(wrapxwrap) sim={adjust=pan forwardNavigation} ty=BASE_APPLICATION fmt=TRANSLUCENT wanim=0x10302f7 surfaceInsets=Rect(8, 8 - 8, 8)
07-11 20:28:23.650  3881  3881 I ViewRootImpl@c7df4d9[InstallStaging]:   fl=1820002
07-11 20:28:23.650  3881  3881 I ViewRootImpl@c7df4d9[InstallStaging]:   pfl=42000000
07-11 20:28:23.650  3881  3881 I ViewRootImpl@c7df4d9[InstallStaging]:   bhv=DEFAULT
07-11 20:28:23.650  3881  3881 I ViewRootImpl@c7df4d9[InstallStaging]:   fitTypes=STATUS_BARS NAVIGATION_BARS CAPTION_BAR
07-11 20:28:23.650  3881  3881 I ViewRootImpl@c7df4d9[InstallStaging]:  dimAmount=0.65 naviIconColor=0}
07-11 20:28:23.650  3881  3881 I ViewRootImpl@c7df4d9[InstallStaging]: performTraversals mFirst=true windowShouldResize=true viewVisibilityChanged=false mForceNextWindowRelayout=false params={(0,0)(wrapxwrap) sim={adjust=pan forwardNavigation} ty=BASE_APPLICATION fmt=TRANSLUCENT wanim=0x10302f7 surfaceInsets=Rect(8, 8 - 8, 8)
07-11 20:28:23.650  3881  3881 I ViewRootImpl@c7df4d9[InstallStaging]:   fl=1820002
07-11 20:28:23.650  3881  3881 I ViewRootImpl@c7df4d9[InstallStaging]:   pfl=42000000
07-11 20:28:23.650  3881  3881 I ViewRootImpl@c7df4d9[InstallStaging]:   bhv=DEFAULT
07-11 20:28:23.650  3881  3881 I ViewRootImpl@c7df4d9[InstallStaging]:   fitTypes=STATUS_BARS NAVIGATION_BARS CAPTION_BAR
07-11 20:28:23.650  3881  3881 I ViewRootImpl@c7df4d9[InstallStaging]:  dimAmount=0.65 naviIconColor=0}
07-11 20:28:23.650  1307  1369 V WindowManager: Relayout Window{2c08035 u0 com.google.android.packageinstaller/com.android.packageinstaller.InstallStaging}: viewVisibility=0 req=1080x593 d0
07-11 20:28:23.650  1307  1369 D RestrictionPolicy: isScreenCaptureEnabled : ret=true userId=0
07-11 20:28:23.650  1140  1184 I SurfaceFlinger: id=4142 createSurf, flag=40004, com.google.android.packageinstaller/com.android.packageinstaller.InstallStaging$_3881#4142
07-11 20:28:23.651  1307  1369 D WindowManager: makeSurface duration=1 name=com.google.android.packageinstaller/com.android.packageinstaller.InstallStaging$_3881
07-11 20:28:23.652  1307  1369 V WindowManager: Changing focus from null to Window{2c08035 u0 com.google.android.packageinstaller/com.android.packageinstaller.InstallStaging} displayId=0 Callers=com.android.server.wm.RootWindowContainer.updateFocusedWindowLocked:595 com.android.server.wm.WindowManagerService.updateFocusedWindowLocked:6810 com.android.server.wm.WindowManagerService.relayoutWindow:2820 com.android.server.wm.Session.relayout:274 
07-11 20:28:23.652  1307  1369 I WindowManager: Cancelling animation restarting=true, leash=Surface(name=Surface(name=b23b905 StatusBar)/@0xb748f03 - animation-leash of insets_animation)/@0xaff2776
07-11 20:28:23.652  1307  1369 I WindowManager: Reparenting to original parent: Surface(name=WindowToken{bb05149 type=2000 android.os.BinderProxy@ac1fd13})/@0x385fe80, destroy=false, surface=Surface(name=b23b905 StatusBar)/@0xb748f03
07-11 20:28:23.652  1307  1369 I WindowManager: Reparenting to leash, surface=Surface(name=b23b905 StatusBar)/@0xb748f03, leashParent=Surface(name=WindowToken{bb05149 type=2000 android.os.BinderProxy@ac1fd13})/@0x385fe80
07-11 20:28:23.652  1140  2608 I SurfaceFlinger: id=4143 createSurf, flag=24000, Surface(name=b23b905 StatusBar)/@0xb748f03 - animation-leash of insets_animation#4143
07-11 20:28:23.653  1307  1369 D WindowManager: makeSurface duration=1 leash=Surface(name=Surface(name=b23b905 StatusBar)/@0xb748f03 - animation-leash of insets_animation)/@0xc05eab1
07-11 20:28:23.653  1307  1369 I WindowManager: Cancelling animation restarting=true, leash=Surface(name=Surface(name=7a38cab NavigationBar0)/@0xdea78fe - animation-leash of insets_animation)/@0x8ec41e4
07-11 20:28:23.653  1307  1369 I WindowManager: Reparenting to original parent: Surface(name=WindowToken{a3b0a33 type=2019 android.os.BinderProxy@6b0ed6d})/@0x27185f, destroy=false, surface=Surface(name=7a38cab NavigationBar0)/@0xdea78fe
07-11 20:28:23.653  1307  1369 I WindowManager: Reparenting to leash, surface=Surface(name=7a38cab NavigationBar0)/@0xdea78fe, leashParent=Surface(name=WindowToken{a3b0a33 type=2019 android.os.BinderProxy@6b0ed6d})/@0x27185f
07-11 20:28:23.653  1140  2608 I SurfaceFlinger: id=4144 createSurf, flag=24000, Surface(name=7a38cab NavigationBar0)/@0xdea78fe - animation-leash of insets_animation#4144
07-11 20:28:23.653  1307  1369 D WindowManager: makeSurface duration=0 leash=Surface(name=Surface(name=7a38cab NavigationBar0)/@0xdea78fe - animation-leash of insets_animation)/@0x779d317
07-11 20:28:23.654  1307  1369 D WindowManager: updateSystemBarAttributes: displayId=0, win=Window{2c08035 u0 com.google.android.packageinstaller/com.android.packageinstaller.InstallStaging}, navColorWin=Window{5655365 u0 com.whatsapp/com.whatsapp.Conversation}, focusedCanBeNavColorWin=false, behavior=1, appearance=0, statusBarAppearanceRegions=[AppearanceRegion{ bounds=[0,0][1080,2400]}], requestedVisibilities=, from=com.android.server.wm.DisplayPolicy.focusChangedLw:3247 com.android.server.wm.DisplayContent.updateFocusedWindowLocked:4632 com.android.server.wm.RootWindowContainer.updateFocusedWindowLocked:595 
07-11 20:28:23.654  1307  1369 D StatusBarManagerService: notifyRequestedSystemKey recent=false home=false
07-11 20:28:23.654  1307  1369 V WindowManager: Relayout hash=2c08035, pid=3881, syncId=-1: mAttrs={(0,0)(wrapxwrap) sim={adjust=pan forwardNavigation} ty=BASE_APPLICATION fmt=TRANSLUCENT wanim=0x10302f7 surfaceInsets=Rect(8, 8 - 8, 8)
07-11 20:28:23.654  1307  1369 V WindowManager:   fl=1820002
07-11 20:28:23.654  1307  1369 V WindowManager:   pfl=42000000
07-11 20:28:23.654  1307  1369 V WindowManager:   bhv=DEFAULT
07-11 20:28:23.654  1307  1369 V WindowManager:   fitTypes=STATUS_BARS NAVIGATION_BARS CAPTION_BAR
07-11 20:28:23.654  1307  1369 V WindowManager:  dimAmount=0.65 naviIconColor=0}
07-11 20:28:23.655  3881  3881 I ViewRootImpl@c7df4d9[InstallStaging]: updateBlastSurfaceIfNeeded mBlastBufferQueue=null isSameSurfaceControl=false
07-11 20:28:23.655  3881  3881 I BLASTBufferQueue: new BLASTBufferQueue, mName= ViewRootImpl@c7df4d9[InstallStaging] mNativeObject= 0xb400007a2bd61970 sc.mNativeObject= 0xb4000079bbdad8d0 caller= android.view.ViewRootImpl.updateBlastSurfaceIfNeeded:2909 android.view.ViewRootImpl.relayoutWindow:9847 android.view.ViewRootImpl.performTraversals:3884 android.view.ViewRootImpl.doTraversal:3116 android.view.ViewRootImpl$TraversalRunnable.run:10885 android.view.Choreographer$CallbackRecord.run:1301 android.view.Choreographer$CallbackRecord.run:1309 android.view.Choreographer.doCallbacks:923 android.view.Choreographer.doFrame:852 android.view.Choreographer$FrameDisplayEventReceiver.run:1283 
07-11 20:28:23.655  3881  3881 I BLASTBufferQueue: update, w= 1096 h= 609 mName = ViewRootImpl@c7df4d9[InstallStaging] mNativeObject= 0xb400007a2bd61970 sc.mNativeObject= 0xb4000079bbdad8d0 format= -3 caller= android.graphics.BLASTBufferQueue.<init>:84 android.view.ViewRootImpl.updateBlastSurfaceIfNeeded:2909 android.view.ViewRootImpl.relayoutWindow:9847 android.view.ViewRootImpl.performTraversals:3884 android.view.ViewRootImpl.doTraversal:3116 android.view.ViewRootImpl$TraversalRunnable.run:10885 
07-11 20:28:23.655  3881  3881 I ViewRootImpl@c7df4d9[InstallStaging]: Relayout returned: old=(0,78,1080,2355) new=(0,920,1080,1513) req=(1080,593)0 dur=5 res=0x3 s={true 0xb400007abbd7b740} ch=true seqId=0
07-11 20:28:23.655  3881  3881 I ViewRootImpl@c7df4d9[InstallStaging]: mThreadedRenderer.initialize() mSurface={isValid=true 0xb400007abbd7b740} hwInitialized=true
07-11 20:28:23.655  3881  3901 D OpenGLRenderer: eglCreateWindowSurface
07-11 20:28:23.656  3881  3881 D ScrollView:  onsize change changed 
07-11 20:28:23.656  3881  3881 I ViewRootImpl@c7df4d9[InstallStaging]: reportNextDraw android.view.ViewRootImpl.performTraversals:4438 android.view.ViewRootImpl.doTraversal:3116 android.view.ViewRootImpl$TraversalRunnable.run:10885 android.view.Choreographer$CallbackRecord.run:1301 android.view.Choreographer$CallbackRecord.run:1309 
07-11 20:28:23.656  3881  3881 I ViewRootImpl@c7df4d9[InstallStaging]: Setup new sync id=0
07-11 20:28:23.656  3881  3881 I ViewRootImpl@c7df4d9[InstallStaging]: Setting syncFrameCallback
07-11 20:28:23.656  3881  3881 I ViewRootImpl@c7df4d9[InstallStaging]: registerCallbacksForSync syncBuffer=false
07-11 20:28:23.658  3881  3921 I ViewRootImpl@c7df4d9[InstallStaging]: Received frameDrawingCallback syncResult=0 frameNum=1.
07-11 20:28:23.658  3881  3921 I ViewRootImpl@c7df4d9[InstallStaging]: Setting up sync and frameCommitCallback
07-11 20:28:23.664  3881  3901 I BLASTBufferQueue: [ViewRootImpl@c7df4d9[InstallStaging]#2](f:0,a:0) onFrameAvailable the first frame is available
07-11 20:28:23.664  3881  3901 I ViewRootImpl@c7df4d9[InstallStaging]: Received frameCommittedCallback lastAttemptedDrawFrameNum=1 didProduceBuffer=true
07-11 20:28:23.664  3881  3901 D OpenGLRenderer: CFMS:: SetUp Pid : 3881    Tid : 3901
07-11 20:28:23.665  3881  3901 W Parcel  : Expecting binder but got null!
07-11 20:28:23.665  3881  3881 I ViewRootImpl@c7df4d9[InstallStaging]: onSyncComplete
07-11 20:28:23.665  3881  3881 I ViewRootImpl@c7df4d9[InstallStaging]: setupSync seqId=0 mSyncId=0 fn=1 caller=android.view.ViewRootImpl$$ExternalSyntheticLambda11.accept:6 android.window.SurfaceSyncer.lambda$setupSync$1$android-window-SurfaceSyncer:128 android.window.SurfaceSyncer$$ExternalSyntheticLambda1.accept:8 android.window.SurfaceSyncer$SyncSet.checkIfSyncIsComplete:382 android.window.SurfaceSyncer$SyncSet.markSyncReady:359 android.window.SurfaceSyncer.markSyncReady:151 android.view.ViewRootImpl.performTraversals:4503 
07-11 20:28:23.666  3881  3881 I ViewRootImpl@c7df4d9[InstallStaging]: reportDrawFinished seqId=0 mSyncId=-1 fn=1 mSurfaceChangedTransaction=0xb4000079ebd68770
07-11 20:28:23.666  1307  6701 D WindowManager: finishDrawingWindow: Window{2c08035 u0 com.google.android.packageinstaller/com.android.packageinstaller.InstallStaging} mDrawState=DRAW_PENDING seqId=0
07-11 20:28:23.667  1307  1637 D WindowManager: Loading animation for app transition. transit=TRANSIT_OLD_TRANSLUCENT_ACTIVITY_OPEN enter=true frame=Rect(0, 78 - 1080, 2355) insets=Rect(0, 0 - 0, 0) surfaceInsets=Rect(8, 8 - 8, 8)
07-11 20:28:23.667  1307  1637 D ActivityTaskManager: mStartingWindow and mStartingData is null for token=ActivityRecord{75b7eb0 u0 com.google.android.packageinstaller/com.android.packageinstaller.InstallStaging} t46}
07-11 20:28:23.667  1307  1637 V WindowManager: performShowLocked: mDrawState=HAS_DRAWN in Window{2c08035 u0 com.google.android.packageinstaller/com.android.packageinstaller.InstallStaging}
07-11 20:28:23.668  1307  1637 I SemDvfsHyPerManager: acquire hyper - AMS_RESUME_TAIL/1307@20, type = -999
07-11 20:28:23.668  1307  1637 I SemDvfsHyPerManager: acquire hyper - AMS_ACT_LAZY/1307@21, type = -999
07-11 20:28:23.668  1307  1637 D ActivityManagerPerformance: AMP_acquire() TAIL
07-11 20:28:23.668  1307  1637 D ActivityManagerPerformance: AMP_release() APP_SWITCH
07-11 20:28:23.668  1012  1045 I HYPER-HAL: [RequestManager.cpp]acquire(): Acquired ID : 881148  [1307 / 20]    HINT : AMS_RESUME_TAIL    list : 
07-11 20:28:23.669  1140  1709 I SurfaceFlinger: id=4145 createSurf, flag=80000, e0c31f3 ActivityRecordInputSink com.google.android.packageinstaller/com.android.packageinstaller.InstallStaging#4145
07-11 20:28:23.669  1012  1045 I HYPER-HAL: [ResourceManager.cpp]updateResource(): [CPUMinFreq] UpdateResource Request ID : 881148    Value : 1747200
07-11 20:28:23.670  1140  1709 I SurfaceFlinger: id=4146 createSurf, flag=20004, Dim Layer for - Task=46#4146
07-11 20:28:23.670  1012  1045 I HYPER-HAL: [RequestManager.cpp]acquire(): Acquired ID : 882477  [1307 / 21]    HINT : AMS_ACT_LAZY    list : 
07-11 20:28:23.670  1012  1045 I HYPER-HAL: [ResourceManager.cpp]removeResource(): [CPULittleMinFreq] RemoveResource Request ID : 894483
07-11 20:28:23.670  1307  1637 I WindowManager: Reparenting to leash, surface=Surface(name=Dim Layer for - Task=46)/@0xb1e3ee9, leashParent=Surface(name=Task=46)/@0x5b95701
07-11 20:28:23.670  1140  1709 I SurfaceFlinger: id=4147 createSurf, flag=24000, Surface(name=Dim Layer for - Task=46)/@0xb1e3ee9 - animation-leash of dimmer#4147
07-11 20:28:23.670  1307  1633 D [secipm]: mSecIpmManager report to nap
07-11 20:28:23.670  1307  1633 I PkgPredictorService-SecIpmManagerServiceImpl: reportToNAP uid:10068 com.google.android.packageinstaller/com.android.packageinstaller.InstallStaging thisTime:96
07-11 20:28:23.671  1307  1637 D WindowManager: makeSurface duration=1 leash=Surface(name=Surface(name=Dim Layer for - Task=46)/@0xb1e3ee9 - animation-leash of dimmer)/@0x68e0e0f
07-11 20:28:23.672  1012  1045 I HYPER-HAL: [ResourceManager.cpp]removeResource(): [CPUMinFreq] RemoveResource Request ID : 894483
07-11 20:28:23.672  1012  1045 I HYPER-HAL: [RequestManager.cpp]releaseLocked(): Released ID : 894483
07-11 20:28:23.679  1307  1633 I ActivityTaskManager: Displayed com.google.android.packageinstaller/com.android.packageinstaller.InstallStaging: +96ms
07-11 20:28:23.679  1307  1633 I Pageboost: Launch time gathered : pid 3881 com.google.android.packageinstaller 96
07-11 20:28:23.679  3760  3760 E pageboostd: Received HALT command code 2
07-11 20:28:23.681  1307  1637 D ActivityTaskManager: mStartingWindow and mStartingData is null for token=ActivityRecord{75b7eb0 u0 com.google.android.packageinstaller/com.android.packageinstaller.InstallStaging} t46}
07-11 20:28:23.681  1140  1140 I Layer   : id=4137 removedFromDrawingState Surface(name=b23b905 StatusBar)/@0xb748f03 - animation-leash of insets_animation#4137 (142)
07-11 20:28:23.681  1140  1140 I Layer   : id=4138 removedFromDrawingState Surface(name=7a38cab NavigationBar0)/@0xdea78fe - animation-leash of insets_animation#4138 (142)
07-11 20:28:23.681  1140  1140 I SurfaceFlinger: [2c08035 com.google.android.packageinstaller/com.android.packageinstaller.InstallStaging#4141] FrameRatePriority: 1
07-11 20:28:23.681  1140  1140 D SurfaceFlinger: GPIS:: requestGPIS
07-11 20:28:23.681  1140  3628 D NativeSemDvfsManager: acquire:: timeout = 2000 mIsAcquired = 1  mTagName : SurfaceFlinger 
07-11 20:28:23.681  1140  3628 E NativeCustomFrequencyManager: [NativeCFMS] BpCustomFrequencyManager::acquire()
07-11 20:28:23.681  1012  1045 I HYPER-HAL: [RequestManager.cpp]acquire(): Acquired ID : 2291870  [1140 / 1000]    HINT : SF_GPU_MINLOCK    list : [TIMEOUT / 2000] 
07-11 20:28:23.681  1140  1140 I SurfaceFlinger: id=4137 Removed Surface(name=b23b905 StatusBar)/@0xb748f03 - animation-leash of insets_animation#4137 (142)
07-11 20:28:23.681  1140  1140 I SurfaceFlinger: id=4138 Removed Surface(name=7a38cab NavigationBar0)/@0xdea78fe - animation-leash of insets_animation#4138 (142)
07-11 20:28:23.682  1140  1140 I Layer   : id=4137 Destroyed Surface(name=b23b905 StatusBar)/@0xb748f03 - animation-leash of insets_animation#4137
07-11 20:28:23.682  1140  1140 I Layer   : id=4138 Destroyed Surface(name=7a38cab NavigationBar0)/@0xdea78fe - animation-leash of insets_animation#4138
07-11 20:28:23.684  1307  1369 D InputDispatcher: Focus entered window (0): 2c08035 com.google.android.packageinstaller/com.android.packageinstaller.InstallStaging
07-11 20:28:23.684  3881  3881 I ViewRootImpl@c7df4d9[InstallStaging]: MSG_WINDOW_FOCUS_CHANGED 1 0
07-11 20:28:23.684  3881  3881 I ViewRootImpl@c7df4d9[InstallStaging]: mThreadedRenderer.initializeIfNeeded()#2 mSurface={isValid=true 0xb400007abbd7b740}
07-11 20:28:23.688  1140  1140 D SurfaceFlinger: Display 4630947232161729153 HWC layers:
07-11 20:28:23.688  1140  1140 D SurfaceFlinger:      DEVICE | 0xb40000729f902540 | 0102 | RGBA_8888    |    0.0    0.0 1080.0 2400.0 |    0    0 1080 2400 | com.whatsapp/com.whatsapp.Conversation$_1822#4118
07-11 20:28:23.688  1140  1140 D SurfaceFlinger:      DEVICE | 0xb40000729f919760 | 0100 | RGBA_8888    |    8.0    0.0 1088.0  609.0 |    0  912 1080 1521 | com.google.android.packageinstaller/[...]einstaller.InstallStaging$_3881#4142
07-11 20:28:23.688  1140  1140 D SurfaceFlinger:      DEVICE | 0xb40000729f906a70 | 0100 | RGBA_8888    |    0.0    0.0 1080.0   78.0 |    0    0 1080   78 | StatusBar$_2520#92
07-11 20:28:23.688  1140  1140 D SurfaceFlinger:      DEVICE | 0xb40000729f8de780 | 0100 | RGBA_8888    |    0.0    0.0   67.0  342.0 |    0  318   67  660 | com.samsung.android.app.cocktailbars[...]ervice.CocktailBarService$_6082#4001
07-11 20:28:23.688  1140  1140 D SurfaceFlinger:      DEVICE | 0xb40000729f911600 | 0100 | RGBA_8888    |    0.0    0.0 1080.0  144.0 |    0 2256 1080 2400 | NavigationBar0$_2520#87
07-11 20:28:23.688  1140  1140 D SurfaceFlinger: 
07-11 20:28:23.689  1307  1369 D ActivityTaskManager: startActivityAsUser: callingPid=3881, callingUid=10068, caller=com.android.server.wm.ActivityTaskManagerService.startActivityAsUser:1816 com.android.server.wm.ActivityTaskManagerService.startActivity:1767 android.app.IActivityTaskManager$Stub.onTransact:1244 com.android.server.wm.ActivityTaskManagerService.onTransact:6599 android.os.Binder.execTransactInternal:1316 android.os.Binder.execTransact:1280 <bottom of call stack> 
07-11 20:28:23.689  1307  1636 I ChimeraSystemEventListener: appLaunchIntent package name is: com.google.android.packageinstaller
07-11 20:28:23.690  1307  1369 I ActivityTaskManager: START u0 {act=android.intent.action.VIEW dat=file:///... flg=0x2010001 cmp=com.google.android.packageinstaller/com.android.packageinstaller.DeleteStagedFileOnResult (has extras)} from uid 10068
07-11 20:28:23.690  1307  1369 D ActivityTaskManager: TaskLaunchParamsModifier:task=null activity=ActivityRecord{5186d94 u0 com.google.android.packageinstaller/com.android.packageinstaller.DeleteStagedFileOnResult} display-area-from-source=DefaultTaskDisplayArea@74008091 display-id=0 display-windowing-mode=1 suggested-display-area=DefaultTaskDisplayArea@74008091
07-11 20:28:23.691  1307  1369 D ActivityTaskManager: TaskLaunchParamsModifier:task=Task{2762c3c #46 type=standard A=10329:com.whatsapp U=0 visible=true visibleRequested=true mode=fullscreen translucent=false sz=3} activity=ActivityRecord{5186d94 u0 com.google.android.packageinstaller/com.android.packageinstaller.DeleteStagedFileOnResult} t-1} display-area-from-source=DefaultTaskDisplayArea@74008091 display-id=0 display-windowing-mode=1 suggested-display-area=DefaultTaskDisplayArea@74008091 inherit-from-source=fullscreen activity-options-fullscreen=Rect(0, 0 - 0, 0) non-freeform-display display-area=DefaultTaskDisplayArea@74008091 maximized-bounds
07-11 20:28:23.691  1307  1369 I SemDvfsHyPerManager: acquire hyper - AMS_ACT_START/1307@18, type = -999
07-11 20:28:23.691  1012  1045 I HYPER-HAL: [RequestManager.cpp]acquire(): Acquired ID : 878493  [1307 / 18]    HINT : AMS_ACT_START    list : 
07-11 20:28:23.691  1307  1369 D ActivityManagerPerformance: AMP_acquire() ACT_START
07-11 20:28:23.692  1140  1709 I SurfaceFlinger: id=4148 createSurf, flag=80004, ActivityRecord{5186d94 u0 com.google.android.packageinstaller/com.android.packageinstaller.DeleteStagedFileOnResult} t46}#4148
07-11 20:28:23.693  1307  1369 W WindowManager: Prepare app transition: mNextAppTransitionRequests=[TRANSIT_NONE], mNextAppTransitionFlags=, displayId: 0 Callers=com.android.server.wm.DisplayContent.prepareAppTransition:6493 com.android.server.wm.DisplayContent.prepareAppTransition:6484 com.android.server.wm.Task.startActivityLocked:6592 com.android.server.wm.ActivityStarter.startActivityInner:2980 com.android.server.wm.ActivityStarter.startActivityUnchecked:2470 
07-11 20:28:23.693  1307  1369 V WindowManager: Checking theme of starting window: 0x7f0f0114
07-11 20:28:23.693  1307  1369 V WindowManager: Translucent=false Floating=true ShowWallpaper=false Disable=false
07-11 20:28:23.693  1307  1369 D ActivityTaskManager: scheduleTopResumedActivityChanged, onTop=false r=ActivityRecord{75b7eb0 u0 com.google.android.packageinstaller/com.android.packageinstaller.InstallStaging} t46} caller=com.android.server.wm.ActivityTaskSupervisor.updateTopResumedActivityIfNeeded:2510 com.android.server.wm.TaskFragment.setResumedActivity:493 com.android.server.wm.TaskFragment.onActivityStateChanged:790 com.android.server.wm.ActivityRecord.setState:6406 com.android.server.wm.TaskFragment.startPausing:1880 com.android.server.wm.TaskFragment.startPausing:1817 
07-11 20:28:23.694  1012  1045 I HYPER-HAL: [ResourceManager.cpp]updateResource(): [CPUMinFreq] UpdateResource Request ID : 878493    Value : 1747200
07-11 20:28:23.695  1307  1369 I Pageboost: stop alp
07-11 20:28:23.695  3760  3760 E pageboostd: Received HALT command code 2
07-11 20:28:23.695  1307  1636 D PersonaActivityHelper: Activity not in resumed state, do not run immediate lock
07-11 20:28:23.696  1307  6701 W WindowManager: Prepare app transition: mNextAppTransitionRequests=[TRANSIT_NONE, TRANSIT_CLOSE], mNextAppTransitionFlags=, displayId: 0 Callers=com.android.server.wm.DisplayContent.prepareAppTransition:6493 com.android.server.wm.DisplayContent.prepareAppTransition:6484 com.android.server.wm.TaskFragment.resumeTopActivity:1562 com.android.server.wm.TaskFragment.resumeTopActivity:1307 com.android.server.wm.Task.resumeTopActivityInnerLocked:6451 
07-11 20:28:23.696  1307  6701 W ActivityTaskManager: Tried to set launchTime (0) < mLastActivityLaunchTime (12191586)
07-11 20:28:23.696  1307  6701 V WindowManager: rotationForOrientation(orient=SCREEN_ORIENTATION_UNSPECIFIED (-1), last=ROTATION_0 (0)); user=ROTATION_0 (0) USER_ROTATION_LOCKED
07-11 20:28:23.696  1307  6701 D WindowManager: rotationForOrientation, orientationSource=ActivityRecord{99d8782 u0 com.whatsapp/.Conversation} t46}
07-11 20:28:23.696  1307  6701 V WindowManager: Computed rotation=ROTATION_0 (0) for display id=0 based on lastOrientation=SCREEN_ORIENTATION_UNSPECIFIED (-1) and oldRotation=ROTATION_0 (0), caller=com.android.server.wm.DisplayRotation.updateOrientation:414 com.android.server.wm.DisplayContent.updateOrientation:1990 com.android.server.wm.DisplayContent.updateOrientation:1891 com.android.server.wm.RootWindowContainer.ensureVisibilityAndConfig:2139 com.android.server.wm.ActivityTaskSupervisor.realStartActivityLocked:913 com.android.server.wm.ActivityTaskSupervisor.startSpecificActivity:1227 
07-11 20:28:23.696  1307  6701 V WindowManager: updateDisplayAndOrientation: Change 571.5x564.444dpi to 428.625x423.33298dpi, BaseDpi=571.5x564.444, DisplayRatio=0.75x0.75
07-11 20:28:23.697  1140  1140 I Layer   : id=4139 removedFromDrawingState ActivityRecord{6ae4502 u0 com.google.android.packageinstaller/com.android.packageinstaller.InstallStart} t46}#4139 (141)
07-11 20:28:23.697  1140  1140 I SurfaceFlinger: id=4139 Removed ActivityRecord{6ae4502 u0 com.google.android.packageinstaller/com.android.packageinstaller.InstallStart} t46}#4139 (141)
07-11 20:28:23.697  1140  1140 I Layer   : id=4139 Destroyed ActivityRecord{6ae4502 u0 com.google.android.packageinstaller/com.android.packageinstaller.InstallStart} t46}#4139
07-11 20:28:23.698  1307  6701 D TspStateManager: updateCustomValue customSetting=
07-11 20:28:23.698  1307  6701 V WindowManager: updateDisplayAndOrientation: Change 571.5x564.444dpi to 428.625x423.33298dpi, BaseDpi=571.5x564.444, DisplayRatio=0.75x0.75
07-11 20:28:23.698  1307  6701 D TspStateManager: updateCustomValue customSetting=
07-11 20:28:23.698  1307  6701 D SGM:PkgDataHelper: notifyAppCreate(), pkgName: com.google.android.packageinstaller, userId: 0, sendRet: true
07-11 20:28:23.699  1307  2310 D SGM:FgCheckThread: onLooperPrepared(), msg: MSG_APP_CREATE, pkgName: com.google.android.packageinstaller, userId: 0
07-11 20:28:23.699  1307  6701 D ActivityTaskManager: scheduleTopResumedActivityChanged, onTop=true r=ActivityRecord{5186d94 u0 com.google.android.packageinstaller/com.android.packageinstaller.DeleteStagedFileOnResult} t46} caller=com.android.server.wm.ActivityTaskSupervisor.scheduleTopResumedActivityStateIfNeeded:2535 com.android.server.wm.ActivityTaskSupervisor.updateTopResumedActivityIfNeeded:2527 com.android.server.wm.TaskFragment.setResumedActivity:493 com.android.server.wm.TaskFragment.onActivityStateChanged:805 com.android.server.wm.ActivityRecord.setState:6406 com.android.server.wm.Task.minimalResumeActivityLocked:6155 
07-11 20:28:23.699  1307  6701 D InputDispatcher: Focused application(0): ActivityRecord{5186d94 u0 com.google.android.packageinstaller/com.android.packageinstaller.DeleteStagedFileOnResult} t46}
07-11 20:28:23.699  1307  6701 V WindowManager: Changing focus from Window{2c08035 u0 com.google.android.packageinstaller/com.android.packageinstaller.InstallStaging} to null displayId=0 Callers=com.android.server.wm.RootWindowContainer.updateFocusedWindowLocked:595 com.android.server.wm.WindowManagerService.updateFocusedWindowLocked:6810 com.android.server.wm.ActivityTaskManagerService.setResumedActivityUncheckLocked:5766 com.android.server.wm.TaskFragment.onActivityStateChanged:807 
07-11 20:28:23.699  1307  6701 I WindowManager: Cancelling animation restarting=true, leash=Surface(name=Surface(name=b23b905 StatusBar)/@0xb748f03 - animation-leash of insets_animation)/@0xc05eab1
07-11 20:28:23.699  1307  6701 I WindowManager: Reparenting to original parent: Surface(name=WindowToken{bb05149 type=2000 android.os.BinderProxy@ac1fd13})/@0x385fe80, destroy=false, surface=Surface(name=b23b905 StatusBar)/@0xb748f03
07-11 20:28:23.699  1307  6701 I WindowManager: Reparenting to leash, surface=Surface(name=b23b905 StatusBar)/@0xb748f03, leashParent=Surface(name=WindowToken{bb05149 type=2000 android.os.BinderProxy@ac1fd13})/@0x385fe80
07-11 20:28:23.699  1140  2608 I SurfaceFlinger: id=4149 createSurf, flag=24000, Surface(name=b23b905 StatusBar)/@0xb748f03 - animation-leash of insets_animation#4149
07-11 20:28:23.700  1307  6701 D WindowManager: makeSurface duration=1 leash=Surface(name=Surface(name=b23b905 StatusBar)/@0xb748f03 - animation-leash of insets_animation)/@0xb4efd7e
07-11 20:28:23.700  1307  6701 I WindowManager: Cancelling animation restarting=true, leash=Surface(name=Surface(name=7a38cab NavigationBar0)/@0xdea78fe - animation-leash of insets_animation)/@0x779d317
07-11 20:28:23.700  1307  6701 I WindowManager: Reparenting to original parent: Surface(name=WindowToken{a3b0a33 type=2019 android.os.BinderProxy@6b0ed6d})/@0x27185f, destroy=false, surface=Surface(name=7a38cab NavigationBar0)/@0xdea78fe
07-11 20:28:23.700  1307  6701 I WindowManager: Reparenting to leash, surface=Surface(name=7a38cab NavigationBar0)/@0xdea78fe, leashParent=Surface(name=WindowToken{a3b0a33 type=2019 android.os.BinderProxy@6b0ed6d})/@0x27185f
07-11 20:28:23.700  1140  2608 I SurfaceFlinger: id=4150 createSurf, flag=24000, Surface(name=7a38cab NavigationBar0)/@0xdea78fe - animation-leash of insets_animation#4150
07-11 20:28:23.700  1307  6701 D WindowManager: makeSurface duration=1 leash=Surface(name=Surface(name=7a38cab NavigationBar0)/@0xdea78fe - animation-leash of insets_animation)/@0x17bdb2c
07-11 20:28:23.701  1307  6701 D WindowManager: updateSystemBarAttributes: displayId=0, win=Window{5655365 u0 com.whatsapp/com.whatsapp.Conversation}, navColorWin=Window{2c08035 u0 com.google.android.packageinstaller/com.android.packageinstaller.InstallStaging}, focusedCanBeNavColorWin=false, behavior=1, appearance=0, statusBarAppearanceRegions=[AppearanceRegion{ bounds=[0,0][1080,2400]}], requestedVisibilities=, from=com.android.server.wm.DisplayPolicy.focusChangedLw:3247 com.android.server.wm.DisplayContent.updateFocusedWindowLocked:4632 com.android.server.wm.RootWindowContainer.updateFocusedWindowLocked:595 
07-11 20:28:23.701  1307  6701 D StatusBarManagerService: notifyRequestedSystemKey recent=false home=false
07-11 20:28:23.701  1307  6701 W WindowManager: Execute app transition: mNextAppTransitionRequests=[TRANSIT_NONE, TRANSIT_CLOSE], mNextAppTransitionFlags=, displayId: 0 Callers=com.android.server.wm.RootWindowContainer.executeAppTransitionForAllDisplay:2580 com.android.server.wm.ActivityTaskSupervisor.reportResumedActivityLocked:2287 com.android.server.wm.ActivityRecord.completeResumeLocked:6987 com.android.server.wm.Task.minimalResumeActivityLocked:6156 com.android.server.wm.ActivityTaskSupervisor.realStartActivityLocked:1137 
07-11 20:28:23.704  1307  1636 D SGM:FgCheckThread: notePauseComponent(), received pkgName: com.google.android.packageinstaller, userId: 0
07-11 20:28:23.704  1307  1307 I CocktailBarManagerServiceContainer: handleMessage: entry what = 6
07-11 20:28:23.704  1307  1636 I SemPersonaManager: SecureFolder personaId = 150
07-11 20:28:23.705  1307  6700 D ActivityTaskManager: startActivityAsUser: callingPid=3881, callingUid=10068, caller=com.android.server.wm.ActivityTaskManagerService.startActivityAsUser:1816 com.android.server.wm.ActivityTaskManagerService.startActivity:1767 android.app.IActivityTaskManager$Stub.onTransact:1244 com.android.server.wm.ActivityTaskManagerService.onTransact:6599 android.os.Binder.execTransactInternal:1316 android.os.Binder.execTransact:1280 <bottom of call stack> 
07-11 20:28:23.705  1307  6700 I ActivityTaskManager: START u0 {act=android.intent.action.VIEW dat=file:///... flg=0x10000 cmp=com.google.android.packageinstaller/com.android.packageinstaller.PackageInstallerActivity (has extras)} from uid 10068
07-11 20:28:23.705  1307  6700 D ActivityTaskManager: TaskLaunchParamsModifier:task=null activity=ActivityRecord{87e3071 u0 com.google.android.packageinstaller/com.android.packageinstaller.PackageInstallerActivity} display-area-from-source=DefaultTaskDisplayArea@74008091 display-id=0 display-windowing-mode=1 suggested-display-area=DefaultTaskDisplayArea@74008091
07-11 20:28:23.705  1307  6700 D ActivityTaskManager: TaskLaunchParamsModifier:task=Task{2762c3c #46 type=standard A=10329:com.whatsapp U=0 visible=true visibleRequested=true mode=fullscreen translucent=false sz=4} activity=ActivityRecord{87e3071 u0 com.google.android.packageinstaller/com.android.packageinstaller.PackageInstallerActivity} t-1} display-area-from-source=DefaultTaskDisplayArea@74008091 display-id=0 display-windowing-mode=1 suggested-display-area=DefaultTaskDisplayArea@74008091 inherit-from-source=fullscreen activity-options-fullscreen=Rect(0, 0 - 0, 0) non-freeform-display display-area=DefaultTaskDisplayArea@74008091 maximized-bounds
07-11 20:28:23.706  1140  2608 I SurfaceFlinger: id=4151 createSurf, flag=80004, ActivityRecord{87e3071 u0 com.google.android.packageinstaller/com.android.packageinstaller.PackageInstallerActivity} t46}#4151
07-11 20:28:23.706  1307 10898 D SemWifiUsabilityStatsMonitor: onWifiUsabilityStats - seqNum 3628, isSameBssidAndFreq true
07-11 20:28:23.706  1307  2402 I SemWifiLinkQualityMonitor: Link Qos Query: 0.187 ms / 42.776 Mbps (51 / 0.008 / 1.132)
07-11 20:28:23.707  1307  6700 W WindowManager: Prepare app transition: mNextAppTransitionRequests=[TRANSIT_NONE, TRANSIT_CLOSE, TRANSIT_NONE], mNextAppTransitionFlags=, displayId: 0 Callers=com.android.server.wm.DisplayContent.prepareAppTransition:6493 com.android.server.wm.DisplayContent.prepareAppTransition:6484 com.android.server.wm.Task.startActivityLocked:6592 com.android.server.wm.ActivityStarter.startActivityInner:2980 com.android.server.wm.ActivityStarter.startActivityUnchecked:2470 
07-11 20:28:23.707  1307  6700 V WindowManager: Checking theme of starting window: 0x7f0f0113
07-11 20:28:23.707  1307  6700 V WindowManager: Translucent=false Floating=true ShowWallpaper=false Disable=false
07-11 20:28:23.707  1307  6700 D ActivityTaskManager: scheduleTopResumedActivityChanged, onTop=false r=ActivityRecord{5186d94 u0 com.google.android.packageinstaller/com.android.packageinstaller.DeleteStagedFileOnResult} t46} caller=com.android.server.wm.ActivityTaskSupervisor.updateTopResumedActivityIfNeeded:2510 com.android.server.wm.TaskFragment.setResumedActivity:493 com.android.server.wm.TaskFragment.onActivityStateChanged:790 com.android.server.wm.ActivityRecord.setState:6406 com.android.server.wm.TaskFragment.startPausing:1880 com.android.server.wm.TaskFragment.startPausing:1817 
07-11 20:28:23.707  1307  3703 D FreecessController: com.google.android.documentsui(state: Initial -> Freezeable, Reason: uidIdle)
07-11 20:28:23.707  1307  3703 D FreecessController: com.samsung.android.goodlock(state: Initial -> Freezeable, Reason: uidIdle)
07-11 20:28:23.708  1307  3703 D FreecessController: com.brave.browser(state: Initial -> Freezeable, Reason: uidIdle)
07-11 20:28:23.708  1307  6700 I Pageboost: stop alp
07-11 20:28:23.708  3760  3760 E pageboostd: Received HALT command code 2
07-11 20:28:23.710  3881  3881 I DecorView: [INFO] isPopOver=false config=true
07-11 20:28:23.710  3881  3881 I DecorView: updateCaptionType: isFloating=true isApplication=true hasWindowDecorCaption=false this=DecorView@a36c6b1[]
07-11 20:28:23.710  3881  3881 D DecorView: setCaptionType = 0, this = DecorView@a36c6b1[]
07-11 20:28:23.710  3881  3881 I DecorView: setWindowBackground: isPopOver=false color=ff010101 d=android.graphics.drawable.InsetDrawable@5dc0f17
07-11 20:28:23.711  3881  3881 I MSHandlerLifeCycle: check: return. pkg=com.google.android.packageinstaller parent=null callers=com.android.internal.policy.DecorView.setVisibility:4412 android.app.ActivityThread.handleResumeActivity:5476 android.app.servertransaction.ResumeActivityItem.execute:54 android.app.servertransaction.ActivityTransactionItem.execute:45 android.app.servertransaction.TransactionExecutor.executeLifecycleState:176 
07-11 20:28:23.711  3881  3881 I MSHandlerLifeCycle: removeMultiSplitHandler: no exist. decor=DecorView@a36c6b1[]
07-11 20:28:23.711  1307  1636 D EnterpriseDeviceManagerService: isMdmAdminPresentInternal() : MDM Admin Found - com.samsung.knox.securefolder
07-11 20:28:23.711  3881  3901 D NativeCustomFrequencyManager: [NativeCFMS] BpCustomFrequencyManager::BpCustomFrequencyManager()
07-11 20:28:23.712  1307  1636 D SGM:FgCheckThread: noteResumeComponent(), received pkgName: com.google.android.packageinstaller, userId: 0
07-11 20:28:23.713  1307  3722 I MediaSessionMonitor: Media session stopped : controllerList empty
07-11 20:28:23.713  1307  6700 D InputTransport: Input channel constructed: 'ec2675c', fd=1071
07-11 20:28:23.713  1307  6700 D InputTransport: Input channel constructed: 'ec2675c', fd=1073
07-11 20:28:23.713  1307  1307 I CocktailBarManagerServiceContainer: handleMessage: entry what = 5
07-11 20:28:23.713  1307  6700 D InputTransport: Input channel constructed: 'ec2675c', fd=1074
07-11 20:28:23.713  1140  2607 I SurfaceFlinger: id=4152 createSurf, flag=80004, ec2675c com.google.android.packageinstaller/com.android.packageinstaller.DeleteStagedFileOnResult#4152
07-11 20:28:23.713  1140  1140 I Layer   : id=4143 removedFromDrawingState Surface(name=b23b905 StatusBar)/@0xb748f03 - animation-leash of insets_animation#4143 (144)
07-11 20:28:23.713  1140  1140 I Layer   : id=4144 removedFromDrawingState Surface(name=7a38cab NavigationBar0)/@0xdea78fe - animation-leash of insets_animation#4144 (144)
07-11 20:28:23.713  1140  1140 I SurfaceFlinger: [2c08035 com.google.android.packageinstaller/com.android.packageinstaller.InstallStaging#4141] FrameRatePriority: -1
07-11 20:28:23.714  1307  6700 D RestrictionPolicy: isScreenCaptureEnabled : ret=true userId=0
07-11 20:28:23.714  1307  6268 D InputDispatcher: Focus request (0): <null> but waiting because NOT_FOCUSABLE
07-11 20:28:23.714  1307  6268 D InputDispatcher: Focus left window (0): 2c08035 com.google.android.packageinstaller/com.android.packageinstaller.InstallStaging
07-11 20:28:23.714  6082  6082 I ActivityUtils: HomePackage : com.sec.android.app.launcher, resumePackageName : com.google.android.packageinstaller
07-11 20:28:23.715  1307  6700 D InputTransport: Input channel destroyed: 'ec2675c', fd=1074
07-11 20:28:23.715  1140  1140 D SurfaceFlinger: Display 4630947232161729153 HWC layers:
07-11 20:28:23.715  1140  1140 D SurfaceFlinger:      DEVICE | 0xb40000729f902540 | 0102 | RGBA_8888    |    0.0    0.0 1080.0 2400.0 |    0    0 1080 2400 | com.whatsapp/com.whatsapp.Conversation$_1822#4118
07-11 20:28:23.715  1140  1140 D SurfaceFlinger:  SOLID_COLOR |              | 0000 |  Unknown  |    0.0    0.0    0.0    0.0 |    0    0 1080 2400 | Dim Layer for - Task=46#4146
07-11 20:28:23.715  1140  1140 D SurfaceFlinger:      DEVICE | 0xb40000729f8f0150 | 0100 | RGBA_8888    |    8.0    0.0 1088.0  609.0 |    0  912 1080 1521 | com.google.android.packageinstaller/[...]einstaller.InstallStaging$_3881#4142
07-11 20:28:23.715  1140  1140 D SurfaceFlinger:      DEVICE | 0xb40000729f906a70 | 0100 | RGBA_8888    |    0.0    0.0 1080.0   78.0 |    0    0 1080   78 | StatusBar$_2520#92
07-11 20:28:23.715  1140  1140 D SurfaceFlinger:      DEVICE | 0xb40000729f8de780 | 0100 | RGBA_8888    |    0.0    0.0   67.0  342.0 |    0  318   67  660 | com.samsung.android.app.cocktailbars[...]ervice.CocktailBarService$_6082#4001
07-11 20:28:23.715  1140  1140 D SurfaceFlinger:      DEVICE | 0xb40000729f911600 | 0100 | RGBA_8888    |    0.0    0.0 1080.0  144.0 |    0 2256 1080 2400 | NavigationBar0$_2520#87
07-11 20:28:23.715  1140  1140 D SurfaceFlinger: 
07-11 20:28:23.716  3881  3881 D InsetsController: onStateChanged: InsetsState: {mDisplayFrame=Rect(0, 0 - 1080, 2400), mDisplayCutout=DisplayCutout{insets=Rect(0, 78 - 0, 0) waterfall=Insets{left=0, top=0, right=0, bottom=0} boundingRect={Bounds=[Rect(0, 0 - 0, 0), Rect(690, 0 - 750, 78), Rect(0, 0 - 0, 0), Rect(0, 0 - 0, 0)]} cutoutPathParserInfo={CutoutPathParserInfo{displayWidth=1080 displayHeight=2400 physicalDisplayWidth=1440 physicalDisplayHeight=3200 density={3.0} cutoutSpec={M 0,0 H -10 V 26 H 10 V 0 H 0 Z @dp} rotation={0} scale={1.0} physicalPixelDisplaySizeRatio={1.0}}}}, mRoundedCorners=RoundedCorners{[RoundedCorner{position=TopLeft, radius=72, center=Point(72, 72)}, RoundedCorner{position=TopRight, radius=72, center=Point(1008, 72)}, RoundedCorner{position=BottomRight, radius=72, center=Point(1008, 2328)}, RoundedCorner{position=BottomLeft, radius=72, center=Point(72, 2328)}]}  mRoundedCornerFrame=Rect(0, 0 - 1080, 2400), mPrivacyIndicatorBounds=PrivacyIndicatorBounds {static bounds=Rect(948, 0 - 1080, 78) rotation=0}, mSources= { InsetsSource: {mType=ITYPE_STATUS_BAR, mFrame=[0,0][1080,78], mVisible=true, mInsetsRoundedCornerFrame=false}, InsetsSource: {mType=ITYPE_NAVIGATION_BAR, mFrame=[0,2355][1080,2400], mVisible=true, mInsetsRoundedCornerFrame=false}, InsetsSource: {mType=ITYPE_LEFT_GESTURES, mFrame=[0,0][67,2400], mVisible=true, mInsetsRoundedCornerFrame=false}, InsetsSource: {mType=ITYPE_RIGHT_GESTURES, mFrame=[1013,0][1080,2400], mVisible=true, mInsetsRoundedCornerFrame=false}, InsetsSource: {mType=ITYPE_TOP_MANDATORY_GESTURES, mFrame=[0,0][1080,114], mVisible=true, mInsetsRoundedCornerFrame=false}, InsetsSource: {mType=ITYPE_BOTTOM_MANDATORY_GESTURES, mFrame=[0,2304][1080,2400], mVisible=true, mInsetsRoundedCornerFrame=false}, InsetsSource: {mType=ITYPE_LEFT_DISPLAY_CUTOUT, mFrame=[0,0][-100000,2400], mVisible=true, mInsetsRoundedCornerFrame=false}, InsetsSource: {mType=ITYPE_TOP_DISPLAY_CUTOUT, mFrame=[0,0][1080,78], mVisible=true, mInsetsRoundedCornerFrame=false}, InsetsSource: {mType=ITYPE_RIGHT_DISPLAY_CUTOUT, mFrame=[100000,0][1080,2400], mVisible=true, mInsetsRoundedCornerFrame=false}, InsetsSource: {mType=ITYPE_BOTTOM_DISPLAY_CUTOUT, mFrame=[0,100000][1080,2400], mVisible=true, mInsetsRoundedCornerFrame=false}, InsetsSource: {mType=ITYPE_TOP_TAPPABLE_ELEMENT, mFrame=[0,0][1080,78], mVisible=true, mInsetsRoundedCornerFrame=false}, InsetsSource: {mType=ITYPE_BOTTOM_TAPPABLE_ELEMENT, mFrame=[0,0][0,0], mVisible=true, mInsetsRoundedCornerFrame=false} } host=com.google.android.packageinstaller/com.android.packageinstaller.DeleteStagedFileOnResult from=android.view.ViewRootImpl.setView:1732
07-11 20:28:23.716  1307  1636 I GameSDK@LifeCycle: noteResumeComponent(): package name  : com.google.android.packageinstaller
07-11 20:28:23.717  3881  3881 I ViewRootImpl@4eab722[DeleteStagedFileOnResult]: setView = com.android.internal.policy.DecorView@a36c6b1 TM=true
07-11 20:28:23.719  1307  6700 D CoreBackPreview: Window{ec2675c u0 com.google.android.packageinstaller/com.android.packageinstaller.DeleteStagedFileOnResult}: Setting back callback OnBackInvokedCallbackInfo{mCallback=android.window.IOnBackInvokedCallback$Stub$Proxy@565e906, mPriority=0}
07-11 20:28:23.719  3881  3881 I MSHandlerLifeCycle: removeMultiSplitHandler: no exist. decor=DecorView@a36c6b1[DeleteStagedFileOnResult]
07-11 20:28:23.719  1140  2608 I SurfaceFlinger: id=4144 Removed Surface(name=7a38cab NavigationBar0)/@0xdea78fe - animation-leash of insets_animation#4144 (144)
07-11 20:28:23.719  1140  2608 I SurfaceFlinger: id=4143 Removed Surface(name=b23b905 StatusBar)/@0xb748f03 - animation-leash of insets_animation#4143 (144)
07-11 20:28:23.720  1307  6700 W WindowManager: Prepare app transition: mNextAppTransitionRequests=[TRANSIT_NONE, TRANSIT_CLOSE, TRANSIT_NONE, TRANSIT_NONE], mNextAppTransitionFlags=, displayId: 0 Callers=com.android.server.wm.DisplayContent.prepareAppTransition:6493 com.android.server.wm.DisplayContent.prepareAppTransition:6484 com.android.server.wm.TaskFragment.resumeTopActivity:1571 com.android.server.wm.TaskFragment.resumeTopActivity:1307 com.android.server.wm.Task.resumeTopActivityInnerLocked:6451 
07-11 20:28:23.720  1307  6700 W ActivityTaskManager: Tried to set launchTime (0) < mLastActivityLaunchTime (12191678)
07-11 20:28:23.720  1307  6700 V WindowManager: rotationForOrientation(orient=SCREEN_ORIENTATION_UNSPECIFIED (-1), last=ROTATION_0 (0)); user=ROTATION_0 (0) USER_ROTATION_LOCKED
07-11 20:28:23.720  1307  6700 D WindowManager: rotationForOrientation, orientationSource=ActivityRecord{99d8782 u0 com.whatsapp/.Conversation} t46}
07-11 20:28:23.720  1307  6700 V WindowManager: Computed rotation=ROTATION_0 (0) for display id=0 based on lastOrientation=SCREEN_ORIENTATION_UNSPECIFIED (-1) and oldRotation=ROTATION_0 (0), caller=com.android.server.wm.DisplayRotation.updateOrientation:414 com.android.server.wm.DisplayContent.updateOrientation:1990 com.android.server.wm.DisplayContent.updateOrientation:1891 com.android.server.wm.RootWindowContainer.ensureVisibilityAndConfig:2139 com.android.server.wm.ActivityTaskSupervisor.realStartActivityLocked:913 com.android.server.wm.ActivityTaskSupervisor.startSpecificActivity:1227 
07-11 20:28:23.720  1307  6700 V WindowManager: updateDisplayAndOrientation: Change 571.5x564.444dpi to 428.625x423.33298dpi, BaseDpi=571.5x564.444, DisplayRatio=0.75x0.75
07-11 20:28:23.721  1307  6700 D TspStateManager: updateCustomValue customSetting=
07-11 20:28:23.721  1307  6700 V WindowManager: updateDisplayAndOrientation: Change 571.5x564.444dpi to 428.625x423.33298dpi, BaseDpi=571.5x564.444, DisplayRatio=0.75x0.75
07-11 20:28:23.721  1307  6700 D TspStateManager: updateCustomValue customSetting=
07-11 20:28:23.721  1307  6700 D SGM:PkgDataHelper: notifyAppCreate(), pkgName: com.google.android.packageinstaller, userId: 0, sendRet: true
07-11 20:28:23.721  1307  2310 D SGM:FgCheckThread: onLooperPrepared(), msg: MSG_APP_CREATE, pkgName: com.google.android.packageinstaller, userId: 0
07-11 20:28:23.722  1307  6700 D ActivityTaskManager: scheduleTopResumedActivityChanged, onTop=true r=ActivityRecord{87e3071 u0 com.google.android.packageinstaller/com.android.packageinstaller.PackageInstallerActivity} t46} caller=com.android.server.wm.ActivityTaskSupervisor.scheduleTopResumedActivityStateIfNeeded:2535 com.android.server.wm.ActivityTaskSupervisor.updateTopResumedActivityIfNeeded:2527 com.android.server.wm.TaskFragment.setResumedActivity:493 com.android.server.wm.TaskFragment.onActivityStateChanged:805 com.android.server.wm.ActivityRecord.setState:6406 com.android.server.wm.Task.minimalResumeActivityLocked:6155 
07-11 20:28:23.722  1307  6700 D InputDispatcher: Focused application(0): ActivityRecord{87e3071 u0 com.google.android.packageinstaller/com.android.packageinstaller.PackageInstallerActivity} t46}
07-11 20:28:23.722  1307  6700 W WindowManager: Execute app transition: mNextAppTransitionRequests=[TRANSIT_NONE, TRANSIT_CLOSE, TRANSIT_NONE, TRANSIT_NONE], mNextAppTransitionFlags=, displayId: 0 Callers=com.android.server.wm.RootWindowContainer.executeAppTransitionForAllDisplay:2580 com.android.server.wm.ActivityTaskSupervisor.reportResumedActivityLocked:2287 com.android.server.wm.ActivityRecord.completeResumeLocked:6987 com.android.server.wm.Task.minimalResumeActivityLocked:6156 com.android.server.wm.ActivityTaskSupervisor.realStartActivityLocked:1137 
07-11 20:28:23.723  1307  2788 D MdnieScenarioControlService:  packageName : com.google.android.packageinstaller    className : com.android.packageinstaller.PackageInstallerActivity
07-11 20:28:23.723  1307  2788 V MdnieScenarioControlService: setUIMode from UI function(3)
07-11 20:28:23.724  1307  1636 D SGM:FgCheckThread: notePauseComponent(), received pkgName: com.google.android.packageinstaller, userId: 0
07-11 20:28:23.724  1307  1307 I CocktailBarManagerServiceContainer: handleMessage: entry what = 6
07-11 20:28:23.724  3881  3881 I ViewRootImpl@4eab722[DeleteStagedFileOnResult]: performTraversals params={(0,0)(wrapxwrap) sim={adjust=pan} ty=BASE_APPLICATION fmt=TRANSLUCENT wanim=0x10302f7 surfaceInsets=Rect(8, 8 - 8, 8)
07-11 20:28:23.724  3881  3881 I ViewRootImpl@4eab722[DeleteStagedFileOnResult]:   fl=1800002
07-11 20:28:23.724  3881  3881 I ViewRootImpl@4eab722[DeleteStagedFileOnResult]:   pfl=42000000
07-11 20:28:23.724  3881  3881 I ViewRootImpl@4eab722[DeleteStagedFileOnResult]:   bhv=DEFAULT
07-11 20:28:23.724  3881  3881 I ViewRootImpl@4eab722[DeleteStagedFileOnResult]:   fitTypes=STATUS_BARS NAVIGATION_BARS CAPTION_BAR
07-11 20:28:23.724  3881  3881 I ViewRootImpl@4eab722[DeleteStagedFileOnResult]:  dimAmount=0.65 naviIconColor=0}
07-11 20:28:23.724  3881  3881 I ViewRootImpl@4eab722[DeleteStagedFileOnResult]: performTraversals mFirst=true windowShouldResize=true viewVisibilityChanged=false mForceNextWindowRelayout=false params={(0,0)(wrapxwrap) sim={adjust=pan} ty=BASE_APPLICATION fmt=TRANSLUCENT wanim=0x10302f7 surfaceInsets=Rect(8, 8 - 8, 8)
07-11 20:28:23.724  3881  3881 I ViewRootImpl@4eab722[DeleteStagedFileOnResult]:   fl=1800002
07-11 20:28:23.724  3881  3881 I ViewRootImpl@4eab722[DeleteStagedFileOnResult]:   pfl=42000000
07-11 20:28:23.724  3881  3881 I ViewRootImpl@4eab722[DeleteStagedFileOnResult]:   bhv=DEFAULT
07-11 20:28:23.724  3881  3881 I ViewRootImpl@4eab722[DeleteStagedFileOnResult]:   fitTypes=STATUS_BARS NAVIGATION_BARS CAPTION_BAR
07-11 20:28:23.724  3881  3881 I ViewRootImpl@4eab722[DeleteStagedFileOnResult]:  dimAmount=0.65 naviIconColor=0}
07-11 20:28:23.724  1307  1636 I SemPersonaManager: SecureFolder personaId = 150
07-11 20:28:23.724  1307  6700 V WindowManager: Relayout Window{ec2675c u0 com.google.android.packageinstaller/com.android.packageinstaller.DeleteStagedFileOnResult}: viewVisibility=0 req=1080x96 d0
07-11 20:28:23.724  1307  6700 D RestrictionPolicy: isScreenCaptureEnabled : ret=true userId=0
07-11 20:28:23.724  1140  1709 I SurfaceFlinger: id=4153 createSurf, flag=40004, com.google.android.packageinstaller/com.android.packageinstaller.DeleteStagedFileOnResult$_3881#4153
07-11 20:28:23.725  1307  6700 D WindowManager: makeSurface duration=1 name=com.google.android.packageinstaller/com.android.packageinstaller.DeleteStagedFileOnResul