--------- beginning of main
07-11 20:27:52.542  1119 25585 V APM_AudioPolicyManager: setAppState(portId:680, state:1)
07-11 20:27:52.551  1119 25585 V APM_AudioPolicyManager: setAppState(portId:680, state:1)
07-11 20:27:52.613  5660  9155 I native  : I0000 00:00:1783783672.613465    9155 hotword_processor.cc:848] Hotword has timed out.
07-11 20:27:52.614  5660  9155 I native  : I0000 00:00:1783783672.614542    9155 soda_impl.cc:1988] Adding hotword timeout event
07-11 20:27:52.614  5660  9155 I native  : I0000 00:00:1783783672.614675    9155 soda_async_impl.cc:1034] SODA stopped processing audio, mics audio processed in millis: 3000, loopback audio processed in millis: 0
07-11 20:27:52.615  5660  9155 I native  : I0000 00:00:1783783672.615047    9155 soda_async_impl.cc:1046] Audio readers are stopped.
07-11 20:27:52.615  5660  9155 I native  : I0000 00:00:1783783672.615421    9155 soda_async_impl.cc:1524] Ending ASR due to process sync signal.
07-11 20:27:52.615  5660  9155 I native  : I0000 00:00:1783783672.615922    9155 soda_async_impl.cc:1109] SODA session stopped due to: HOTWORD_TIMEOUT
07-11 20:27:52.616  5660  9157 I eory    : Hotword timeout event!
07-11 20:27:52.616  5660  9157 I eory    : After setting sodaStopCompleter for waitForSodaStoppedAfterTimeout
07-11 20:27:52.617  5660  7140 I eory    : onHotwordTimeout inside sequencer
07-11 20:27:52.617  5660  9157 I cziu    : onStopCapture
07-11 20:27:52.617  5660  9157 I cziu    : Unregister SodaAudioAdapter.
07-11 20:27:52.617  5660  9157 I edwy    : (REDACTED) #audio# unregistering source: %s
07-11 20:27:52.617  5660  9157 I edpw    : (REDACTED) #audio# unregisterAudioAdapter (%s)
07-11 20:27:52.617  5660  9157 I eegk    : (REDACTED) #audio# cancel timeout(token(%s))
07-11 20:27:52.619  5660  9157 I eory    : (REDACTED) SodaStopReason %s
07-11 20:27:52.619  5660  7210 I eegf    : (REDACTED) #audio# de-referencing(%s) from(%s)
07-11 20:27:52.619  5660  6730 I eory    : #onStop SodaState reset to INITIALIZED
07-11 20:27:52.620  5660  6730 I eory    : After reset sodaStopCompleter.
07-11 20:27:52.620  5660  6730 I eokv    : (REDACTED) HDM. #onSodaStop received %s
07-11 20:27:52.620  5660  7210 I eoqy    : (REDACTED) stopPushingAudio due to %s
07-11 20:27:52.620  5660  6730 I eokv    : (REDACTED) HDM. #onSodaStop inside sequentialExecutor %s
07-11 20:27:52.620  5660  7210 I eoqy    : Calling stopListening on hotwordListeningSession.
07-11 20:27:52.620  5660  7210 I eels    : (REDACTED) #audio# stop listening hotword client session(token(%d))
07-11 20:27:52.621  5660  7210 I eenx    : (REDACTED) #audio# stopping(%s) hotword session(%d) for %s
07-11 20:27:52.621  5660  6730 W eokp    : (REDACTED) HDM. %s. Completer is null; It could be set earlier or we ware not waiting for the disconnect signal.
07-11 20:27:52.621  5660  7210 I eegk    : (REDACTED) #audio# cancel timeout(token(%s))
07-11 20:27:52.621  5660  6730 I dzhb    : (REDACTED) HDM event received: %s
07-11 20:27:52.623  5660  7210 I eepa    : (REDACTED) #audio# stopping(%s) hotword source session(%d)
07-11 20:27:52.623  5660  7192 I eegf    : (REDACTED) #audio# de-referencing(%s) from(%s), (%s)
07-11 20:27:52.625  5660  3810 I eemk    : (REDACTED) #audio# closing audio source(%s)
07-11 20:27:52.625  5660  3810 I edwr    : (REDACTED) #audio# close audio source(identity(%s), recordId(%d))
07-11 20:27:52.626  5660  7192 I edqn    : (REDACTED) #audio# marking buffer(%s) closed, available(%d)
07-11 20:27:52.626  5660  7192 I edru    : (REDACTED) #audio# close processor (%s)
07-11 20:27:52.626  5660  7192 I edqn    : (REDACTED) #audio# unregistering receiver(%s) due to EOF, buffer(%s)
07-11 20:27:52.626  5660  7192 I edro    : (REDACTED) #audio# close processor(%s)
07-11 20:27:52.626  5660  7206 I eory    : Soda audio push completed.
07-11 20:27:52.627  5660  7192 I dzdj    : (REDACTED) Platform configuration for connection(%s) has changed(@%s):%s
07-11 20:27:52.627  5660  7192 I dzbf    : (REDACTED) On platform configuration update(@%s) in connection(%s).
07-11 20:27:52.628  5660  7210 I aixy    : (REDACTED) On platform configuration update(%s).
07-11 20:27:52.628  5660  7210 I aixg    : Received ConfigurationUpdate from Triggering API
07-11 20:27:52.731   992  2354 D audio_hw_primary: in_standby: enter: stream (0xea4824d0) usecase(24: audio-record)
07-11 20:27:52.731   992  2354 D audio_hw_primary: in_standby: sound trigger pcm stop lab
07-11 20:27:52.733  1307 10898 D SemWifiUsabilityStatsMonitor: onWifiUsabilityStats - seqNum 3618, isSameBssidAndFreq true
07-11 20:27:52.734  1307  2402 I SemWifiLinkQualityMonitor: Link Qos Query: 0.263 ms / 30.368 Mbps (32 / 0.013 / 1.000)
07-11 20:27:52.844   992  9148 D sound_trigger_hw: ape_stop_buffering:[2] Enter pcm 0xedcc23b0
07-11 20:27:52.846   992  9148 D sound_trigger_hw: ape_stop_buffering:[2] Exit, status=0
07-11 20:27:52.846   992  2354 D sound_trigger_hw: buffering_state_fn:[c2] post deferred stop on buffering end
07-11 20:27:52.851  1119 25585 V APM_AudioPolicyManager: stopInput portId 680
07-11 20:27:52.856   992  1899 D audio_hw_primary: adev_release_audio_patch: Remove patch with handle 27
07-11 20:27:52.856   992  1899 I audio_hw_sec: sec_route_input_stream: enter: in->is_st_session(1)
07-11 20:27:52.856   992  1899 D audio_hw_primary: route_input_stream: exit: status(0)
07-11 20:27:52.857  1119 25585 V APM_AudioPolicyManager: resetInputDevice() releaseAudioPatch returned 0
07-11 20:27:52.862  1119  1927 V APM_AudioPolicyManager: listAudioPorts() role 0 type 0 num_ports 0 ports 0xb40000719ded3430
07-11 20:27:52.862  1119  1927 V APM_AudioPolicyManager: listAudioPorts() got 0 ports needed 15
07-11 20:27:52.862  1307  2364 I SoundTriggerMiddlewareLogging: onResourcesAvailable[this=android.hardware.soundtrigger.SoundTriggerModule$EventHandlerDelegate@8b5673a, client=android.media.permission.Identity{uid: 10235, pid: 5660, packageName: com.google.android.googlequicksearchbox, attributionTag: null}]()
07-11 20:27:52.862  1119 12410 V APM_AudioPolicyManager: listAudioPorts() role 0 type 0 num_ports 0 ports 0xb40000719def8530
07-11 20:27:52.862  1119 12410 V APM_AudioPolicyManager: listAudioPorts() got 0 ports needed 15
07-11 20:27:52.862  1119  1927 V APM_AudioPolicyManager: listAudioPorts() role 0 type 0 num_ports 15 ports 0xb4000073ce04c090
07-11 20:27:52.862  1119  1927 V APM_AudioPolicyManager: listAudioPorts() got 15 ports needed 15
07-11 20:27:52.863  1119 13829 V APM_AudioPolicyManager: listAudioPorts() role 0 type 0 num_ports 0 ports 0xb40000719dede710
07-11 20:27:52.863  1119 13829 V APM_AudioPolicyManager: listAudioPorts() got 0 ports needed 15
07-11 20:27:52.863  1119  2381 V APM_AudioPolicyManager: listAudioPorts() role 0 type 0 num_ports 0 ports 0xb40000719def8bd0
07-11 20:27:52.863  1119  2381 V APM_AudioPolicyManager: listAudioPorts() got 0 ports needed 15
07-11 20:27:52.863  1119 13829 V APM_AudioPolicyManager: listAudioPorts() role 0 type 0 num_ports 15 ports 0xb4000073cdfbc060
07-11 20:27:52.863  1119 13829 V APM_AudioPolicyManager: listAudioPorts() got 15 ports needed 15
07-11 20:27:52.864  1119 12410 V APM_AudioPolicyManager: listAudioPorts() role 0 type 0 num_ports 15 ports 0xb4000073ce07c0a0
07-11 20:27:52.864  1119 12410 V APM_AudioPolicyManager: listAudioPorts() got 15 ports needed 15
07-11 20:27:52.865  1119 22380 V APM_AudioPolicyManager: listAudioPorts() role 0 type 0 num_ports 0 ports 0xb40000719ded3e70
07-11 20:27:52.865  1119 22380 V APM_AudioPolicyManager: listAudioPorts() got 0 ports needed 15
07-11 20:27:52.866  1119 22380 V APM_AudioPolicyManager: listAudioPorts() role 0 type 0 num_ports 15 ports 0xb4000073cdf8c050
07-11 20:27:52.866  1119 22380 V APM_AudioPolicyManager: listAudioPorts() got 15 ports needed 15
07-11 20:27:52.867  1119 25585 V APM_AudioPolicyManager: releaseInput portId 680
07-11 20:27:52.867  1119 25585 V APM_AudioPolicyManager: releaseInput 38
07-11 20:27:52.867  1119 25585 V APM_AudioPolicyManager: closeInput(38)
07-11 20:27:52.872  1119 25585 I MultiRecordManager: closeInputStream() skipMultiRecord
07-11 20:27:52.873  1307  2364 I SoundTriggerMiddlewareLogging: onResourcesAvailable[this=android.hardware.soundtrigger.SoundTriggerModule$EventHandlerDelegate@8b5673a, client=android.media.permission.Identity{uid: 10235, pid: 5660, packageName: com.google.android.googlequicksearchbox, attributionTag: null}]()
07-11 20:27:52.873  1119 25585 V APM_AudioPolicyManager: releaseInput exit
07-11 20:27:52.874  1119  2381 V APM_AudioPolicyManager: listAudioPorts() role 0 type 0 num_ports 15 ports 0xb4000073ce0ac0b0
07-11 20:27:52.874  1119  2381 V APM_AudioPolicyManager: listAudioPorts() got 14 ports needed 14
07-11 20:27:52.875  1119  1927 V APM_AudioPolicyManager: listAudioPorts() role 0 type 0 num_ports 0 ports 0xb40000719dee2030
07-11 20:27:52.875  1119  1927 V APM_AudioPolicyManager: listAudioPorts() got 0 ports needed 14
07-11 20:27:52.875  1119 13829 V APM_AudioPolicyManager: listAudioPorts() role 0 type 0 num_ports 0 ports 0xb40000719defa270
07-11 20:27:52.875  1119 13829 V APM_AudioPolicyManager: listAudioPorts() got 0 ports needed 14
07-11 20:27:52.876  1119  2381 V APM_AudioPolicyManager: listAudioPorts() role 0 type 0 num_ports 0 ports 0xb40000719defa470
07-11 20:27:52.876  1119  2381 V APM_AudioPolicyManager: listAudioPorts() got 0 ports needed 14
07-11 20:27:52.876  1119 12410 V APM_AudioPolicyManager: listAudioPorts() role 0 type 0 num_ports 14 ports 0xb4000073be0b30d0
07-11 20:27:52.876  1119 12410 V APM_AudioPolicyManager: listAudioPorts() got 14 ports needed 14
07-11 20:27:52.876  1119 13829 V APM_AudioPolicyManager: listAudioPorts() role 0 type 0 num_ports 0 ports 0xb40000719defa270
07-11 20:27:52.876  1119 13829 V APM_AudioPolicyManager: listAudioPorts() got 0 ports needed 14
07-11 20:27:52.876   992  2354 D audio_hw_primary: adev_close_input_stream: enter:stream_handle(0xea4824d0)
07-11 20:27:52.876   992  2354 D audio_hw_primary: io_streams_map_remove: Removed stream with handle 38
07-11 20:27:52.876   992  2354 D soundtrigger: audio_extn_sound_trigger_check_ec_ref_enable: EC Reference is disabled
07-11 20:27:52.876  1119 13829 V APM_AudioPolicyManager: listAudioPorts() role 0 type 0 num_ports 14 ports 0xb4000073be08b0c0
07-11 20:27:52.876  1119 13829 V APM_AudioPolicyManager: listAudioPorts() got 14 ports needed 14
07-11 20:27:52.876   992  2354 D sound_trigger_hw: handle_audio_ec_ref_enabled: Enter
07-11 20:27:52.876   992  2354 D sound_trigger_hw: handle_audio_ec_ref_enabled: Exit audio ec ref=0
07-11 20:27:52.877   992  2354 D soundtrigger: audio_extn_sound_trigger_update_ec_ref_status: update audio echo ref status false
07-11 20:27:52.877   992  2354 D audio_hw_primary: in_standby: enter: stream (0xea4824d0) usecase(24: audio-record)
07-11 20:27:52.878   992  1899 V sec_audio_hw: sec_dev_close_audio_stream: enter
07-11 20:27:52.878   992  1899 V sec_audio_hw: sec_dev_close_audio_stream: close sec audio stream for handle 38, type 1
07-11 20:27:52.878   992  1899 V sec_audio_hw: sec_dev_close_audio_stream: exit
07-11 20:27:52.878  1119  1927 V APM_AudioPolicyManager: listAudioPorts() role 0 type 0 num_ports 14 ports 0xb4000073bdfeb080
07-11 20:27:52.878  1119  1927 V APM_AudioPolicyManager: listAudioPorts() got 14 ports needed 14
07-11 20:27:52.880  1119  2381 V APM_AudioPolicyManager: listAudioPorts() role 0 type 0 num_ports 14 ports 0xb4000073be03b0a0
07-11 20:27:52.880  1119  2381 V APM_AudioPolicyManager: listAudioPorts() got 14 ports needed 14
07-11 20:27:52.882  5660  7192 I efgq    : (REDACTED) #audio# hotword client session(token(%d)) stop listening status(%s)
07-11 20:27:52.882  5660  7192 I eejp    : (REDACTED) #audio# HotwordListeningSession stop listening status: %s
07-11 20:27:52.882  5660  7210 I eefx    : (REDACTED) #audio# result(%s) stop signal completed
07-11 20:27:52.882  5660  7140 I eeio    : #audio# reportMicUpdate
07-11 20:27:52.882  5660  7210 I eefx    : (REDACTED) #audio# result(%s) stopped, processed %d bytes
07-11 20:27:52.882  1119  1927 V APM_AudioPolicyManager: listAudioPorts() role 0 type 0 num_ports 0 ports 0xb40000719ded4290
07-11 20:27:52.882  1119  1927 V APM_AudioPolicyManager: listAudioPorts() got 0 ports needed 14
07-11 20:27:52.883  5660  7210 I eefx    : (REDACTED) #audio# result(%s) removing %d receivers
07-11 20:27:52.883  1119  1927 V APM_AudioPolicyManager: listAudioPorts() role 0 type 0 num_ports 14 ports 0xb4000073bdfeb080
07-11 20:27:52.883  1119  1927 V APM_AudioPolicyManager: listAudioPorts() got 14 ports needed 14
07-11 20:27:52.884  1119  2381 V APM_AudioPolicyManager: listAudioPorts() role 0 type 0 num_ports 0 ports 0xb40000719def8bd0
07-11 20:27:52.884  1119  2381 V APM_AudioPolicyManager: listAudioPorts() got 0 ports needed 14
07-11 20:27:52.884  5660  7192 I eory    : Call the onHotwordTimeout callback.
07-11 20:27:52.884  5660  7192 I eoue    : (REDACTED) Hotword score : %f, Hotword model id : %s.
07-11 20:27:52.884  1119  2381 V APM_AudioPolicyManager: listAudioPorts() role 0 type 0 num_ports 14 ports 0xb4000073be03b0a0
07-11 20:27:52.884  5660  7192 I eoue    : (REDACTED) Timeout reason %s, Coarse channel index %d.
07-11 20:27:52.884  1119  2381 V APM_AudioPolicyManager: listAudioPorts() got 14 ports needed 14
07-11 20:27:52.884  1009 10943 I sensors-hal: handle_sns_client_event:252, auto_rotation_debug_2 mode,255, type,1,0 acc,-0.010,0.019,9.797, ar,0, ver,10
07-11 20:27:52.884  1009   991 I sensors-hal: handle_sns_client_event:541, [0][13500] accel_sample [-0.019,  0.024,  9.839] 15929559325607
07-11 20:27:52.885  5660  7192 I eouk    : onHotwordRejected called
07-11 20:27:52.886  5660  7206 I eouk    : (REDACTED) This is hotwordRejectionEventTimestamp: %s
07-11 20:27:52.886  5660  7192 I eokv    : (REDACTED) HDM. Inside Sequencer. Try to start recognition again after %s
07-11 20:27:52.886  5660  7192 I eokp    : (REDACTED) HDM. getAllConfigAndTakeAction called because of %s
07-11 20:27:52.886  5660  7206 I eokv    : HDM. onMicClose
07-11 20:27:52.886  5660  7206 I eolu    : (REDACTED) Operational mode passed in HotwordConfig is %s
07-11 20:27:52.887  5660  7191 I eomj    : (REDACTED) HDM. DSP hotword running %s
07-11 20:27:52.887  5660  7206 I eonn    : (REDACTED) No need to try to get the fallback locale. for keyphrase %s, locale %s
07-11 20:27:52.887  5660  7206 I eont    : (REDACTED) #getDspAvailableResult locale : %s, dsp locale : %s, keyphrase : %s, DSP keyphrase : %s, isKeyphraseAndLocaleSupported : %b, canUseDownloadDspModel : %b. forceUniversalDspHotwordModel : %b
--------- beginning of system
07-11 20:27:52.887  5660  7206 W KeyphraseEnrollmentInfo: No enrollment application supports the given keyphrase/locale: 'Y Google'/en_US
07-11 20:27:52.888  5660  7140 I eont    : (REDACTED) isDspHotwordSupportedByPlatform = %s, isDspHotwordModelAvailable = %s
07-11 20:27:52.888  5660  7140 I eokp    : (REDACTED) HDM. getAllConfigAndTakeAction dspAvailable: %b, disableDspInTest: %b
07-11 20:27:52.888  5660  7140 I eoip    : (REDACTED) HDM. hotword enrollment state is enrolled:  %s, speakerId model exist: %s.
07-11 20:27:52.890  5660  7140 I eoip    : (REDACTED) HDM. Hotword enrollment state : %s.
07-11 20:27:52.890  5660  7140 I eokp    : HDM. Registering for screen on/off intent ...
07-11 20:27:52.890  5660  7140 I eoip    : (REDACTED) HDM. Hotword enrollment state : %s.
07-11 20:27:52.903  5660  7192 I eolu    : (REDACTED) Operational mode passed in HotwordConfig is %s
07-11 20:27:52.903  5660  7192 I eoip    : (REDACTED) HDM. Hotword enrollment state : %s.
07-11 20:27:52.903  5660  7192 I eolm    : (REDACTED) HDM. DefaultPersonalDecisionMaker#getNextAction. Voice match enabled: %b. incomplete enrollment state: %b, screen on: %b, screen locked: %b dsp available: %b
07-11 20:27:52.904  5660  7192 I eolw    : (REDACTED) HDM. SharedDecisionMaker#getNextAction for requester %s, mode %s 
07-11 20:27:52.904  5660  7192 I eolw    : HDM. #SharedDecisionMaker. NextAction.START
07-11 20:27:52.904 27686 27686 I flwx    : (REDACTED) Created gRPC endpoint for service %s
07-11 20:27:52.910  5660  7192 I eojh    : HDM. Reconfig not needed.
07-11 20:27:52.910  5660  7192 I eokp    : (REDACTED) HDM. currentReconfigCheckerResult %s
07-11 20:27:52.910  5660  7192 I eory    : (REDACTED) #setSpeakerIdRequired: %s
07-11 20:27:52.910  5660  7192 I eokp    : (REDACTED) HDM. Get the next action %s for requester %s.
07-11 20:27:52.912  5660  7192 I eotu    : HDM. Trusted hotword is disabled due to feature flag
07-11 20:27:52.912  5660  7192 I eotu    : HDM. Trusted hotword is disabled due to feature flag
07-11 20:27:52.912  5660  7192 I eoje    : Starting non-trusted DSP hotword detection
07-11 20:27:52.912  5660  7192 I eomj    : HDM. #setDspHotwordModel
07-11 20:27:52.912  5660  7192 I eomj    : HDM. #startDspHotwordRecognition
07-11 20:27:52.912  5660  7206 I eomj    : HDM. #setDspHotwordModel inside sequencer.
07-11 20:27:52.912  5660  7192 I eokp    : HDM. #handleStartHotwordDetectionResult
07-11 20:27:52.912  5660  7206 I eokp    : HDM. #handleStartHotwordDetectionResult: calling addDspHotwordPropertiesToRequestHandlingMetadata
07-11 20:27:52.913  5660  7206 I eont    : #addDspHotwordPropertiesToRequestHandlingMetadata
07-11 20:27:52.913  5660  7192 I eont    : (REDACTED) #addDspHotwordPropertiesToRequestHandlingMetadata: properties=%s
07-11 20:27:52.914  5660  6406 I eomj    : HDM. #createAlwaysOnHotwordDetectorIfNecessary
07-11 20:27:52.914  5660  6406 I eomj    : HDM. alwaysOnHotwordDetector already created and first onAvailabilityChanged called.
07-11 20:27:52.915  5660  7140 I eonl    : HDM. #prepareDspModel
07-11 20:27:52.916  5660  7191 I eonl    : HDM. #prepareDspModel inside ExecutionSequencer
07-11 20:27:52.916  5660  7191 I eonl    : HDM. #prepareDspModel, already enrolled
07-11 20:27:52.916  5660  6354 I eomj    : (REDACTED) HDM. dspModelEnrollmentResult: %s, currentDownloadedDspHotwordModel.isPresent(): %b, directDspModeOrRetryInProgress: %b
07-11 20:27:52.924   992  2354 D sound_trigger_hw: stdev_start_recognition:[2] Enter
07-11 20:27:52.924   992  2354 D sound_trigger_hw: update_hw_config_on_start: No smlib, opaque data would be sent as is
07-11 20:27:52.924   992  2354 D sound_trigger_hw: update_hw_config_on_start:[2] lab enabled 1
07-11 20:27:52.924   992  2354 D sound_trigger_hw: buffering_state_fn:[c2-2] handle event START/RESTART
07-11 20:27:52.925   992  2354 D sound_trigger_hw: ape_stop:[2] Enter
07-11 20:27:52.927   992  2354 D sound_trigger_hw: ape_stop:[2] Exit, status=0
07-11 20:27:52.927   992  2354 D sound_trigger_hw: ape_dereg_sm_params:[2] Enter
07-11 20:27:52.927   992  2354 D sound_trigger_hw: ape_enable_use_case: disable use case = listen-voice-wakeup-2
07-11 20:27:52.927  1009  1689 D SensorsFlicker: Als_common::readEvents, enabled : 1, data : 0.000000, 0.000000, 0.000000, 0.000000, 0.000000, 50000.000000, 2048000.000000
07-11 20:27:52.941   992  2354 D sound_trigger_hw: sound_trigger_set_device: disable device (1) = listen-ape-handset-mic
07-11 20:27:52.944   992  2354 D sound_trigger_hw: session[2]: buffering_state_fn ---> loaded_state_fn
07-11 20:27:52.944   992  2354 E sound_trigger_hw: check_gcs_usecase_switch: Invalid session or non CPE session!
07-11 20:27:52.944   992  2354 D sound_trigger_platform: platform_stdev_get_capture_device: Device = 0x80000004
07-11 20:27:52.944   992  2354 D sound_trigger_platform: platform_stdev_get_capture_device: Available device = 0x80000004
07-11 20:27:52.945   992  2354 D sound_trigger_platform: platform_stdev_get_device_sample_rate: sample rate 16000
07-11 20:27:52.945   992  2354 D sound_trigger_platform: platform_stdev_send_calibration_v2: send dev cal for device(1) acdb_id(600) cal_mode(0) app_id(0)
07-11 20:27:52.945   992  2354 D ACDB-LOADER: acdb_loader_send_listen_device_cal_v1: sample_rate: 16000
07-11 20:27:52.945   992  2354 D ACDB-LOADER: ACDB -> send_adm_topology
07-11 20:27:52.945   992  2354 D ACDB-LOADER: ACDB -> ACDB_CMD_GET_AUDPROC_COMMON_TOPOLOGY_ID
07-11 20:27:52.945   992  2354 D ACDB-LOADER: Error: ACDB get adm topology for acdb id = 600, returned = -8
07-11 20:27:52.945   992  2354 D ACDB-LOADER: ACDB -> send_audtable
07-11 20:27:52.945   992  2354 D ACDB-LOADER: ACDB -> ACDB_CMD_GET_AUDPROC_INSTANCE_COMMON_TABLE_SIZE
07-11 20:27:52.945   992  2354 D android.hardware.audio.service: Failed to fetch the lookup information of the device 00000258 
07-11 20:27:52.945   992  2354 D ACDB-LOADER: Error: ACDB_CMD_GET_AUDPROC_INSTANCE_COMMON_TABLE_SIZE Returned = -19
07-11 20:27:52.945   992  2354 D ACDB-LOADER: ACDB -> ACDB_CMD_GET_AUDPROC_INSTANCE_COMMON_TABLE
07-11 20:27:52.945   992  2354 D android.hardware.audio.service: Failed to fetch the lookup information of the device 00000258 
07-11 20:27:52.945   992  2354 D ACDB-LOADER: Error: ACDB audproc returned = -19
07-11 20:27:52.945   992  2354 D ACDB-LOADER: ACDB -> AUDIO_SET_AUDPROC_CAL cal_type[48] acdb_id[600] app_type[0]
07-11 20:27:52.945   992  2354 D ACDB-LOADER: ACDB -> send_afe_topology
07-11 20:27:52.945   992  2354 D ACDB-LOADER: ACDB -> ACDB_CMD_GET_AFE_TOPOLOGY_ID
07-11 20:27:52.945   992  2354 D ACDB-LOADER: ACDB -> GET_AFE_TOPOLOGY_ID for adcd_id 600, Topology Id 20028005
07-11 20:27:52.945   992  2354 D ACDB-LOADER: ACDB -> send_afe_cal
07-11 20:27:52.945   992  2354 D ACDB-LOADER: ACDB -> ACDB_CMD_GET_AFE_INSTANCE_COMMON_TABLE_SIZE
07-11 20:27:52.945   992  2354 D ACDB-LOADER: ACDB -> ACDB_CMD_GET_AFE_INSTANCE_COMMON_TABLE
07-11 20:27:52.946   992  2354 D ACDB-LOADER: ACDB -> AUDIO_SET_AFE_CAL cal_type[46] acdb_id[600]
07-11 20:27:52.946   992  2354 D sound_trigger_platform: platform_stdev_get_capture_device: Device = 0x80000004
07-11 20:27:52.946   992  2354 D sound_trigger_platform: platform_stdev_get_capture_device: Available device = 0x80000004
07-11 20:27:52.946   992  2354 D sound_trigger_hw: sound_trigger_set_device: enable device (1) = listen-ape-handset-mic
07-11 20:27:52.946   992  2354 D audio_route: Apply path: listen-ape-handset-mic
07-11 20:27:52.950   992  2354 D sound_trigger_hw: ape_reg_sm_params:[2] Enter
07-11 20:27:52.950   992  2354 D audio_route: Apply path: listen-voice-wakeup-2 port
07-11 20:27:52.951   992  2354 D sound_trigger_hw: ape_enable_use_case: enable use case = listen-voice-wakeup-2
07-11 20:27:52.951   992  2354 D sound_trigger_platform: platform_stdev_send_stream_app_type_cfg: send Stream App Type Cfg for LPI
07-11 20:27:52.953   992  2354 D audio_route: Apply path: listen-voice-wakeup-2
07-11 20:27:52.977  1119  1927 V APM_AudioPolicyManager: listAudioPorts() role 0 type 0 num_ports 0 ports 0xb40000719dee2030
07-11 20:27:52.977  1119  1927 V APM_AudioPolicyManager: listAudioPorts() got 0 ports needed 14
07-11 20:27:52.978  1119  2381 V APM_AudioPolicyManager: listAudioPorts() role 0 type 0 num_ports 14 ports 0xb4000073be03b0a0
07-11 20:27:52.978  1119  2381 V APM_AudioPolicyManager: listAudioPorts() got 14 ports needed 14
07-11 20:27:52.980   992  2354 D sound_trigger_hw: ape_reg_sm_params: st_recogntion_mode 1, det_mode 1, lab 1
07-11 20:27:52.980   992  2354 D sound_trigger_hw: ape_start:[2] Enter
07-11 20:27:52.981   992  2354 D sound_trigger_hw: ape_start:[2] Exit, status=0
07-11 20:27:52.981   992  2354 D sound_trigger_hw: session[2]: buffering_state_fn ---> active_state_fn
07-11 20:27:52.981   992  2354 D sound_trigger_hw: reg_hal_event_session:[c2] ST_EVENT_SESSION_REGISTER capture_handle 38
07-11 20:27:52.981   992  2354 D audio_hw_sec: sec_set_sound_trigger_state changed sthal_state 0x2
07-11 20:27:52.981   992  2354 D sound_trigger_hw: stdev_start_recognition:[2] Exit
07-11 20:27:52.982  1307  1369 I SoundTriggerMiddlewareLogging: startRecognition[this=com.android.server.soundtrigger_middleware.SoundTriggerModule$Session@782db5c, client=android.media.permission.Identity{uid: 10235, pid: 5660, packageName: com.google.android.googlequicksearchbox, attributionTag: null}](1, android.media.soundtrigger.RecognitionConfig{captureRequested: true, phraseRecognitionExtras: [android.media.soundtrigger.PhraseRecognitionExtra{id: 101, recognitionModes: 1, confidenceLevel: 0, levels: []}], audioCapabilities: 0, data: []})
07-11 20:27:52.982  1307  1369 I SoundTriggerHelper: startRecognition successful.
07-11 20:27:52.983  5660  6354 I eomj    : HDM. Start DSP hotword detection successfully.
07-11 20:27:52.984  5660  7192 I eory    : Ignore the initializeSodaOnly request as Soda is already initialized.
07-11 20:27:52.984  1119  2381 V APM_AudioPolicyManager: listAudioPorts() role 0 type 0 num_ports 0 ports 0xb40000719def8bd0
07-11 20:27:52.984  1119  2381 V APM_AudioPolicyManager: listAudioPorts() got 0 ports needed 14
07-11 20:27:52.984  1119  2381 V APM_AudioPolicyManager: listAudioPorts() role 0 type 0 num_ports 14 ports 0xb4000073be03b0a0
07-11 20:27:52.985  1119  2381 V APM_AudioPolicyManager: listAudioPorts() got 14 ports needed 14
07-11 20:27:52.985  5660  7192 I eokp    : HDM. Hotword started successfully.
07-11 20:27:52.986  5660  7192 I dzhb    : (REDACTED) HDM event received: %s
07-11 20:27:52.989  5660  7192 I eokp    : HDM. after notify apa
07-11 20:27:52.989  5660  7192 I eokp    : HDM. #logRequestHandlingNonErrorEndEvent. Reset requestIdOfFirstError, firstStartErrorCausesRetry and numOfRetriesDoneForHotwordDetectorStartErrors!
07-11 20:27:52.991  5660  7210 I dzdj    : (REDACTED) Platform configuration for connection(%s) has changed(@%s):%s
07-11 20:27:52.992  5660  7210 I dzbf    : (REDACTED) On platform configuration update(@%s) in connection(%s).
07-11 20:27:52.992  5660  7206 I aixy    : (REDACTED) On platform configuration update(%s).
07-11 20:27:52.992  5660  7206 I aixg    : Received ConfigurationUpdate from Triggering API
07-11 20:27:53.334  1009  1689 D SensorsFlicker: Als_common::readEvents, enabled : 1, data : 0.000000, 0.000000, 0.000000, 0.000000, 0.000000, 50000.000000, 2048000.000000
07-11 20:27:53.445   702   702 D io_stats: !@   8,0 r 2605865 57972068 w 508141 6120176 d 197430 4470424 f 0 0 iot 478792 0 th 0 0 0 pt 0 inp 0 0 12161.425
07-11 20:27:53.797  1009  1689 D SensorsFlicker: Als_common::readEvents, enabled : 1, data : 0.000000, 0.000000, 0.000000, 0.000000, 0.000000, 50000.000000, 2048000.000000
07-11 20:27:54.229  1009  1689 D SensorsFlicker: Als_common::readEvents, enabled : 1, data : -1.000000, 0.000000, 0.000000, 0.000000, 0.000000, 50000.000000, 2048000.000000
07-11 20:27:54.549  1009  1009 I sensors-hal: set_config:67, sample_period_ns is adjusted to 200000000 based on min/max delay_ns
07-11 20:27:54.549  1009  1009 I sensors-hal: batch:363, com.samsung.sensor.light_cct/1511, period=200000000, max_latency=0 request completed
07-11 20:27:54.550  1009  1009 I sensors-hal: activate:279, com.samsung.sensor.light_cct/1511 en=1
07-11 20:27:54.551  1009  1009 I sensors-hal: get_qmi_debug_flag:241, support_qmi_debug : false
07-11 20:27:54.567  1009  1009 I sensors-hal: activate:297, com.samsung.sensor.light_cct/1511 en=1 completed
07-11 20:27:54.567  1307  2793 D SensorManager: registerListener :: 1511, TMD4907 Light CCT  Non-wakeup, 200000, 0, com.samsung.android.displaysolution.EyeComfortSolutionService$2@1f2c7d4
07-11 20:27:54.572  1009   991 I sensors-hal: handle_sns_client_event:541, [0][13600] accel_sample [-0.005,  0.034,  9.847] 15931564470711
07-11 20:27:54.609  1009  1640 I sensors-hal: handle_sns_std_sensor_event:268, [SSC_LIGHT] P: 3(0),m:1,c:6,b:107,ch:0,r:0,bl:0,16:9
07-11 20:27:54.610  1009  4632 I sensors-hal: handle_indication_realtime:466,  SCHED_FIFO(10) for qmi_cbk
07-11 20:27:54.610  1009  4632 I sensors-hal: handle_sns_std_sensor_event:90, light_cct: ts = 15931992746909 ns; value = [0.000000, 3.000000, 36.000000, 0.000000, 0.000000, 107.000000, 2.000000, 0.000000, 0.000000, 12.000000]
07-11 20:27:54.612  1307  2793 D SensorService: Calling activate off 1511
07-11 20:27:54.612  1009  1009 I sensors-hal: activate:279, com.samsung.sensor.light_cct/1511 en=0
07-11 20:27:54.613  1009  1009 I sensors-hal: deactivate:371, disconnect qmi to disable sensor
07-11 20:27:54.614  1009  1009 I sensors-hal: activate:297, com.samsung.sensor.light_cct/1511 en=0 completed
07-11 20:27:54.614  1307  2793 D SensorManager: unregisterListener :: com.samsung.android.displaysolution.EyeComfortSolutionService$2@1f2c7d4
07-11 20:27:54.657  1009  1689 D SensorsFlicker: Als_common::readEvents, enabled : 1, data : 0.000000, 0.000000, 0.000000, 0.000000, 0.000000, 50000.000000, 2048000.000000
07-11 20:27:55.116  1009  1689 D SensorsFlicker: Als_common::readEvents, enabled : 1, data : 0.000000, 0.000000, 0.000000, 0.000000, 0.000000, 50000.000000, 2048000.000000
07-11 20:27:55.447   702   702 D io_stats: !@   8,0 r 2605865 57972068 w 508144 6120192 d 197430 4470424 f 0 0 iot 478796 0 th 0 0 0 pt 0 inp 0 0 12163.427
07-11 20:27:55.524  1009  1689 D SensorsFlicker: Als_common::readEvents, enabled : 1, data : -1.000000, 0.000000, 0.000000, 0.000000, 0.000000, 50000.000000, 2048000.000000
07-11 20:27:55.913  1307 10898 D SemWifiUsabilityStatsMonitor: onWifiUsabilityStats - seqNum 3619, isSameBssidAndFreq true
07-11 20:27:55.916  1307  2402 I SemWifiLinkQualityMonitor: Link Qos Query: 0.212 ms / 37.822 Mbps (48 / 0.018 / 1.143)
07-11 20:27:55.973  1009  1689 D SensorsFlicker: Als_common::readEvents, enabled : 1, data : 0.000000, 0.000000, 0.000000, 0.000000, 0.000000, 50000.000000, 2048000.000000
07-11 20:27:56.059 10320 10320 I wpa_supplicant: Heartbeat 1174
07-11 20:27:56.435  1009  1689 D SensorsFlicker: Als_common::readEvents, enabled : 1, data : 0.000000, 0.000000, 0.000000, 0.000000, 0.000000, 50000.000000, 2048000.000000
07-11 20:27:56.833  1009  1689 D SensorsFlicker: Als_common::readEvents, enabled : 1, data : 0.000000, 0.000000, 0.000000, 0.000000, 0.000000, 50000.000000, 2048000.000000
07-11 20:27:57.141  1307  1369 W ProcessStats: Tracking association SourceState{2361c89 system/1000 BTopFgs #99345} whose proc state 2 is better than process ProcessState{b1f887c com.appslab.glass.widgets/10439 pkg=com.appslab.glass.widgets} proc state 3 (50 skipped)
07-11 20:27:57.294  1009  1689 D SensorsFlicker: Als_common::readEvents, enabled : 1, data : 0.000000, 0.000000, 0.000000, 0.000000, 0.000000, 50000.000000, 2048000.000000
07-11 20:27:57.389  1307  1656 E Watchdog: !@Sync: 406 heap: 124 / 130 FD: 1111 [2026-07-11 20:27:57.388]
07-11 20:27:57.731  1009  1689 D SensorsFlicker: Als_common::readEvents, enabled : 1, data : -1.000000, 0.000000, 0.000000, 0.000000, 0.000000, 50000.000000, 2048000.000000
07-11 20:27:58.158  1009  1689 D SensorsFlicker: Als_common::readEvents, enabled : 1, data : 0.000000, 0.000000, 0.000000, 0.000000, 0.000000, 50000.000000, 2048000.000000
07-11 20:27:58.616  1009  1689 D SensorsFlicker: Als_common::readEvents, enabled : 1, data : 0.000000, 0.000000, 0.000000, 0.000000, 0.000000, 50000.000000, 2048000.000000
07-11 20:27:59.019  1009  1689 D SensorsFlicker: Als_common::readEvents, enabled : 1, data : -1.000000, 0.000000, 0.000000, 0.000000, 0.000000, 50000.000000, 2048000.000000
07-11 20:27:59.021  1307 10898 D SemWifiUsabilityStatsMonitor: onWifiUsabilityStats - seqNum 3620, isSameBssidAndFreq true
07-11 20:27:59.025  1307  2402 I SemWifiLinkQualityMonitor: Link Qos Query: 0.194 ms / 41.312 Mbps (48 / 0.027 / 1.000)
07-11 20:27:59.450   702   702 D io_stats: !@   8,0 r 2605865 57972068 w 508149 6120212 d 197430 4470424 f 0 0 iot 478800 0 th 0 0 0 pt 0 inp 0 0 12167.430
07-11 20:27:59.468  1009  1689 D SensorsFlicker: Als_common::readEvents, enabled : 1, data : 0.000000, 0.000000, 0.000000, 0.000000, 0.000000, 50000.000000, 2048000.000000
07-11 20:27:59.935  1009  1689 D SensorsFlicker: Als_common::readEvents, enabled : 1, data : 0.000000, 0.000000, 0.000000, 0.000000, 0.000000, 50000.000000, 2048000.000000
07-11 20:28:00.012  3044  3044 W NavigableAppWidgetHostView: setResizeScaleResult() 1002/ 358 scaleToResize = 1.0(widget id = 19) 91fb6d2 0,1456-1002,1814
07-11 20:28:00.014  2520  2520 D KeyguardUpdateMonitor: received broadcast android.intent.action.TIME_TICK
07-11 20:28:00.014  2520  3127 D QSClockBellTower: onReceive(android.intent.action.TIME_TICK) mTimeZoneString:null
07-11 20:28:00.014  2520  2520 D KeyguardUpdateMonitor: handleTimeUpdate
07-11 20:28:00.015  2520  2520 D FaceWidgetPagesController: onTimeChanged()
07-11 20:28:00.018  2520  2520 D QSClockBellTower: He is ready to ring the bell. (((QSClockBellSound - TimeText:8:28, TimeContentDescription:8:28 PM, DateText:Sat, July 11, ShortDateText:Sat, Jul 11, Demo:false, QuickStar-Second(false|12:34:56))))
07-11 20:28:00.018  2520  2520 D QSClockIndicatorView: Home Indicator status_bar_clock 8:28 PM notifyTimeChanged(QSClockBellSound - TimeText:8:28, TimeContentDescription:8:28 PM, DateText:Sat, July 11, ShortDateText:Sat, Jul 11, Demo:false, QuickStar-Second(false|12:34:56)) ClockVisibleByPolicy:true, ClockVisibleByUser:true, visible?true, parent:android.widget.LinearLayout{f0a926c V.E...... ......ID 0,0-144,60 #7f0b04f0 app:id/left_clock_container}
07-11 20:28:00.019  2520  2520 D QSClockBellTower: Everyone heard the bell. run(currentTime:1783783680017,   getTime():Sat Jul 11 20:28:00 GMT+05:00 2026,   getTimeZone():libcore.util.ZoneInfo[mDstSavings=0,mUseDst=false,mDelegate=[id="Asia/Karachi",mRawOffset=18000000,mEarliestRawOffset=16092000,transitions=11]])
07-11 20:28:00.025  1307  1307 I EyeComfortSolutionService: action  :  android.intent.action.TIME_TICK
07-11 20:28:00.025  1140  1179 I VSyncReactor: Current= 60, TransitioningTo= 60, hwcPeriod= 60, Distance= 0
07-11 20:28:00.031  2520  2520 V QsExpandAnimator: setQsExpansionPosition 0.0
07-11 20:28:00.033  2520  2520 I ResourceType: [SWT] Success lookup value directly, data = 0x010607cc
07-11 20:28:00.035  2520  2520 V QsExpandAnimator: updateAnimators
07-11 20:28:00.035  2520  2520 V QsExpandAnimator: clearAnimationState 
07-11 20:28:00.035  2520  2520 V QsExpandAnimator: updateViews
07-11 20:28:00.038  2520  2520 V QsExpandAnimator: updateTileAnimator
07-11 20:28:00.038  2520  2520 V QsExpandAnimator: updateHeaderAnimator
07-11 20:28:00.039  2520  2520 V QsExpandAnimator: updateBarAnimator
07-11 20:28:00.039  2520  2520 V QsExpandAnimator: setQsExpansionPosition 0.0
07-11 20:28:00.039  2520  2520 V QsExpandAnimator: onAnimationAtStart
07-11 20:28:00.042  1140  1140 I SurfaceFlinger: SFWD update time=12168022245981
07-11 20:28:00.043  1140  1140 D SurfaceFlinger: GPIS:: requestGPIS
07-11 20:28:00.051  1140  3628 D NativeSemDvfsManager: acquire:: timeout = 2000 mIsAcquired = 1  mTagName : SurfaceFlinger 
07-11 20:28:00.053  1140  3628 E NativeCustomFrequencyManager: [NativeCFMS] BpCustomFrequencyManager::acquire()
07-11 20:28:00.053  1012  1045 I HYPER-HAL: [RequestManager.cpp]acquire(): Acquired ID : 2291870  [1140 / 1000]    HINT : SF_GPU_MINLOCK    list : [TIMEOUT / 2000] 
07-11 20:28:00.331  1009  1689 D SensorsFlicker: Als_common::readEvents, enabled : 1, data : 0.000000, 0.000000, 0.000000, 0.000000, 0.000000, 50000.000000, 2048000.000000
07-11 20:28:00.787  1009  1689 D SensorsFlicker: Als_common::readEvents, enabled : 1, data : 0.000000, 0.000000, 0.000000, 0.000000, 0.000000, 50000.000000, 2048000.000000
07-11 20:28:01.220  1009  1689 D SensorsFlicker: Als_common::readEvents, enabled : 1, data : -1.000000, 0.000000, 0.000000, 0.000000, 0.000000, 50000.000000, 2048000.000000
07-11 20:28:01.341  1009  1640 I sensors-hal: handle_sns_std_sensor_event:268, [SSC_LIGHT] P: 3(0),m:1,c:6,b:107,ch:0,r:0,bl:0,16:9
07-11 20:28:01.341  1009   991 I sensors-hal: handle_sns_client_event:541, [0][13700] accel_sample [-0.013,  0.038,  9.831] 15933569608472
07-11 20:28:01.342  1009   991 I sensors-hal: handle_sns_client_event:541, [0][13800] accel_sample [ 0.002,  0.036,  9.793] 15935574739253
07-11 20:28:01.342  1009   991 I sensors-hal: handle_sns_client_event:541, [0][13900] accel_sample [-0.017,  0.030,  9.792] 15937579863211
07-11 20:28:01.647  1009  1689 D SensorsFlicker: Als_common::readEvents, enabled : 1, data : 0.000000, 0.000000, 0.000000, 0.000000, 0.000000, 50000.000000, 2048000.000000
07-11 20:28:02.056  1012  4634 I HYPER-HAL: [RequestManager.cpp]releaseLocked(): Released ID : 2291870
07-11 20:28:02.105  1009  1689 D SensorsFlicker: Als_common::readEvents, enabled : 1, data : 0.000000, 0.000000, 0.000000, 0.000000, 0.000000, 50000.000000, 2048000.000000
07-11 20:28:02.120  1307 10898 D SemWifiUsabilityStatsMonitor: onWifiUsabilityStats - seqNum 3621, isSameBssidAndFreq true
07-11 20:28:02.122  1307  2402 I SemWifiLinkQualityMonitor: Link Qos Query: 0.182 ms / 43.947 Mbps (48 / 0.015 / 1.000)
07-11 20:28:02.517  1009  1689 D SensorsFlicker: Als_common::readEvents, enabled : 1, data : -1.000000, 0.000000, 0.000000, 0.000000, 0.000000, 50000.000000, 2048000.000000
07-11 20:28:02.911  1009 10943 I sensors-hal: handle_sns_client_event:252, auto_rotation_debug_2 mode,255, type,1,0 acc,0.043,0.031,9.809, ar,0, ver,10
07-11 20:28:02.911  1009   991 I sensors-hal: handle_sns_client_event:541, [0][14000] accel_sample [-0.020,  0.002,  9.772] 15939584980763
07-11 20:28:02.968  1009  1689 D SensorsFlicker: Als_common::readEvents, enabled : 1, data : 0.000000, 0.000000, 0.000000, 0.000000, 0.000000, 50000.000000, 2048000.000000
07-11 20:28:03.425  1009  1689 D SensorsFlicker: Als_common::readEvents, enabled : 1, data : 0.000000, 0.000000, 0.000000, 0.000000, 0.000000, 50000.000000, 2048000.000000
07-11 20:28:03.454   702   702 D io_stats: !@   8,0 r 2605874 57972116 w 508149 6120212 d 197430 4470424 f 0 0 iot 478804 0 th 0 0 0 pt 0 inp 0 0 12171.434
07-11 20:28:03.828  1009  1689 D SensorsFlicker: Als_common::readEvents, enabled : 1, data : 0.000000, 0.000000, 0.000000, 0.000000, 0.000000, 50000.000000, 2048000.000000
07-11 20:28:04.285  1009  1689 D SensorsFlicker: Als_common::readEvents, enabled : 1, data : 0.000000, 0.000000, 0.000000, 0.000000, 0.000000, 50000.000000, 2048000.000000
07-11 20:28:04.626  1009  1009 I sensors-hal: set_config:67, sample_period_ns is adjusted to 200000000 based on min/max delay_ns
07-11 20:28:04.626  1009  1009 I sensors-hal: batch:363, com.samsung.sensor.light_cct/1511, period=200000000, max_latency=0 request completed
07-11 20:28:04.627  1009  1009 I sensors-hal: activate:279, com.samsung.sensor.light_cct/1511 en=1
07-11 20:28:04.628  1009  1009 I sensors-hal: get_qmi_debug_flag:241, support_qmi_debug : false
07-11 20:28:04.640  1009  1009 I sensors-hal: activate:297, com.samsung.sensor.light_cct/1511 en=1 completed
07-11 20:28:04.641  1307  2793 D SensorManager: registerListener :: 1511, TMD4907 Light CCT  Non-wakeup, 200000, 0, com.samsung.android.displaysolution.EyeComfortSolutionService$2@1f2c7d4
07-11 20:28:04.649  1009   991 I sensors-hal: handle_sns_client_event:541, [0][14100] accel_sample [-0.010,  0.025,  9.791] 15941590092430
07-11 20:28:04.691  1009  1640 I sensors-hal: handle_sns_std_sensor_event:268, [SSC_LIGHT] P: 3(0),m:1,c:6,b:107,ch:0,r:0,bl:0,16:9
07-11 20:28:04.692  1009  4636 I sensors-hal: handle_indication_realtime:466,  SCHED_FIFO(10) for qmi_cbk
07-11 20:28:04.693  1009  4636 I sensors-hal: handle_sns_std_sensor_event:90, light_cct: ts = 15942072804149 ns; value = [0.000000, 3.000000, 36.000000, 0.000000, 0.000000, 107.000000, 2.000000, 0.000000, 0.000000, 12.000000]
07-11 20:28:04.696  1307  2793 D SensorService: Calling activate off 1511
07-11 20:28:04.696  1009  1009 I sensors-hal: activate:279, com.samsung.sensor.light_cct/1511 en=0
07-11 20:28:04.698  1009  1009 I sensors-hal: deactivate:371, disconnect qmi to disable sensor
07-11 20:28:04.698  1009  1009 I sensors-hal: activate:297, com.samsung.sensor.light_cct/1511 en=0 completed
07-11 20:28:04.699  1307  2793 D SensorManager: unregisterListener :: com.samsung.android.displaysolution.EyeComfortSolutionService$2@1f2c7d4
07-11 20:28:04.714  1009  1689 D SensorsFlicker: Als_common::readEvents, enabled : 1, data : -1.000000, 0.000000, 0.000000, 0.000000, 0.000000, 50000.000000, 2048000.000000
07-11 20:28:04.901 11820 12488 W System.err: java.lang.ClassNotFoundException: com.bytedance.sdk.account.adapter.bpea.AccountSdkBpeaAdapter
07-11 20:28:04.901 11820 12488 W System.err: 	at java.lang.Class.classForName(Native Method)
07-11 20:28:04.901 11820 12488 W System.err: 	at java.lang.Class.forName(Class.java:454)
07-11 20:28:04.901 11820 12488 W System.err: 	at java.lang.Class.forName(Class.java:379)
07-11 20:28:04.901 11820 12488 W System.err: 	at com.bytedance.sdk.account.bpea.BpeaManager.getInstance(Unknown Source:262157)
07-11 20:28:04.902 11820 12488 W System.err: 	at com.bytedance.sdk.account.bpea.BpeaManager.isUsable(Unknown Source:131072)
07-11 20:28:04.902 11820 12488 W System.err: 	at com.bytedance.sdk.account.bpea.BpeaManager.invokeDeviceInfoApi(Unknown Source:67371024)
07-11 20:28:04.902 11820 12488 W System.err: 	at com.bytedance.sdk.account.utils.Utils.getSpecialCookieInfo(Unknown Source:33882125)
07-11 20:28:04.902 11820 12488 W System.err: 	at com.bytedance.sdk.account.utils.CsrfCookieHelper.getCsrfTokenLegacy(Unknown Source:16973826)
07-11 20:28:04.902 11820 12488 W System.err: 	at com.bytedance.sdk.account.utils.CsrfCookieHelper.getTokenFromCookie(Unknown Source:33816604)
07-11 20:28:04.902 11820 12488 W System.err: 	at com.bytedance.sdk.account.impl.BaseAccountApi.addCsrfToken(Unknown Source:33816580)
07-11 20:28:04.902 11820 12488 W System.err: 	at com.bytedance.sdk.account.impl.BaseAccountApi.executeGet(Unknown Source:50659401)
07-11 20:28:04.902 11820 12488 W System.err: 	at com.bytedance.sdk.account.impl.BaseAccountApi.executeRequest(Unknown Source:458867)
07-11 20:28:04.902 11820 12488 W System.err: 	at com.bytedance.sdk.account.impl.BaseAccountApi.execute(Unknown Source:262147)
07-11 20:28:04.902 11820 12488 W System.err: 	at com.bytedance.sdk.account.impl.BaseAccountApi.run(Unknown Source:327680)
07-11 20:28:04.902 11820 12488 W System.err: 	at com.bytedance.sdk.account.impl.BaseAccountApi.runInPool(Unknown Source:0)
07-11 20:28:04.902 11820 12488 W System.err: 	at com.bytedance.sdk.account.impl.BaseAccountApi$AccountApiThread.run(Unknown Source:65538)
07-11 20:28:04.902 11820 12488 W System.err: 	at com.bytedance.sdk.account.network.dispatcher.ApiDispatcher.processLegacyApiThread(Unknown Source:17170505)
07-11 20:28:04.902 11820 12488 W System.err: 	at com.bytedance.sdk.account.network.dispatcher.ApiDispatcher.bpea_origin_run(Unknown Source:262169)
07-11 20:28:04.902 11820 12488 W System.err: 	at com.bytedance.sdk.account.network.dispatcher.ApiDispatcher.run(Unknown Source:8)
07-11 20:28:04.902 11820 12488 W System.err: Caused by: java.lang.ClassNotFoundException: com.bytedance.sdk.account.adapter.bpea.AccountSdkBpeaAdapter
07-11 20:28:04.902 11820 12488 W System.err: 	... 19 more
07-11 20:28:04.920 11820 12488 D Helios:Network-White: Block request passport-api.capcutapi.com
07-11 20:28:04.928 11820 12407 D Helios:Network-TTNet: pop event true for 09b3312a-7801-4464-b378-311698b74763
07-11 20:28:04.949  1307  2441 D NetdEventListenerService: DNS Requested by : 100, 10397
07-11 20:28:05.126 11820 12488 W System.err: java.lang.NumberFormatException: For input string: ""
07-11 20:28:05.131 11820 12488 W System.err: 	at java.lang.Integer.parseInt(Integer.java:757)
07-11 20:28:05.131 11820 12488 W System.err: 	at java.lang.Integer.parseInt(Integer.java:865)
07-11 20:28:05.132 11820 12488 W System.err: 	at com.vega.launcher.network.interceptors.CrackingInterceptor.intercept(Native Method)
07-11 20:28:05.132 11820 12488 W System.err: 	at com.bytedance.retrofit2.intercept.RealInterceptorChain.proceed(Unknown Source:17236130)
07-11 20:28:05.132 11820 12488 W System.err: 	at com.vega.launcher.network.interceptors.TimeOutSettingInterceptor.intercept(Unknown Source:17302005)
07-11 20:28:05.132 11820 12488 W System.err: 	at com.bytedance.retrofit2.intercept.RealInterceptorChain.proceed(Unknown Source:17236130)
07-11 20:28:05.132 11820 12488 W System.err: 	at com.vega.launcher.network.interceptors.LynxSignVerifyInterceptor.intercept(Unknown Source:17170503)
07-11 20:28:05.132 11820 12488 W System.err: 	at com.bytedance.retrofit2.intercept.RealInterceptorChain.proceed(Unknown Source:17236130)
07-11 20:28:05.132 11820 12488 W System.err: 	at com.vega.launcher.network.interceptors.SignVerifyInterceptor.intercept(Unknown Source:17170510)
07-11 20:28:05.132 11820 12488 W System.err: 	at com.bytedance.retrofit2.intercept.RealInterceptorChain.proceed(Unknown Source:17236130)
07-11 20:28:05.132 11820 12488 W System.err: 	at com.vega.launcher.network.interceptors.AssistInterceptor.intercept(Unknown Source:17236332)
07-11 20:28:05.132 11820 12488 W System.err: 	at com.bytedance.retrofit2.intercept.RealInterceptorChain.proceed(Unknown Source:17236130)
07-11 20:28:05.132 11820 12488 W System.err: 	at com.vega.effectplatform.artist.net.ArtistCollectInterceptor.intercept(Unknown Source:17105003)
07-11 20:28:05.132 11820 12488 W System.err: 	at com.bytedance.retrofit2.intercept.RealInterceptorChain.proceed(Unknown Source:17236130)
07-11 20:28:05.132 11820 12488 W System.err: 	at com.vega.launcher.network.interceptors.RetrofitHeaderInterceptor.intercept(Unknown Source:17367976)
07-11 20:28:05.132 11820 12488 W System.err: 	at com.bytedance.retrofit2.intercept.RealInterceptorChain.proceed(Unknown Source:17236130)
07-11 20:28:05.132 11820 12488 W System.err: 	at com.vega.libeffectapi.util.VimoNetHeaderInterceptor.intercept(Unknown Source:17170582)
07-11 20:28:05.132 11820 12488 W System.err: 	at com.bytedance.retrofit2.intercept.RealInterceptorChain.proceed(Unknown Source:17236130)
07-11 20:28:05.132 11820 12488 W System.err: 	at com.lm.components.network.extra.HttpHeaderInterceptor.intercept(Unknown Source:17302063)
07-11 20:28:05.132 11820 12488 W System.err: 	at com.bytedance.retrofit2.intercept.RealInterceptorChain.proceed(Unknown Source:17236130)
07-11 20:28:05.132 11820 12488 W System.err: 	at ms.bd.o.b3$a.intercept(Unknown Source:17170438)
07-11 20:28:05.132 11820 12488 W System.err: 	at com.bytedance.retrofit2.intercept.RealInterceptorChain.proceed(Unknown Source:17236130)
07-11 20:28:05.132 11820 12488 W System.err: 	at com.bytedance.privacy.dispatch.monitor.BootDomainInterceptor.intercept(Unknown Source:17170460)
07-11 20:28:05.132 11820 12488 W System.err: 	at com.bytedance.retrofit2.intercept.RealInterceptorChain.proceed(Unknown Source:17236130)
07-11 20:28:05.132 11820 12488 W System.err: 	at com.bytedance.privacy.region.CdnRegionInterceptor.intercept(Unknown Source:17235977)
07-11 20:28:05.132 11820 12488 W System.err: 	at com.bytedance.retrofit2.intercept.RealInterceptorChain.proceed(Unknown Source:17236130)
07-11 20:28:05.133 11820 12488 W System.err: 	at com.vega.core.net.RetryInterceptor.intercept(Unknown Source:17104911)
07-11 20:28:05.133 11820 12488 W System.err: 	at com.bytedance.retrofit2.intercept.RealInterceptorChain.proceed(Unknown Source:17236130)
07-11 20:28:05.133 11820 12488 W System.err: 	at com.bytedance.frameworks.baselib.network.http.retrofit.BaseSsInterceptor.intercept(Unknown Source:16973846)
07-11 20:28:05.133 11820 12488 W System.err: 	at com.bytedance.retrofit2.intercept.RealInterceptorChain.proceed(Unknown Source:17236130)
07-11 20:28:05.133 11820 12488 W System.err: 	at com.bytedance.retrofit2.SsHttpCall.getResponseWithInterceptorChain(Unknown Source:327790)
07-11 20:28:05.133 11820 12488 W System.err: 	at com.bytedance.retrofit2.SsHttpCall.execute(Unknown Source:327713)
07-11 20:28:05.133 11820 12488 W System.err: 	at com.bytedance.retrofit2.ExecutorCallAdapterFactory$ExecutorCallbackCall.execute(Unknown Source:65538)
07-11 20:28:05.133 11820 12488 W System.err: 	at com.lemon.account.AccountFacade$init$1$getNetwork$1.executeGet(Unknown Source:50659449)
07-11 20:28:05.133 11820 12488 W System.err: 	at com.bytedance.sdk.account.utils.NetworkUtils.executeGet(Unknown Source:50528266)
07-11 20:28:05.133 11820 12488 W System.err: 	at com.bytedance.sdk.account.impl.BaseAccountApi.executeGet(Unknown Source:50659429)
07-11 20:28:05.133 11820 12488 W System.err: 	at com.bytedance.sdk.account.impl.BaseAccountApi.executeRequest(Unknown Source:458867)
07-11 20:28:05.133 11820 12488 W System.err: 	at com.bytedance.sdk.account.impl.BaseAccountApi.execute(Unknown Source:262147)
07-11 20:28:05.133 11820 12488 W System.err: 	at com.bytedance.sdk.account.impl.BaseAccountApi.run(Unknown Source:327680)
07-11 20:28:05.133 11820 12488 W System.err: 	at com.bytedance.sdk.account.impl.BaseAccountApi.runInPool(Unknown Source:0)
07-11 20:28:05.133 11820 12488 W System.err: 	at com.bytedance.sdk.account.impl.BaseAccountApi$AccountApiThread.run(Unknown Source:65538)
07-11 20:28:05.133 11820 12488 W System.err: 	at com.bytedance.sdk.account.network.dispatcher.ApiDispatcher.processLegacyApiThread(Unknown Source:17170505)
07-11 20:28:05.133 11820 12488 W System.err: 	at com.bytedance.sdk.account.network.dispatcher.ApiDispatcher.bpea_origin_run(Unknown Source:262169)
07-11 20:28:05.133 11820 12488 W System.err: 	at com.bytedance.sdk.account.network.dispatcher.ApiDispatcher.run(Unknown Source:8)
07-11 20:28:05.145  1009  1689 D SensorsFlicker: Als_common::readEvents, enabled : 1, data : 0.000000, 0.000000, 0.000000, 0.000000, 0.000000, 50000.000000, 2048000.000000
07-11 20:28:05.165  1307 10898 D SemWifiUsabilityStatsMonitor: onWifiUsabilityStats - seqNum 3622, isSameBssidAndFreq true
07-11 20:28:05.169  1307  2402 I SemWifiLinkQualityMonitor: Link Qos Query: 0.188 ms / 42.660 Mbps (51 / 0.014 / 1.100)
07-11 20:28:05.200  5689  7051 I SDHMS:D : SIOP:: AP:328 BAT:320 USB:323 CHG:331 PA:-777 CP:324 WIFI:352 BLK:0 SUBBAT:0 SKIN:336 SKINF:-777 SKINB:-777 LRP:336 LRF:-777 LRB:-777 BLRF:336 BLRB:330 APT:-777 APR:-777 ANT0:-777 
07-11 20:28:05.200  5689  7051 I SDHMS:D : MODEMQ:: 
07-11 20:28:05.211  1307  1307 D SemWifiP2pGoPowerSave: GopsReceiver : received : com.samsung.intent.action.CHECK_SIOP_LEVEL
07-11 20:28:05.211  1307  1307 I SemWifiP2pGoPowerSave: siop_level = -2
07-11 20:28:05.214  8581  8856 I SystemBroadcastReceiver: [#CMH#] onReceive completed :  0
