07-11 20:28:18.695  1009  1689 D SensorsFlicker: Als_common::readEvents, enabled : 1, data : -1.000000, 0.000000, 0.000000, 0.000000, 0.000000, 50000.000000, 2048000.000000
07-11 20:28:19.142  1009  1689 D SensorsFlicker: Als_common::readEvents, enabled : 1, data : 0.000000, 0.000000, 0.000000, 0.000000, 0.000000, 50000.000000, 2048000.000000
07-11 20:28:19.363  1307  1693 D PowerManagerService: UserActivityStateListenerState: 0
07-11 20:28:19.465   702   702 D io_stats: !@   8,0 r 2605908 57973112 w 508226 6122916 d 197430 4470424 f 0 0 iot 478876 0 th 0 0 0 pt 0 inp 0 0 12187.445
07-11 20:28:19.593  1009  1689 D SensorsFlicker: Als_common::readEvents, enabled : 1, data : 0.000000, 0.000000, 0.000000, 0.000000, 0.000000, 50000.000000, 2048000.000000
07-11 20:28:19.815  1009  1640 I sensors-hal: handle_sns_std_sensor_event:268, [SSC_LIGHT] P: 3(2),m:1,c:6,b:107,ch:0,r:0,bl:0,16:11
07-11 20:28:19.816  1009   991 I sensors-hal: handle_sns_client_event:541, [0][14700] accel_sample [-0.028,  0.036,  9.813] 15953620661678
07-11 20:28:19.817  1009   991 I sensors-hal: handle_sns_client_event:541, [0][14800] accel_sample [-0.019,  0.023,  9.797] 15955625743136
07-11 20:28:19.930  1307  2295 D InputReader: Btn_touch(4): value=1 when=12187.909508
07-11 20:28:19.930  1307  2295 I InputReader: Touch event's action is 0x0 (id=7, t=0) [pCnt=1, s=0.3247 ] when=12187.909508
07-11 20:28:19.931  1307  2294 I InputDispatcher: Delivering touch to (2520): action: 0x4, f=0x0, d=0, '7a38cab', t=1 
07-11 20:28:19.932  1307  2294 I InputDispatcher: Delivering touch to (3044): action: 0x0, f=0x0, d=0, '33af6b7', t=1 *(0.75)
07-11 20:28:19.932  1307  2294 D PowerManagerService: [api] userActivityFromNative :  (event: 2 flags: 0 displayId: 0) eventTime = 12187909
07-11 20:28:19.933  3044  3044 I ViewRootImpl@7d76fce[LauncherActivity]: ViewPostIme pointer 0
07-11 20:28:19.933  3044  3044 W BaseDragLayer: dispatchTouchEvent, ACTION_DOWN - mTouchDispatchState = 11
07-11 20:28:19.933  3044  3044 W BaseDragLayer: findActiveController return false mTouchDispatchState = 11
07-11 20:28:19.933  1307  1634 I GestureDetector: obtain mCurrentDownEvent. id: 794085865 caller: com.android.server.wm.SystemGesturesPointerEventListener.onPointerEvent:203 com.android.server.wm.PointerEventDispatcher.onInputEvent:53 android.view.InputEventReceiver.dispatchInputEvent:285 
07-11 20:28:19.934  1307  1634 I GestureDetector: obtain mCurrentDownEvent. id: 794085865 caller: com.android.server.wm.SystemPerformancePointerEventListener.onPointerEvent:89 com.android.server.wm.PointerEventDispatcher.onInputEvent:53 android.view.InputEventReceiver.dispatchInputEvent:285 
07-11 20:28:19.934  3044  3044 I TouchInteractionService: createGestureState, gestureId : 527
07-11 20:28:19.934  3044  3044 I TopTaskTracker: getCachedTopTask : filterOnlyVisibleRecents = false
07-11 20:28:19.934  3044  3044 I TopTaskTracker: getCachedTopTask : tasks = [TaskInfo{userId=0 taskId=7 displayId=0 isRunning=true baseIntent=Intent { act=android.intent.action.MAIN cat=[android.intent.category.HOME] flg=0x10000100 cmp=com.sec.android.app.launcher/.activities.LauncherActivity } baseActivity=ComponentInfo{com.sec.android.app.launcher/com.sec.android.app.launcher.activities.LauncherActivity} topActivity=ComponentInfo{com.sec.android.app.launcher/com.android.launcher3.uioverrides.QuickstepLauncher} origActivity=ComponentInfo{com.sec.android.app.launcher/com.sec.android.app.launcher.activities.LauncherActivity} realActivity=ComponentInfo{com.sec.android.app.launcher/com.android.launcher3.uioverrides.QuickstepLauncher} numActivities=1 lastActiveTime=15833150 supportsSplitScreenMultiWindow=true supportsMultiWindow=true resizeMode=2 isResizeable=true minWidth=-1 minHeight=-1 defaultMinSize=220 token=WCT{android.window.IWindowContainerToken$Stub$Proxy@a08046f} topActivityType=2 pictureInPictureParams=null shouldDockBigOverlays=false launchIntoPipHostTaskId=0 displayCutoutSafeInsets=null topActivityInfo=ActivityInfo{39de57c com.sec.android.app.launcher.activities.LauncherActivity} launchCookies=[] positionInParent=Point(0, 0) parentTaskId=-1 isFocused=false isVisible=true isSleeping=false topActivityInSizeCompat=false topActivityEligibleForLetterboxEducation= false locusId=LocusId[17_chars] displayAreaFeatureId=1 cameraCompatControlState=hidden originallySupportedSplitScreen=true hasWallpaper=true isTopTransparentActivity=true topActivityInFixedAspectRatio=false topActivityInDisplayCompat=false topActivityInBoundsCompat=false topActivityBounds=null}, TaskInfo{userId=0 taskId=44 displayId=0 isRunning=true baseIntent=Intent { act=android.settings.SETTINGS flg=0x14000000 cmp=com.android.settings/.homepage.SettingsHomepageActivity } baseActivity=ComponentInfo{com.android.settings/com.android.settings.homepage.SettingsHomepageActivity} topActivity=ComponentInfo{com.android.settings/com.android.settings.homepage.SettingsHomepageActivity} origActivity=null realActivity=ComponentInfo{com.android.settings/com.android.settings.homepage.SettingsHomepageActivity} numActivities=1 lastActiveTime=15723020 supportsSplitScreenMultiWindow=true supportsMultiWindow=true resizeMode=1 isResizeable=true minWidth=-1 minHeight=-1 defaultMinSize=220 token=WCT{android.window.IWindowContainerToken$Stub$Proxy@ffa4405} topActivityType=1 pictureInPictureParams=null shouldDockBigOverlays=false launchIntoPipHostTaskId=0 displayCutoutSafeInsets=Rect(0, 78 - 0, 0) topActivityInfo=ActivityInfo{f26ac5a com.android.settings.homepage.SettingsHomepageActivity} launchCookies=[] positionInParent=Point(0, 0) parentTaskId=-1 isFocused=false isVisible=false isSleeping=false topActivityInSizeCompat=false topActivityEligibleForLetterboxEducation= false locusId=null displayAreaFeatureId=1 cameraCompatControlState=hidden originallySupportedSplitScreen=true hasWallpaper=false isTopTransparentActivity=false topActivityInFixedAspectRatio=false topActivityInDisplayCompat=false topActivityInBoundsCompat=false topActivityBounds=null}]
07-11 20:28:19.934  3044  3044 I GestureState: updateRunningTask, runningTask : 7, previousRunningTask : null
07-11 20:28:19.934  3044  3044 W RecentsAnimationDeviceState: canStartSystemGesture, return true by !isHomeDisabled
07-11 20:28:19.934  3044  3044 I TouchInteractionService: newConsumer, canStartSystemGesture : true
07-11 20:28:19.934  3044  3044 I OverviewInputConsumer: OverviewInputConsumer, startingInActivityBounds : false
07-11 20:28:19.934  3044  3044 I TouchInteractionService: newConsumer, base : com.android.quickstep.inputconsumers.OverviewInputConsumer@7ba788b
07-11 20:28:19.934  1307  2294 D PowerManagerService: UserActivityStateListenerState: 1
07-11 20:28:19.935  3044  3044 I TwoFingerGestureInputConsumer: TwoFingerGestureInputConsumer
07-11 20:28:19.935  3044  3044 I TouchInteractionService: onInputEvent, inputConsumer = com.android.quickstep.inputconsumers.TwoFingerGestureInputConsumer@1a1dd68
07-11 20:28:19.936  2520  5150 V Navbar.Store: handleEvent(0) StartBottomGestureHintVI(hintId=0) [Module] 
07-11 20:28:19.936  2520  5150 V Navbar.Store: [Band]GESTURE_PACK_START_HINT_VI
07-11 20:28:19.936  2520  5150 V Navbar.Store: --apply(0) StartHintVI
07-11 20:28:19.936  3044  3044 I StatusBarController: onControllerInterceptTouchEvent return false by access finder
07-11 20:28:19.937  3044  3044 I HsTaskBooster: tick TASK_BOOST: 3044/800
07-11 20:28:19.938  1025  1086 E ANDR-PERF-UTIL: Failed to read /proc/sys/kernel/walt_low_latency_task_threshold
07-11 20:28:19.938  1025  1086 E ANDR-PERF-OPTSHANDLER: Failed to read /proc/sys/kernel/walt_low_latency_task_threshold
07-11 20:28:19.938  1025  1086 E ANDR-PERF-RESOURCEQS: Failed to apply optimization [3, 54]
07-11 20:28:19.942  1140  1179 I VSyncReactor: Current= 60, TransitioningTo= 60, hwcPeriod= 60, Distance= 0
07-11 20:28:19.946  1307  1634 I GestureDetector: obtain mCurrentMotionEventRaw. action: 2 id: 910475118
07-11 20:28:19.946  1307  1634 I GestureDetector: obtain mCurrentMotionEventRaw. action: 2 id: 910475118
07-11 20:28:19.959  3044  3044 W BaseDragLayer: findActiveController return false mTouchDispatchState = 15
07-11 20:28:19.960  3044  3044 I StatusBarController: onControllerInterceptTouchEvent return false by access finder
07-11 20:28:19.975  3044  3044 W BaseDragLayer: findActiveController return false mTouchDispatchState = 15
07-11 20:28:19.976  3044  3044 I StatusBarController: onControllerInterceptTouchEvent return false by access finder
07-11 20:28:19.979  1307  1634 D WindowManager: requestTransientBars: swipeTarget=Window{7a38cab u0 NavigationBar0}, controlTarget=Window{33af6b7 u0 com.sec.android.app.launcher/com.sec.android.app.launcher.activities.LauncherActivity}, canShowTransient=true, restorePositionTypes=0x3, from=com.android.server.wm.DisplayPolicy.-$$Nest$mrequestTransientBars:0 com.android.server.wm.DisplayPolicy$1.onSwipeFromBottom:608 
07-11 20:28:19.992  3044  3044 W BaseDragLayer: findActiveController return false mTouchDispatchState = 15
07-11 20:28:19.993  3044  3044 W SGestureHintAnimationHelper: onDragStart
07-11 20:28:19.993  3044  3044 I TaskUtils: minimizePopupWindows
07-11 20:28:19.994  3044  3044 I StateManager: createAnimationToNewWorkspaceInternal : Normal
07-11 20:28:19.994  3044  3044 I AppsTransitionController: setStateWithAnimation - toState : Normal
07-11 20:28:19.994  3044  3044 I HomeStateTransitionController: workspace child count: 2
07-11 20:28:19.994  3044  6331 I DvfsUtil: boostPageSwipe : takenTime = 1859817
07-11 20:28:19.994  3044  6331 I SemDvfsHyPerManager: acquire hyper - LAUNCHER_TOUCH/3044@1, type = -999
07-11 20:28:19.995  3044  3044 I PartialBlurUtils: finishExitingPageEdit
07-11 20:28:19.995  3044  3044 I PartialBlurUtils: finishExitingPageEdit
07-11 20:28:19.995  1012  1045 I HYPER-HAL: [RequestManager.cpp]acquire(): Acquired ID : 4637536  [3044 / 1]    HINT : LAUNCHER_TOUCH    list : [TIMEOUT / 10000] 
07-11 20:28:19.996  3044  3044 I CapturePreview: notifyCaptureIfNecessary
07-11 20:28:19.996  3044  3044 I CapturePreview: sendMessageForCapture
07-11 20:28:19.996  1012  1045 I HYPER-HAL: [ResourceManager.cpp]updateResource(): [CPUMinFreq] UpdateResource Request ID : 4637536    Value : 1305600
07-11 20:28:19.996  3044  3044 I SuggestedAppsAnimationCreator: createAnimator: show = false
07-11 20:28:19.996  3044  3044 I SuggestedAppsAnimationCreator: resetAnimatorProperty: return already toAlpha
07-11 20:28:19.996  3044  3044 I SuggestedAppsAnimationCreator: cancelAnimator
07-11 20:28:19.996  3044  3044 I FolderTransitionController: setStateWithAnimation : Normal
07-11 20:28:19.996  3044  3044 I FolderTransitionController: setFolderProperty : Normal,AllApps,Normal
07-11 20:28:19.996  3044  3044 I PageEditTransitionController: setStateWithAnimation - from : AllApps to : Normal
07-11 20:28:19.997  3044  3044 I StateManager: onAnimationStart state : Normal
07-11 20:28:19.997  3044  3044 I StateManager: onStateTransitionStart mState = Normal
07-11 20:28:19.998  1009  1689 D SensorsFlicker: Als_common::readEvents, enabled : 1, data : 0.000000, 0.000000, 0.000000, 0.000000, 0.000000, 50000.000000, 2048000.000000
07-11 20:28:20.002  3044  3044 I Launcher: onStateSetEnd for widget host, state : Normal
07-11 20:28:20.002  3044  3044 W LauncherAppWidgetHost: setShouldListenFlag, mFlags:15 flag:resume on:true isFront:false
07-11 20:28:20.002  3044  3044 I BaseActivity: addActivityFlags, flags : 64
07-11 20:28:20.002  3044  3044 I RecentsView: setOverviewStateEnabled false
07-11 20:28:20.002  3044  3044 I RecentsOrientedState: current RecentsOrientedState: [this=RecentsOrientedState@252119947 mOrientationHandler=PortraitPagedViewHandler@67531880 mDisplayRotation=0 mTouchRotation=0 mRecentsActivityRotation=0 mRecentsRotation=0 isRecentsActivityRotationAllowed=false mSystemRotation=false mStateId=37248 mFlags=291]
07-11 20:28:20.003  3044  3044 I WallpaperBlurController: dispatchTransactionSurface: mCurrentBlur = 91
07-11 20:28:20.003  3044  3044 I ScrimView: setCurrentFlatColor mProgress = 0.7119824, mCurrentFlatColor = 49000000
07-11 20:28:20.003  3044  3044 I BaseDragLayer: founded touch controller : com.android.launcher3.uioverrides.touchcontrollers.NoButtonNavbarToOverviewTouchController@5121f9c
07-11 20:28:20.010  3044  3044 W PageOverlayMover: isMoving : false
07-11 20:28:20.012  3044  3044 I WallpaperBlurController: dispatchTransactionSurface: mCurrentBlur = 86
07-11 20:28:20.012  3044  3044 I ScrimView: setCurrentFlatColor mProgress = 0.72797847, mCurrentFlatColor = 45000000
07-11 20:28:20.013  1307  5796 D InputDispatcher: Cancel for '33af6b7': input channel stole pointer stream, m=1
07-11 20:28:20.013  1307  5796 I InputDispatcher: Delivering touch to (3044): action: 0x3, f=0x0, d=0, '33af6b7', t=1 *(0.75)
07-11 20:28:20.013  1307  5796 D InputDispatcher: Cancel for '[Gestur': input channel stole pointer stream, m=1
07-11 20:28:20.013  1307  5796 D InputDispatcher: Cancel for '[Gestur': input channel stole pointer stream, m=1
07-11 20:28:20.013  1307  5796 D InputDispatcher: Cancel for 'fe9ea5 ': input channel stole pointer stream, m=1
07-11 20:28:20.013  1307  5796 I InputDispatcher: Channel [Gesture Monitor] swipe-up (server) is stealing touch from [33af6b7 com.sec.android.app.launcher/com.sec.android.app.launcher.activities.LauncherActivity (server), [Gesture Monitor] PalmMotion (server), [Gesture Monitor] edge-swipe (server), fe9ea5 com.android.systemui.ImageWallpaper (server)]
07-11 20:28:20.016 13310 13310 I SAMSUNGWALLET: [Hint_PayHintService] onReceive() action=android.intent.action.CLOSE_SYSTEM_DIALOGS
07-11 20:28:20.016  3044  3273 I SPayUpdater: updateSpayHandler, show = true, defaultPage = true
07-11 20:28:20.016  3044  3044 W PagedView: snapToPage (0), mStartTime = 12187988
07-11 20:28:20.017  3044  3044 W PagedView: mScroller.getCurrX() = 0, 12187997
07-11 20:28:20.017 13310 13310 I SAMSUNGWALLET: [Hint_PayHintService] onReceive() action=com.sec.android.app.launcher.intent.action.UPDATE_SPAY_HANDLER
07-11 20:28:20.017 13310 13310 I SAMSUNGWALLET: [Hint_PayHintService] home change, s home : true , default : true , gesture : true , s result : true , prev : false
07-11 20:28:20.017  3044  3044 W PagedView: Touch Pos - : D-(639, 12187913)-M-(638, 12187938)-M-(634, 12187955)-SS-M-(611, 12187971)-M-(592, 12187988)-C-(591, 12187996)-End
07-11 20:28:20.017  3044  6331 I DvfsUtil: releasePageSwipe : takenTime = 22
07-11 20:28:20.018  1012  1045 I HYPER-HAL: [ResourceManager.cpp]removeResource(): [CPUMinFreq] RemoveResource Request ID : 4637536
07-11 20:28:20.018  1012  1045 I HYPER-HAL: [RequestManager.cpp]releaseLocked(): Released ID : 4637536
07-11 20:28:20.019  3044  3082 I LauncherProvider: External provider call by package : com.samsung.android.spay  for method : get_rotation_state
07-11 20:28:20.019  3044  3082 I ExternalMethodFactory: get_rotation_state
07-11 20:28:20.020 13310 15501 I SAMSUNGWALLET: [Hint_PayHintService] mIsLauncherPortraitOnlyMode: true, mIsUserLock: false
07-11 20:28:20.021 13310 13310 I SAMSUNGWALLET: [Hint_PayHintService] Hint Status - already invisible, skip hide : Disable on home
07-11 20:28:20.025  1140  1140 D Layer   : [SEC_SF_EFFECTS] setBlurRegions ## {radius=91u, cornerRadii=[0.000000, 0.000000, 0.000000, 0.000000], alpha=1.000000, rect=[0, 0, 1080, 2400]
07-11 20:28:20.025  1140  1140 D SurfaceFlinger: GPIS:: requestGPIS
07-11 20:28:20.026  1140  3628 D NativeSemDvfsManager: acquire:: timeout = 2000 mIsAcquired = 1  mTagName : SurfaceFlinger 
07-11 20:28:20.026  1140  3628 E NativeCustomFrequencyManager: [NativeCFMS] BpCustomFrequencyManager::acquire()
07-11 20:28:20.026  3044  3044 I WallpaperBlurController: dispatchTransactionSurface: mCurrentBlur = 83
07-11 20:28:20.026  1012  1045 I HYPER-HAL: [RequestManager.cpp]acquire(): Acquired ID : 2291870  [1140 / 1000]    HINT : SF_GPU_MINLOCK    list : [TIMEOUT / 2000] 
07-11 20:28:20.027  3044  3044 I ScrimView: setCurrentFlatColor mProgress = 0.73877215, mCurrentFlatColor = 43000000
07-11 20:28:20.029  3044  3044 W PagedView: Scroll Pos : (0, 10820397)-(0, 10820542)-(0, 11952340)-(0, 11952397)-(0, 12059672)-(0, 12059717)-(7, 12187971)-(26, 12187988)-(0, 12187997)-End
07-11 20:28:20.031  2520  2520 D PopupUI.PopupUI: PopupUIReceiver.onReceive() action : android.intent.action.CLOSE_SYSTEM_DIALOGS
07-11 20:28:20.031  2520  2520 V ShadeControllerImpl: NotificationShadeWindow: com.android.systemui.statusbar.phone.NotificationShadeWindowView{5bfe396 I.E...... ......ID 0,0-1080,2400} canPanelBeCollapsed(): false
07-11 20:28:20.031  2520  2520 D LocationControllerImpl: onReceive() = android.intent.action.CLOSE_SYSTEM_DIALOGS
07-11 20:28:20.031  2520  2520 D SecQSLayoutDetail: action:android.intent.action.CLOSE_SYSTEM_DIALOGS
07-11 20:28:20.031  2520  2520 D QSMoreButton: action:android.intent.action.CLOSE_SYSTEM_DIALOGS
07-11 20:28:20.031  2520  2520 D QSButtonsContainer: action:android.intent.action.CLOSE_SYSTEM_DIALOGS
07-11 20:28:20.031  2520  2520 D #SAT_VolumeStarStore: dispatch [ACTION_DISMISS_REQUESTED with [STATE_NO_DISPATCH], currentAction={com.samsung.systemui.splugins.volume.VolumePanelAction@baeb7ce}, currentState={com.samsung.systemui.splugins.volume.VolumePanelState@cb936ef}
07-11 20:28:20.031  2520  2520 D #SAT_VolumeStarStore:   * New State : [STATE_NO_DISPATCH]
07-11 20:28:20.042  1140  1140 D Layer   : [SEC_SF_EFFECTS] setBlurRegions ## {radius=86u, cornerRadii=[0.000000, 0.000000, 0.000000, 0.000000], alpha=1.000000, rect=[0, 0, 1080, 2400]
07-11 20:28:20.044  3044  3044 I WallpaperBlurController: dispatchTransactionSurface: mCurrentBlur = 81
07-11 20:28:20.045  3044  3044 I ScrimView: setCurrentFlatColor mProgress = 0.7454584, mCurrentFlatColor = 41000000
07-11 20:28:20.058  1140  1140 D Layer   : [SEC_SF_EFFECTS] setBlurRegions ## {radius=83u, cornerRadii=[0.000000, 0.000000, 0.000000, 0.000000], alpha=1.000000, rect=[0, 0, 1080, 2400]
07-11 20:28:20.061  3044  3044 I WallpaperBlurController: dispatchTransactionSurface: mCurrentBlur = 80
07-11 20:28:20.062  3044  3044 I ScrimView: setCurrentFlatColor mProgress = 0.7487693, mCurrentFlatColor = 40000000
07-11 20:28:20.075  1140  1140 D Layer   : [SEC_SF_EFFECTS] setBlurRegions ## {radius=81u, cornerRadii=[0.000000, 0.000000, 0.000000, 0.000000], alpha=1.000000, rect=[0, 0, 1080, 2400]
07-11 20:28:20.076  3044  3044 I StateManager: Animation is canceled. mStateChanged is changed to False : Normal
07-11 20:28:20.077  3044  3044 I DecorView: notifyKeepScreenOnChanged: keepScreenOn=false
07-11 20:28:20.077  3044  3044 I StateManager: Animation is canceled. mStateChanged is changed to False : Normal
07-11 20:28:20.078  3044  3044 I SuggestedAppsAnimationCreator: setCancelListener: initHiddenAlpha
07-11 20:28:20.078  3044  3044 I SuggestedAppsAnimationCreator: initProperties: alpha = 0.0
07-11 20:28:20.078  3044  3044 I StateManager: End animation. mStateChanged is changed to False : Normal
07-11 20:28:20.079  3044  3044 I StateManager: goToState Overview delay : 0
07-11 20:28:20.079  3044  3044 I StateManager: goToStateAnimated mStateChanged is True
07-11 20:28:20.079  3044  3044 I StateManager: createAnimationToNewWorkspaceInternal : Overview
07-11 20:28:20.079  3044  3044 I AppsTransitionController: setStateWithAnimation - toState : Overview
07-11 20:28:20.080  3044  3044 I HomeStateTransitionController: workspace child count: 2
07-11 20:28:20.080  3044  3044 I PartialBlurUtils: finishExitingPageEdit
07-11 20:28:20.080  3044  3044 I PartialBlurUtils: finishExitingPageEdit
07-11 20:28:20.080  3044  3044 I StackedWidgetPagedView: clear StackedWidget Bg Blur
07-11 20:28:20.081  3044  3044 I SuggestedAppsManager: updateItems, filterHotseat : true
07-11 20:28:20.081  3044  3272 W SuggestedItemsFacade: Waiting start.
07-11 20:28:20.081  3044  3044 I RecentsView: Skip loading task enabled : false  changeId : -1
07-11 20:28:20.081  3044  3044 I FolderTransitionController: setStateWithAnimation : Overview
07-11 20:28:20.081  3044  3044 I FolderTransitionController: setFolderProperty : Overview,Normal,Normal
07-11 20:28:20.081  3044  3044 I PageEditTransitionController: setStateWithAnimation - from : Normal to : Overview
07-11 20:28:20.082  3044  3044 I StateManager: goToStateAnimated to Overview
07-11 20:28:20.082  3044  3044 I SuggestedAppsAnimationCreator: setCancelListener: initHiddenAlpha
07-11 20:28:20.082  3044  3044 I SuggestedAppsAnimationCreator: initProperties: alpha = 0.0
07-11 20:28:20.083  3044  3044 I LauncherRootView: handleSystemWindowInsets Rect(0, 78 - 0, 45)
07-11 20:28:20.084  3044  3044 I ViewRootImpl@7d76fce[LauncherActivity]: performTraversals params={(0,0)(fillxfill) sim={adjust=nothing} layoutInDisplayCutoutMode=shortEdges ty=BASE_APPLICATION fmt=TRANSPARENT wanim=0x10302f4
07-11 20:28:20.084  3044  3044 I ViewRootImpl@7d76fce[LauncherActivity]:   fl=81910100
07-11 20:28:20.084  3044  3044 I ViewRootImpl@7d76fce[LauncherActivity]:   pfl=1e020040
07-11 20:28:20.084  3044  3044 I ViewRootImpl@7d76fce[LauncherActivity]:   vsysui=1700
07-11 20:28:20.084  3044  3044 I ViewRootImpl@7d76fce[LauncherActivity]:   bhv=SHOW_TRANSIENT_BARS_BY_SWIPE
07-11 20:28:20.084  3044  3044 I ViewRootImpl@7d76fce[LauncherActivity]:   fitSides= naviIconColor=0}
07-11 20:28:20.084  1307  1369 D VibratorManagerService: vibrate - uid: 10129, opPkg: com.sec.android.app.launcher, effect: Mono{mEffect=Composed{segments=[SemHaptic{mType=50047}], repeat=-1, mMagnitudeType=TYPE_TOUCH}}, attrs: VibrationAttributes: Usage=TOUCH Audio Usage= USAGE_ASSISTANCE_SONIFICATION tags= Flags=0, reason: null, token: android.os.BinderProxy@622f73f
07-11 20:28:20.084  1307  1369 D VibratorManagerService: converted usage = TOUCH(18)
07-11 20:28:20.084  1307  1369 D VibratorManagerService: semIndexVibrate : EFFECT_CLICK_GESTURE(23), repeat: -1, usage: TOUCH(18), magnitude: 6000
07-11 20:28:20.084  1307  1369 D VibratorManagerService: Starting vibrate for vibration  499
07-11 20:28:20.084  3044  3044 I ViewRootImpl@7d76fce[LauncherActivity]: performTraversals mFirst=false windowShouldResize=false viewVisibilityChanged=false mForceNextWindowRelayout=false params={(0,0)(fillxfill) sim={adjust=nothing} layoutInDisplayCutoutMode=shortEdges ty=BASE_APPLICATION fmt=TRANSPARENT wanim=0x10302f4
07-11 20:28:20.084  3044  3044 I ViewRootImpl@7d76fce[LauncherActivity]:   fl=81910100
07-11 20:28:20.084  3044  3044 I ViewRootImpl@7d76fce[LauncherActivity]:   pfl=1e020040
07-11 20:28:20.084  3044  3044 I ViewRootImpl@7d76fce[LauncherActivity]:   vsysui=1700
07-11 20:28:20.084  3044  3044 I ViewRootImpl@7d76fce[LauncherActivity]:   bhv=SHOW_TRANSIENT_BARS_BY_SWIPE
07-11 20:28:20.084  3044  3044 I ViewRootImpl@7d76fce[LauncherActivity]:   fitSides= naviIconColor=0}
07-11 20:28:20.084  1307  6700 V WindowManager: Relayout Window{33af6b7 u0 com.sec.android.app.launcher/com.sec.android.app.launcher.activities.LauncherActivity}: viewVisibility=0 req=1080x2400 d0
07-11 20:28:20.086  1307  2246 D SemHapticStep: sepIndex=23, intensity=6000, repeat=false
07-11 20:28:20.086  1307  2246 D SemHapticStep: Turning on vibrator 0 for ms
07-11 20:28:20.086  1307  2246 I VibratorController: vibratorPerformPrebakedHapticPattern started
07-11 20:28:20.087  1307  1636 D PowerManagerService: [api] setScreenDimDurationOverrideFromWindowManagerInternal: timeoutMillis: -1
07-11 20:28:20.087   630  1675 I servicemanager: Could not find android.hardware.vibrator.IVibrator/default in the VINTF manifest.
07-11 20:28:20.087  1307  6700 V WindowManager: Relayout hash=33af6b7, pid=3044, syncId=-1: mAttrs={(0,0)(fillxfill) sim={adjust=nothing} layoutInDisplayCutoutMode=shortEdges ty=BASE_APPLICATION fmt=TRANSPARENT wanim=0x10302f4
07-11 20:28:20.087  1307  6700 V WindowManager:   fl=81910100
07-11 20:28:20.087  1307  6700 V WindowManager:   pfl=1e020040
07-11 20:28:20.087  1307  6700 V WindowManager:   vsysui=1700
07-11 20:28:20.087  1307  6700 V WindowManager:   bhv=SHOW_TRANSIENT_BARS_BY_SWIPE
07-11 20:28:20.087  1307  6700 V WindowManager:   fitSides= naviIconColor=0}
07-11 20:28:20.088  1080  1080 E SecVibrator-HAL2.2_A: sehPerformPrebakedHapticPattern pattern : 23, amplitude : 6000
07-11 20:28:20.088  1080  1080 E SecVibrator-HAL2.2_A: sehPerformPrebakedHapticPattern one shoot starts
07-11 20:28:20.088  1080  1080 E SecVibrator-HAL2.2_A: >> writeNode node:/timed_output/vibrator/intensity val:6000
07-11 20:28:20.090  3044  3044 I ViewRootImpl@7d76fce[LauncherActivity]: updateBlastSurfaceIfNeeded mBlastBufferQueue=0xb400007a2bd91710 isSameSurfaceControl=true
07-11 20:28:20.090  3044  3044 I BLASTBufferQueue: update, w= 1080 h= 2400 mName = ViewRootImpl@7d76fce[LauncherActivity] mNativeObject= 0xb400007a2bd91710 sc.mNativeObject= 0xb4000079bbe231d0 format= -2 caller= android.view.ViewRootImpl.updateBlastSurfaceIfNeeded:2898 android.view.ViewRootImpl.relayoutWindow:9847 android.view.ViewRootImpl.performTraversals:3884 android.view.ViewRootImpl.doTraversal:3116 android.view.ViewRootImpl$TraversalRunnable.run:10885 android.view.Choreographer$CallbackRecord.run:1301 
07-11 20:28:20.090  3044  3044 I ViewRootImpl@7d76fce[LauncherActivity]: Relayout returned: old=(0,0,1080,2400) new=(0,0,1080,2400) req=(1080,2400)0 dur=6 res=0x0 s={true 0xb400007abbe4e370} ch=false seqId=0
07-11 20:28:20.091  1140  1140 D Layer   : [SEC_SF_EFFECTS] setBlurRegions ## {radius=80u, cornerRadii=[0.000000, 0.000000, 0.000000, 0.000000], alpha=1.000000, rect=[0, 0, 1080, 2400]
07-11 20:28:20.091  1080  1080 E SecVibrator-HAL2.2_A: << writeNode node OK 5
07-11 20:28:20.091  1080  1080 E SecVibrator-HAL2.2_A: >> writeNode node:/timed_output/vibrator/cp_trigger_index val:23
07-11 20:28:20.092  1080  1080 E SecVibrator-HAL2.2_A: << writeNode node OK 3
07-11 20:28:20.092  1080  1080 E SecVibrator-HAL2.2_A: >> writeNode node:/timed_output/vibrator/enable val:1000
07-11 20:28:20.092  1080  1080 E SecVibrator-HAL2.2_A: << writeNode node OK 5
07-11 20:28:20.092  1080  1080 E SecVibrator-HAL2.2_A: sehPerformPrebakedHapticPattern one shoot end
07-11 20:28:20.093  1117  1117 I SSC_DAEMON: physical_sensor_test_req_msg Sensor type :0, Msg type:3
07-11 20:28:20.093  3044  3044 I StackedWidgetPagedView: removeBackgroundBlur()
07-11 20:28:20.094  3044  3273 I SPayUpdater: updateSpayHandler, show = false, defaultPage = false
07-11 20:28:20.095  3044  3044 I RecentsView: Skip loading task enabled : false  changeId : -1
07-11 20:28:20.095  3044  3044 I RecentsView: Skip loading task enabled : false  changeId : -1
07-11 20:28:20.095  3044  3044 I StateManager: onAnimationStart state : Overview
07-11 20:28:20.095  3044  3044 I StateManager: onStateTransitionStart mState = Overview
07-11 20:28:20.095  3044  3044 I Launcher: onStateSetEnd for widget host, state : Overview
07-11 20:28:20.095  3044  3044 W LauncherAppWidgetHost: setShouldListenFlag, mFlags:15 flag:resume on:false isFront:false
07-11 20:28:20.095  3044  3044 I BaseActivity: addActivityFlags, flags : 64
07-11 20:28:20.095  3044  3044 I RecentsView: setOverviewStateEnabled true
07-11 20:28:20.095  3044  3044 I RecentsOrientedStateCallbacksImpl: setRotationWatcherEnabled
07-11 20:28:20.095 13310 13310 I SAMSUNGWALLET: [Hint_PayHintService] onReceive() action=com.sec.android.app.launcher.intent.action.UPDATE_SPAY_HANDLER
07-11 20:28:20.095  3044  3044 I RecentsOrientedState: current RecentsOrientedState: [this=RecentsOrientedState@252119947 mOrientationHandler=PortraitPagedViewHandler@67531880 mDisplayRotation=0 mTouchRotation=0 mRecentsActivityRotation=0 mRecentsRotation=0 isRecentsActivityRotationAllowed=false mSystemRotation=false mStateId=37248 mFlags=355]
07-11 20:28:20.096 13310 13310 I SAMSUNGWALLET: [Hint_PayHintService] home change, s home : false , default : false , gesture : true , s result : false , prev : true
07-11 20:28:20.096 13310 13310 I SAMSUNGWALLET: [Hint_PayHintService] Hint Status - already invisible, skip hide : [4000000] - 4000000
07-11 20:28:20.096  3044  3044 I TaskUtils: minimizePopupWindows
07-11 20:28:20.097  3044  3271 I RecentTasksList: loadTasksInBackground : groupTask = GroupTask{task1=[id=44 windowingMode=1 user=0 lastActiveTime=15828448] null, task2=null, task3=null, mStagedSplitBounds=null}
07-11 20:28:20.097  1117  1940 I SSC_DAEMON: accel_motor_state_event: 1, 1
07-11 20:28:20.098  1117  1940 I SSC_DAEMON: LCE motor: 1
07-11 20:28:20.098  1117  1940 I SSC_DAEMON: SBOM motor: 1
07-11 20:28:20.099  3044  3044 I SuggestedItemsFacade: updateTaskList : 1
07-11 20:28:20.099  3044  3044 I ApplyLoadPlanOperationImpl: load [
07-11 20:28:20.099  3044  3044 I ApplyLoadPlanOperationImpl: taskId = 44, ComponentInfo{com.android.settings/com.android.settings.homepage.SettingsHomepageActivity} ]
07-11 20:28:20.099  3044  3044 I HsClearAllManager: alpha value: [1.0, 0.0, 1.0, 0.0, 1.0]
07-11 20:28:20.099  3044  3272 I SuggestedItemsFacade: filteredItem : com.sec.android.app.camera/com.sec.android.app.camera.Camera#0
07-11 20:28:20.099  3044  3272 I SuggestedItemsFacade: filteredItem : com.sec.android.gallery3d/com.samsung.android.gallery.app.activity.GalleryActivity#0
07-11 20:28:20.099  3044  3272 I SuggestedItemsFacade: item removed by filter - com.sec.android.gallery3d
07-11 20:28:20.099  3044  3272 I SuggestedItemsFacade: filteredItem : com.samsung.android.dialer/com.samsung.android.dialer.DialtactsActivity#0
07-11 20:28:20.099  3044  3272 I SuggestedItemsFacade: filteredItem : com.android.settings/com.android.settings.SubSettings#0
07-11 20:28:20.099  3044  3044 I SplitViewManager: alpha value: [1.0, 1.0, 1.0, 1.0, 1.0, 1.0, 1.0, 0.3]
07-11 20:28:20.099  3044  3044 I RecentsView: runOnPageScrollsInitialized() called with: callback = [com.android.launcher3.k5@9e41e40]
07-11 20:28:20.100  3044  3044 I RecentsView: pageScrollsInitialized: false
07-11 20:28:20.100  3044  3044 I RecentsViewCallbacksImpl: updateGridProperties
07-11 20:28:20.100  3044  3044 I RecentsView: resetTaskVisuals
07-11 20:28:20.100  3044  3044 I RecentsViewCallbacksImpl: onTaskStackUpdated
07-11 20:28:20.100  3044  3044 I HsClearAllManager: alpha value: [1.0, 0.0, 1.0, 1.0, 1.0]
07-11 20:28:20.101  3044  3044 I SplitViewManager: alpha value: [1.0, 1.0, 1.0, 1.0, 1.0, 1.0, 1.0, 1.0]
07-11 20:28:20.101  3044  3044 I RecentsView: applyLoadPlan taskGroups : 1
07-11 20:28:20.102  3044  3272 I SuggestedItemsFacade: filteredItem : com.samsung.android.appseparation/com.samsung.android.appseparation.view.launcher.LauncherActivity#0
07-11 20:28:20.102  3044  3272 I SuggestedItemsFacade: filteredItem : com.android.chrome/com.google.android.apps.chrome.Main#0
07-11 20:28:20.102  3044  3272 I SuggestedItemsFacade: item removed by filter - com.android.chrome
07-11 20:28:20.102  3044  3272 I SuggestedItemsFacade: bindItems() : 4/4, 4
07-11 20:28:20.102  3044  3272 I SuggestedItemsFacade: bindItem : WhatsApp,ComponentInfo{com.whatsapp/com.whatsapp.Main}
07-11 20:28:20.102  3044  3272 I SuggestedItemsFacade: bindItem : Instagram,ComponentInfo{com.instagram.android/com.instagram.android.activity.MainTabActivity}
07-11 20:28:20.102  3044  3272 I SuggestedItemsFacade: bindItem : Delcargo Scan,ComponentInfo{com.delcargo.app/com.delcargo.app.MainActivity}
07-11 20:28:20.102  3044  3272 I SuggestedItemsFacade: bindItem : Gaming Hub,ComponentInfo{com.samsung.android.game.gamehome/com.samsung.android.game.gamehome.app.MainActivity}
07-11 20:28:20.108  1140  1140 D Layer   : [SEC_SF_EFFECTS] setBlurRegions ## {radius=80u, cornerRadii=[0.000000, 0.000000, 0.000000, 0.000000], alpha=1.000000, rect=[0, 0, 1080, 2400]
07-11 20:28:20.108  3044 16362 I TaskIconCache: getCacheEntry: taskId = 44, icon null
07-11 20:28:20.109  3044  3044 I WallpaperBlurController: dispatchTransactionSurface: mCurrentBlur = 83
07-11 20:28:20.109  3044  3044 I ScrimView: setCurrentFlatColor mProgress = 0.74537665, mCurrentFlatColor = 41000000
07-11 20:28:20.110  3044  3044 I RecentsView: pageScrollsInitialized: true
07-11 20:28:20.110  3044  3044 I RecentsViewCallbacksImpl: computeMinScroll
07-11 20:28:20.112  3044  3044 I SuggestedAppsManager: updateItemsInternal animate : true, touchRotation = 0, needToUpdateItems = true, overview: true, mPrevRotationForUpdateItems = 0, mPrevRotation = 0
07-11 20:28:20.112  3044  3044 I SuggestedAppsViewImpl: calculate 246-270 layout : 1004
07-11 20:28:20.112  3044  3044 W SuggestedAppsViewImpl: setGridSize 4x1
07-11 20:28:20.112  3044  3044 W SuggestedAppsBinder: bindItems 4
07-11 20:28:20.113  3044  3044 I SuggestedAppsAnimationCreator: createAnimator: show = true
07-11 20:28:20.113  3044  3044 I SuggestedAppsAnimationCreator: initProperties: alpha = 0.0
07-11 20:28:20.113  3044  3044 I SuggestedAppsAnimationCreator: cancelAnimator
07-11 20:28:20.113  3044  3044 I TaskThumbnailCache: handleResult: taskId = 44, taskThumbnail = android.graphics.Bitmap@e0a2796
07-11 20:28:20.119  3044 16362 I AppIconSolution: start to load, pkg=com.android.settings, bg=384-384, dr=394-394, forDefault=false, density=0
07-11 20:28:20.119  3044 16362 I AppIconSolution: scale down, pkg=com.android.settings, dr=216-216, bg=384-384
07-11 20:28:20.119  3044 16362 I AppIconSolution: fromTheme, pkg=com.android.settings, bg=384-384, dr=216-216, relScale=1.7777778, Scale = 1.0, isNight = true
07-11 20:28:20.121  3044 16362 I LauncherActivityInfo: packageName: com.android.settings, useThemeIcon: true, height: 384, width: 384, density: 480
07-11 20:28:20.121  3044 16362 I GetBitmapInfoOperationImpl: getBitmapInfo: userId = [0], primaryColor = [-4087606 -> #C1A0CA], isInstantApp = [false], isSecureFolderApp = [false]
07-11 20:28:20.127  3044  3044 I WallpaperBlurController: dispatchTransactionSurface: mCurrentBlur = 87
07-11 20:28:20.127  3044  3044 I ScrimView: setCurrentFlatColor mProgress = 0.74177194, mCurrentFlatColor = 42000000
07-11 20:28:20.141  1140  1140 D Layer   : [SEC_SF_EFFECTS] setBlurRegions ## {radius=83u, cornerRadii=[0.000000, 0.000000, 0.000000, 0.000000], alpha=1.000000, rect=[0, 0, 1080, 2400]
07-11 20:28:20.144  3044  3044 I WallpaperBlurController: dispatchTransactionSurface: mCurrentBlur = 90
07-11 20:28:20.144  3044  3044 I ScrimView: setCurrentFlatColor mProgress = 0.7381673, mCurrentFlatColor = 43000000
07-11 20:28:20.145  3044  3044 I RecentsView: pageScrollsInitialized: true
07-11 20:28:20.145  3044  3044 I RecentsViewCallbacksImpl: computeMinScroll
07-11 20:28:20.158  1140  1140 D Layer   : [SEC_SF_EFFECTS] setBlurRegions ## {radius=87u, cornerRadii=[0.000000, 0.000000, 0.000000, 0.000000], alpha=1.000000, rect=[0, 0, 1080, 2400]
07-11 20:28:20.159  3044  3044 I WallpaperBlurController: dispatchTransactionSurface: mCurrentBlur = 92
07-11 20:28:20.160  3044  3044 I ScrimView: setCurrentFlatColor mProgress = 0.7347746, mCurrentFlatColor = 44000000
07-11 20:28:20.160  1307  2295 D InputReader: Btn_touch(4): value=0 when=12188.140500
07-11 20:28:20.160  1307  2295 I InputReader: Touch event's action is 0x1 (id=7, t=0) [pCnt=1, s=] when=12188.140500
07-11 20:28:20.163  3044  3044 W SGestureHintAnimationHelper: onDragEnd
07-11 20:28:20.163  1307  1307 D SGM:GameManager: identifyGamePackage. com.sec.android.app.launcher, mCurrentUserId: 0, callerUserId: 0, callingMethodInfo: com.android.server.ssrm.fgapps.GameAppUtils.isGame(GameAppUtils.java:84)
07-11 20:28:20.163  2520  2609 V Navbar.Store: handleEvent(0) ResetBottomGestureHintVI(noArguments=true) [Module] 
07-11 20:28:20.163  2520  2609 V Navbar.Store: [Band]GESTURE_PACK_RESET_HINT_VI
07-11 20:28:20.163  1307  1307 D SGM:PkgDataHelper: getGamePkgData(). com.sec.android.app.launcher
07-11 20:28:20.163  2520  2609 V Navbar.Store: --apply(0) ResetHintVI
07-11 20:28:20.163  1307  1307 I SemDvfsHyPerManager: acquire hyper - GESTURE_DETECTED/1307@24, type = -999
07-11 20:28:20.163  1012  1045 I HYPER-HAL: [RequestManager.cpp]acquire(): Acquired ID : 886470  [1307 / 24]    HINT : GESTURE_DETECTED    list : [TIMEOUT / 504] 
07-11 20:28:20.164  3044  3044 W BaseDragLayer: proxyTouchEvent, action = 1, mTouchDispatchState = 0, allowViewDispatch = false, handled = true
07-11 20:28:20.164  3044  3044 I TouchInteractionService: reset
07-11 20:28:20.164  2520  2609 V Navbar.Store: handleEvent(0) ResetBottomGestureHintVI(noArguments=true) [Module] 
07-11 20:28:20.164  2520  2609 V Navbar.Store: [Band]GESTURE_PACK_RESET_HINT_VI
07-11 20:28:20.164  2520  2609 V Navbar.Store: --apply(0) ResetHintVI
07-11 20:28:20.164  1307  1307 D SGM:GameManager: identifyGamePackage. com.sec.android.app.launcher, mCurrentUserId: 0, callerUserId: 0, callingMethodInfo: com.android.server.ssrm.fgapps.GameAppUtils.isGame(GameAppUtils.java:84)
07-11 20:28:20.164  1307  1307 D SGM:PkgDataHelper: getGamePkgData(). com.sec.android.app.launcher
07-11 20:28:20.164  1307  1307 I SemDvfsHyPerManager: acquire hyper - GESTURE_DETECTED/1307@24, type = -999
07-11 20:28:20.165  1012  1045 I HYPER-HAL: [ResourceManager.cpp]updateResource(): [CPUMinFreq] UpdateResource Request ID : 886470    Value : 1075200
07-11 20:28:20.165  1012  1045 I HYPER-HAL: [RequestManager.cpp]acquire(): Acquired ID : 886470  [1307 / 24]    HINT : GESTURE_DETECTED    list : [TIMEOUT / 504] 
07-11 20:28:20.165  1012  1045 I HYPER-HAL: [ResourceManager.cpp]updateResource(): [CPUMinFreq] UpdateResource Request ID : 886470    Value : 1075200
07-11 20:28:20.174  1140  1140 D Layer   : [SEC_SF_EFFECTS] setBlurRegions ## {radius=90u, cornerRadii=[0.000000, 0.000000, 0.000000, 0.000000], alpha=1.000000, rect=[0, 0, 1080, 2400]
07-11 20:28:20.175  3044  3044 I WallpaperBlurController: dispatchTransactionSurface: mCurrentBlur = 94
07-11 20:28:20.175  3044  3044 I ScrimView: setCurrentFlatColor mProgress = 0.73116994, mCurrentFlatColor = 45000000
07-11 20:28:20.184  3044  3079 W System  : A resource failed to call ContentProviderClient.close. 
07-11 20:28:20.191  1140  1140 D Layer   : [SEC_SF_EFFECTS] setBlurRegions ## {radius=92u, cornerRadii=[0.000000, 0.000000, 0.000000, 0.000000], alpha=1.000000, rect=[0, 0, 1080, 2400]
07-11 20:28:20.192  3044  3044 I WallpaperBlurController: dispatchTransactionSurface: mCurrentBlur = 95
07-11 20:28:20.192  3044  3044 I ScrimView: setCurrentFlatColor mProgress = 0.7275652, mCurrentFlatColor = 45000000
07-11 20:28:20.207  1140  1140 D Layer   : [SEC_SF_EFFECTS] setBlurRegions ## {radius=94u, cornerRadii=[0.000000, 0.000000, 0.000000, 0.000000], alpha=1.000000, rect=[0, 0, 1080, 2400]
07-11 20:28:20.208  3044  3044 I WallpaperBlurController: dispatchTransactionSurface: mCurrentBlur = 96
07-11 20:28:20.208  3044  3044 I ScrimView: setCurrentFlatColor mProgress = 0.7241726, mCurrentFlatColor = 46000000
07-11 20:28:20.225  1140  1140 D Layer   : [SEC_SF_EFFECTS] setBlurRegions ## {radius=95u, cornerRadii=[0.000000, 0.000000, 0.000000, 0.000000], alpha=1.000000, rect=[0, 0, 1080, 2400]
07-11 20:28:20.225  3044  3044 I ScrimView: setCurrentFlatColor mProgress = 0.7205679, mCurrentFlatColor = 47000000
07-11 20:28:20.241  1140  1140 D Layer   : [SEC_SF_EFFECTS] setBlurRegions ## {radius=96u, cornerRadii=[0.000000, 0.000000, 0.000000, 0.000000], alpha=1.000000, rect=[0, 0, 1080, 2400]
07-11 20:28:20.243  3044  3044 I ScrimView: setCurrentFlatColor mProgress = 0.71717525, mCurrentFlatColor = 48000000
07-11 20:28:20.258  1140  1140 D Layer   : [SEC_SF_EFFECTS] setBlurRegions ## {radius=96u, cornerRadii=[0.000000, 0.000000, 0.000000, 0.000000], alpha=1.000000, rect=[0, 0, 1080, 2400]
07-11 20:28:20.262  3044  3044 I ScrimView: setCurrentFlatColor mProgress = 0.7135706, mCurrentFlatColor = 49000000
07-11 20:28:20.277  3044  3044 I ScrimView: setCurrentFlatColor mProgress = 0.7099659, mCurrentFlatColor = 4a000000
07-11 20:28:20.295  3044  3044 I ScrimView: setCurrentFlatColor mProgress = 0.70657325, mCurrentFlatColor = 4b000000
07-11 20:28:20.309  3044  3044 I ScrimView: setCurrentFlatColor mProgress = 0.70296854, mCurrentFlatColor = 4c000000
07-11 20:28:20.329  3044  3273 I LiveIconUpdateEventHandler: cancelDateChangeAlarm
07-11 20:28:20.330  3044  3044 I SearchBarManager: alpha value: [1.0, 1.0, 1.0, 1.0, 1.0]
07-11 20:28:20.330  3044  3044 I HsClearAllManager: alpha value: [1.0, 1.0, 1.0, 1.0, 1.0]
07-11 20:28:20.330  3044  3044 I FgsManager: alpha value: [1.0, 1.0, 1.0, 1.0, 1.0]
07-11 20:28:20.330  3044  3044 I ScrimView: setCurrentFlatColor mProgress = 0.7, mCurrentFlatColor = 4d000000
07-11 20:28:20.330  3044  3273 I LiveIconUpdateEventHandler: cancelMinuteChangeAlarm
07-11 20:28:20.330  3044  3044 I StateManager: onAnimationSuccess state : Overview
07-11 20:28:20.330  3044  3044 I StateManager: onStateTransitionEnd mState : Overview
07-11 20:28:20.330  3044  3044 I BaseActivity: removeActivityFlags, flags : 64
07-11 20:28:20.330  3044  3044 I HandOffManager: updateButtonVisibility, idx = 1
07-11 20:28:20.331  3044  3044 I HandOffManager: isOverviewState = true
07-11 20:28:20.331  3044  3044 I HandOffManager: needAnimateButton: idx = 1, isEnabled = true, needAnimate = true
07-11 20:28:20.331  3044  3044 I HandOffManager: animateButton, show = true, idx = 1
07-11 20:28:20.331  3044  3044 I HandOffManager: isOverviewState = true
07-11 20:28:20.331  3044  3044 I StateManager: goToStateAnimated mStateChanged is false
07-11 20:28:20.331  3044  3044 I StateManager: End animation. mStateChanged is changed to False : Overview
07-11 20:28:20.331  3044  3044 W PortraitStatesTouchCtrl: onSwipeInteractionCompleted, targetState = Overview
07-11 20:28:20.332  3044  9064 I EventInserter: showedHandoffApp
07-11 20:28:20.332  3044  9064 I EventInserter: sendLoggingOfHandoffApp
07-11 20:28:20.336  7294  7294 I [MCF_SALOG]: onReceive - ignored event, 11111101
07-11 20:28:20.339  3044  3273 I SPayUpdater: updateSpayHandler, show = false, defaultPage = false
07-11 20:28:20.339 13310 13310 I SAMSUNGWALLET: [Hint_PayHintService] onReceive() action=com.sec.android.app.launcher.intent.action.UPDATE_SPAY_HANDLER
07-11 20:28:20.339 13310 13310 I SAMSUNGWALLET: [Hint_PayHintService] home change, s home : false , default : false , gesture : true , s result : false , prev : false
07-11 20:28:20.442  3044  3044 I SuggestedAppsManager: alpha value: [1.0, 1.0, 1.0, 1.0, 1.0]
07-11 20:28:20.453  1009  1689 D SensorsFlicker: Als_common::readEvents, enabled : 1, data : 0.000000, 0.000000, 0.000000, 0.000000, 0.000000, 50000.000000, 2048000.000000
07-11 20:28:20.532  1009   991 I sensors-hal: handle_sns_client_event:541, [0][14900] accel_sample [-1.240,  1.879,  9.625] 15957630822094
07-11 20:28:20.606  3044  3044 I HandOffManager: alpha value: [1.0, 1.0, 1.0, 1.0, 1.0, 0.0, 1.0]
07-11 20:28:20.669  1307 10898 D SemWifiUsabilityStatsMonitor: onWifiUsabilityStats - seqNum 3627, isSameBssidAndFreq true
07-11 20:28:20.669  1307  2402 I SemWifiLinkQualityMonitor: Link Qos Query: 0.212 ms / 37.809 Mbps (51 / 0.012 / 1.250)
07-11 20:28:20.670  1012  4669 I HYPER-HAL: [ResourceManager.cpp]removeResource(): [CPUMinFreq] RemoveResource Request ID : 886470
07-11 20:28:20.671  1012  4669 I HYPER-HAL: [RequestManager.cpp]releaseLocked(): Released ID : 886470
07-11 20:28:20.673  1140  1140 D SurfaceFlinger: GPIS:: requestGPIS
07-11 20:28:20.896  1009  1689 D SensorsFlicker: Als_common::readEvents, enabled : 1, data : -1.000000, 0.000000, 0.000000, 0.000000, 0.000000, 50000.000000, 2048000.000000
07-11 20:28:21.320  1009  1689 D SensorsFlicker: Als_common::readEvents, enabled : 1, data : 0.000000, 0.000000, 0.000000, 0.000000, 0.000000, 50000.000000, 2048000.000000
07-11 20:28:21.358  1009 10943 I sensors-hal: handle_sns_client_event:234, auto_rotation_event_2 event,0, duration,1644, ts,15958748633553, ts_diff,3067861
07-11 20:28:21.358  1009 10943 I sensors-hal: handle_sns_client_event:237, auto_rotation_debug_2 acc,-2.487,2.272,9.438, ar,0, ver,10
07-11 20:28:21.358  1307  2295 D InputReader: Btn_touch(4): value=1 when=12189.336969
07-11 20:28:21.359  1307  2295 I InputReader: Touch event's action is 0x0 (id=7, t=0) [pCnt=1, s=0.3248 ] when=12189.336969
07-11 20:28:21.360  1307  1634 I WindowOrientationListener: OrientationSensorJudge.onSensorChanged, Rotation: 0
07-11 20:28:21.360  2520  2520 D AppController: AppControlSensorListener.onSensorChanged, Rotation: 0
07-11 20:28:21.360  1307  2294 I InputDispatcher: Delivering touch to (2520): action: 0x4, f=0x0, d=0, '7a38cab', t=1 
07-11 20:28:21.361  1307  2294 I InputDispatcher: Delivering touch to (3044): action: 0x0, f=0x0, d=0, '33af6b7', t=1 *(0.75)
07-11 20:28:21.361  1307  2294 D PowerManagerService: [api] userActivityFromNative :  (event: 2 flags: 0 displayId: 0) eventTime = 12189336
07-11 20:28:21.361  1307  1634 V WindowManager: rotationForOrientation(orient=SCREEN_ORIENTATION_NOSENSOR (5), last=ROTATION_0 (0)); user=ROTATION_0 (0) USER_ROTATION_LOCKED
07-11 20:28:21.362  1307  1634 D WindowManager: rotationForOrientation, orientationSource=ActivityRecord{a2d9e42 u0 com.sec.android.app.launcher/.activities.LauncherActivity} t7}
07-11 20:28:21.362  1307  1634 V WindowManager: Computed rotation=ROTATION_0 (0) for display id=0 based on lastOrientation=SCREEN_ORIENTATION_NOSENSOR (5) and oldRotation=ROTATION_0 (0), caller=com.android.server.wm.DisplayContent.updateRotationUnchecked:2410 com.android.server.wm.WindowManagerService.updateRotationUnchecked:4778 com.android.server.wm.WindowManagerService.updateRotation:4759 com.android.server.wm.DisplayRotation$OrientationListener.onProposedRotationChanged:1861 com.android.server.wm.WindowOrientationListener$OrientationSensorJudge.finalizeRotation:1407 com.android.server.wm.WindowOrientationListener$OrientationSensorJudge.onSensorChanged:1330 
07-11 20:28:21.362  3044  3044 I ViewRootImpl@7d76fce[LauncherActivity]: ViewPostIme pointer 0
07-11 20:28:21.362  3044  3044 W BaseDragLayer: dispatchTouchEvent, ACTION_DOWN - mTouchDispatchState = 9
07-11 20:28:21.362  3044  3044 W BaseDragLayer: findActiveController return false mTouchDispatchState = 9
07-11 20:28:21.365  1307  1634 I GestureDetector: obtain mCurrentDownEvent. id: 137457784 caller: com.android.server.wm.SystemGesturesPointerEventListener.onPointerEvent:203 com.android.server.wm.PointerEventDispatcher.onInputEvent:53 android.view.InputEventReceiver.dispatchInputEvent:285 
07-11 20:28:21.365  1307  1634 I GestureDetector: obtain mCurrentDownEvent. id: 137457784 caller: com.android.server.wm.SystemPerformancePointerEventListener.onPointerEvent:89 com.android.server.wm.PointerEventDispatcher.onInputEvent:53 android.view.InputEventReceiver.dispatchInputEvent:285 
07-11 20:28:21.366  1307  1634 I GestureDetector: obtain mCurrentMotionEventRaw. action: 2 id: 267320605
07-11 20:28:21.366  1307  1634 I GestureDetector: obtain mCurrentMotionEventRaw. action: 2 id: 267320605
07-11 20:28:21.366  3044  3044 W AppStartUtils: sendActiveLaunchBroadcast() id : -1
07-11 20:28:21.368  1307  2497 I Pageboost: start alp : com.whatsapp
07-11 20:28:21.368  1307  2497 D ActivityTaskManager: Checking for the Active launch isPkgEverLaunched :true, isPkgStopped : false, isDataCleared :false, isAutoRunBlocked : false
07-11 20:28:21.368  3044  3044 I TouchInteractionService: onInputEvent, inputConsumer = com.android.quickstep.l2@765dc64
07-11 20:28:21.368  1307  2497 W ContextImpl: Calling a method in the system process without a qualified user: android.app.ContextImpl.startActivity:1127 com.android.server.wm.ActivityTaskManagerService$ActiveLaunchReceiver.onReceive:1339 android.app.LoadedApk$ReceiverDispatcher$Args.lambda$getRunnable$0$android-app-LoadedApk$ReceiverDispatcher$Args:1919 android.app.LoadedApk$ReceiverDispatcher$Args$$ExternalSyntheticLambda0.run:2 android.os.Handler.handleCallback:942 
07-11 20:28:21.369  1307  2497 D ActivityTaskManager: startActivityAsUser: callingPid=1307, callingUid=1000, caller=com.android.server.wm.ActivityTaskManagerService.startActivityAsUser:1816 com.android.server.wm.ActivityTaskManagerService.startActivity:1767 android.app.Instrumentation.execStartActivity:1801 android.app.ContextImpl.startActivity:1145 com.android.server.wm.ActivityTaskManagerService$ActiveLaunchReceiver.onReceive:1339 android.app.LoadedApk$ReceiverDispatcher$Args.lambda$getRunnable$0$android-app-LoadedApk$ReceiverDispatcher$Args:1919 android.app.LoadedApk$ReceiverDispatcher$Args$$ExternalSyntheticLambda0.run:2 
07-11 20:28:21.369  1307  2497 D ActivityTaskManager: SafeActivityOptions created, mOriginalCallingPid=1307, mOriginalCallingUid=1000, options=ActivityOptions(2354340), mPackageName=null, mAnimationType=-1, mStartX=0, mStartY=0, mWidth=0, mHeight=0, caller=com.android.server.wm.SafeActivityOptions.fromBundle:82 com.android.server.wm.ActivityStarter.setActivityOptions:4708 com.android.server.wm.ActivityTaskManagerService.startActivityAsUser:1941 com.android.server.wm.ActivityTaskManagerService.startActivityAsUser:1816 com.android.server.wm.ActivityTaskManagerService.startActivity:1767 android.app.Instrumentation.execStartActivity:1801 android.app.ContextImpl.startActivity:1145 
07-11 20:28:21.369  1307  2501 I Pageboost: alp for : com.whatsapp , 1
07-11 20:28:21.370  3760  4670 E pageboostd: alp start : app comwhatsapp
07-11 20:28:21.370  1307  1636 I ChimeraSystemEventListener: appLaunchIntent package name is: com.whatsapp
07-11 20:28:21.370  1307  2497 D FreecessController: UFZ : com.whatsapp(1822)
07-11 20:28:21.372  1307  3703 W LocationManagerService: onFreezeStateChanged, uid[10329]=false
07-11 20:28:21.373  1307  2497 D FreecessController: UFZ : com.whatsapp(0), reason: activity
07-11 20:28:21.373  1307  2497 D BaseRestrictionMgr: Package: com.whatsapp, userid: 0, hostingType: activity is allowed by freecess, caller is: android
07-11 20:28:21.374  1307  2497 D ActivityTaskManager: request preloading for newly launching app
07-11 20:28:21.374  1822  1913 E msys    : E[N WA]_WAJMNSStreamImplOnMNSFailure(287)=>[LogLevel:I] WAJMNSStream/impl/callback/onMNSFailure/p=0xb4000079abe0dc30 (error=SO_ERROR: Software caused connection abort)
07-11 20:28:21.374  1307  2497 E ActivityTaskManager: TouchDown intent received, starting ActiveLaunch
